[1.150s] Invoking command in '/home/q/Algorithm_research/VFH_ws/src/mower_vfh': PYTHONPATH=/home/q/Algorithm_research/VFH_ws/build/mower_vfh/prefix_override:/usr/lib/python3/dist-packages/colcon_core/task/python/colcon_distutils_commands:/home/q/Algorithm_research/VFH_ws/install/mower_vfh/lib/python3.10/site-packages:${PYTHONPATH} /usr/bin/python3 -W ignore:setup.py install is deprecated -W ignore:easy_install command is deprecated setup.py egg_info --egg-base ../../build/mower_vfh build --build-base /home/q/Algorithm_research/VFH_ws/build/mower_vfh/build install --record /home/q/Algorithm_research/VFH_ws/build/mower_vfh/install.log --single-version-externally-managed install_data
[1.384s] running egg_info
[1.384s] writing ../../build/mower_vfh/mower_vfh.egg-info/PKG-INFO
[1.384s] writing dependency_links to ../../build/mower_vfh/mower_vfh.egg-info/dependency_links.txt
[1.384s] writing entry points to ../../build/mower_vfh/mower_vfh.egg-info/entry_points.txt
[1.384s] writing requirements to ../../build/mower_vfh/mower_vfh.egg-info/requires.txt
[1.384s] writing top-level names to ../../build/mower_vfh/mower_vfh.egg-info/top_level.txt
[1.386s] reading manifest file '../../build/mower_vfh/mower_vfh.egg-info/SOURCES.txt'
[1.386s] writing manifest file '../../build/mower_vfh/mower_vfh.egg-info/SOURCES.txt'
[1.386s] running build
[1.386s] running build_py
[1.386s] copying mower_vfh/depth_vfh_controller.py -> /home/q/Algorithm_research/VFH_ws/build/mower_vfh/build/lib/mower_vfh
[1.387s] running install
[1.387s] running install_lib
[1.388s] copying /home/q/Algorithm_research/VFH_ws/build/mower_vfh/build/lib/mower_vfh/depth_vfh_controller.py -> /home/q/Algorithm_research/VFH_ws/install/mower_vfh/lib/python3.10/site-packages/mower_vfh
[1.391s] byte-compiling /home/q/Algorithm_research/VFH_ws/install/mower_vfh/lib/python3.10/site-packages/mower_vfh/depth_vfh_controller.py to depth_vfh_controller.cpython-310.pyc
[1.397s] running install_data
[1.397s] running install_egg_info
[1.400s] removing '/home/q/Algorithm_research/VFH_ws/install/mower_vfh/lib/python3.10/site-packages/mower_vfh-0.0.1-py3.10.egg-info' (and everything under it)
[1.400s] Copying ../../build/mower_vfh/mower_vfh.egg-info to /home/q/Algorithm_research/VFH_ws/install/mower_vfh/lib/python3.10/site-packages/mower_vfh-0.0.1-py3.10.egg-info
[1.402s] running install_scripts
[1.420s] Installing depth_vfh_controller script to /home/q/Algorithm_research/VFH_ws/install/mower_vfh/lib/mower_vfh
[1.420s] writing list of installed files to '/home/q/Algorithm_research/VFH_ws/build/mower_vfh/install.log'
[1.434s] Invoked command in '/home/q/Algorithm_research/VFH_ws/src/mower_vfh' returned '0': PYTHONPATH=/home/q/Algorithm_research/VFH_ws/build/mower_vfh/prefix_override:/usr/lib/python3/dist-packages/colcon_core/task/python/colcon_distutils_commands:/home/q/Algorithm_research/VFH_ws/install/mower_vfh/lib/python3.10/site-packages:${PYTHONPATH} /usr/bin/python3 -W ignore:setup.py install is deprecated -W ignore:easy_install command is deprecated setup.py egg_info --egg-base ../../build/mower_vfh build --build-base /home/q/Algorithm_research/VFH_ws/build/mower_vfh/build install --record /home/q/Algorithm_research/VFH_ws/build/mower_vfh/install.log --single-version-externally-managed install_data
