running egg_info
creating ../../build/mower_vfh_lidar/mower_vfh_lidar.egg-info
writing ../../build/mower_vfh_lidar/mower_vfh_lidar.egg-info/PKG-INFO
writing dependency_links to ../../build/mower_vfh_lidar/mower_vfh_lidar.egg-info/dependency_links.txt
writing entry points to ../../build/mower_vfh_lidar/mower_vfh_lidar.egg-info/entry_points.txt
writing requirements to ../../build/mower_vfh_lidar/mower_vfh_lidar.egg-info/requires.txt
writing top-level names to ../../build/mower_vfh_lidar/mower_vfh_lidar.egg-info/top_level.txt
writing manifest file '../../build/mower_vfh_lidar/mower_vfh_lidar.egg-info/SOURCES.txt'
reading manifest file '../../build/mower_vfh_lidar/mower_vfh_lidar.egg-info/SOURCES.txt'
writing manifest file '../../build/mower_vfh_lidar/mower_vfh_lidar.egg-info/SOURCES.txt'
running build
running build_py
creating /home/q/Algorithm_research/VFH_ws/build/mower_vfh_lidar/build
creating /home/q/Algorithm_research/VFH_ws/build/mower_vfh_lidar/build/lib
creating /home/q/Algorithm_research/VFH_ws/build/mower_vfh_lidar/build/lib/mower_vfh_lidar
copying mower_vfh_lidar/__init__.py -> /home/q/Algorithm_research/VFH_ws/build/mower_vfh_lidar/build/lib/mower_vfh_lidar
copying mower_vfh_lidar/lidar_vfh_controller.py -> /home/q/Algorithm_research/VFH_ws/build/mower_vfh_lidar/build/lib/mower_vfh_lidar
running install
running install_lib
creating /home/q/Algorithm_research/VFH_ws/install/mower_vfh_lidar/lib/python3.10/site-packages/mower_vfh_lidar
copying /home/q/Algorithm_research/VFH_ws/build/mower_vfh_lidar/build/lib/mower_vfh_lidar/__init__.py -> /home/q/Algorithm_research/VFH_ws/install/mower_vfh_lidar/lib/python3.10/site-packages/mower_vfh_lidar
copying /home/q/Algorithm_research/VFH_ws/build/mower_vfh_lidar/build/lib/mower_vfh_lidar/lidar_vfh_controller.py -> /home/q/Algorithm_research/VFH_ws/install/mower_vfh_lidar/lib/python3.10/site-packages/mower_vfh_lidar
byte-compiling /home/q/Algorithm_research/VFH_ws/install/mower_vfh_lidar/lib/python3.10/site-packages/mower_vfh_lidar/__init__.py to __init__.cpython-310.pyc
byte-compiling /home/q/Algorithm_research/VFH_ws/install/mower_vfh_lidar/lib/python3.10/site-packages/mower_vfh_lidar/lidar_vfh_controller.py to lidar_vfh_controller.cpython-310.pyc
running install_data
creating /home/q/Algorithm_research/VFH_ws/install/mower_vfh_lidar/share/ament_index
creating /home/q/Algorithm_research/VFH_ws/install/mower_vfh_lidar/share/ament_index/resource_index
creating /home/q/Algorithm_research/VFH_ws/install/mower_vfh_lidar/share/ament_index/resource_index/packages
copying resource/mower_vfh_lidar -> /home/q/Algorithm_research/VFH_ws/install/mower_vfh_lidar/share/ament_index/resource_index/packages
copying package.xml -> /home/q/Algorithm_research/VFH_ws/install/mower_vfh_lidar/share/mower_vfh_lidar
creating /home/q/Algorithm_research/VFH_ws/install/mower_vfh_lidar/share/mower_vfh_lidar/launch
copying launch/lidar_vfh_gazebo.launch.py -> /home/q/Algorithm_research/VFH_ws/install/mower_vfh_lidar/share/mower_vfh_lidar/launch
running install_egg_info
Copying ../../build/mower_vfh_lidar/mower_vfh_lidar.egg-info to /home/q/Algorithm_research/VFH_ws/install/mower_vfh_lidar/lib/python3.10/site-packages/mower_vfh_lidar-0.0.1-py3.10.egg-info
running install_scripts
Installing lidar_vfh_controller script to /home/q/Algorithm_research/VFH_ws/install/mower_vfh_lidar/lib/mower_vfh_lidar
writing list of installed files to '/home/q/Algorithm_research/VFH_ws/build/mower_vfh_lidar/install.log'
