[0.749s] Invoking command in '/home/q/Algorithm_research/VFH_ws/src/mower_vfh_lidar': AMENT_PREFIX_PATH=/home/q/Algorithm_research/VFH_ws/install/mower_description:${AMENT_PREFIX_PATH} CMAKE_PREFIX_PATH=/home/q/Algorithm_research/VFH_ws/install/mower_description:${CMAKE_PREFIX_PATH} PYTHONPATH=/home/q/Algorithm_research/VFH_ws/build/mower_vfh_lidar/prefix_override:/usr/lib/python3/dist-packages/colcon_core/task/python/colcon_distutils_commands:/home/q/Algorithm_research/VFH_ws/install/mower_vfh_lidar/lib/python3.10/site-packages:${PYTHONPATH} /usr/bin/python3 -W ignore:setup.py install is deprecated -W ignore:easy_install command is deprecated setup.py egg_info --egg-base ../../build/mower_vfh_lidar build --build-base /home/q/Algorithm_research/VFH_ws/build/mower_vfh_lidar/build install --record /home/q/Algorithm_research/VFH_ws/build/mower_vfh_lidar/install.log --single-version-externally-managed install_data
[0.970s] running egg_info
[0.970s] creating ../../build/mower_vfh_lidar/mower_vfh_lidar.egg-info
[0.970s] writing ../../build/mower_vfh_lidar/mower_vfh_lidar.egg-info/PKG-INFO
[0.970s] writing dependency_links to ../../build/mower_vfh_lidar/mower_vfh_lidar.egg-info/dependency_links.txt
[0.971s] writing entry points to ../../build/mower_vfh_lidar/mower_vfh_lidar.egg-info/entry_points.txt
[0.971s] writing requirements to ../../build/mower_vfh_lidar/mower_vfh_lidar.egg-info/requires.txt
[0.971s] writing top-level names to ../../build/mower_vfh_lidar/mower_vfh_lidar.egg-info/top_level.txt
[0.971s] writing manifest file '../../build/mower_vfh_lidar/mower_vfh_lidar.egg-info/SOURCES.txt'
[0.972s] reading manifest file '../../build/mower_vfh_lidar/mower_vfh_lidar.egg-info/SOURCES.txt'
[0.972s] writing manifest file '../../build/mower_vfh_lidar/mower_vfh_lidar.egg-info/SOURCES.txt'
[0.973s] running build
[0.973s] running build_py
[0.973s] creating /home/q/Algorithm_research/VFH_ws/build/mower_vfh_lidar/build
[0.973s] creating /home/q/Algorithm_research/VFH_ws/build/mower_vfh_lidar/build/lib
[0.973s] creating /home/q/Algorithm_research/VFH_ws/build/mower_vfh_lidar/build/lib/mower_vfh_lidar
[0.973s] copying mower_vfh_lidar/__init__.py -> /home/q/Algorithm_research/VFH_ws/build/mower_vfh_lidar/build/lib/mower_vfh_lidar
[0.973s] copying mower_vfh_lidar/lidar_vfh_controller.py -> /home/q/Algorithm_research/VFH_ws/build/mower_vfh_lidar/build/lib/mower_vfh_lidar
[0.973s] running install
[0.973s] running install_lib
[0.974s] creating /home/q/Algorithm_research/VFH_ws/install/mower_vfh_lidar/lib/python3.10/site-packages/mower_vfh_lidar
[0.974s] copying /home/q/Algorithm_research/VFH_ws/build/mower_vfh_lidar/build/lib/mower_vfh_lidar/__init__.py -> /home/q/Algorithm_research/VFH_ws/install/mower_vfh_lidar/lib/python3.10/site-packages/mower_vfh_lidar
[0.974s] copying /home/q/Algorithm_research/VFH_ws/build/mower_vfh_lidar/build/lib/mower_vfh_lidar/lidar_vfh_controller.py -> /home/q/Algorithm_research/VFH_ws/install/mower_vfh_lidar/lib/python3.10/site-packages/mower_vfh_lidar
[0.977s] byte-compiling /home/q/Algorithm_research/VFH_ws/install/mower_vfh_lidar/lib/python3.10/site-packages/mower_vfh_lidar/__init__.py to __init__.cpython-310.pyc
[0.977s] byte-compiling /home/q/Algorithm_research/VFH_ws/install/mower_vfh_lidar/lib/python3.10/site-packages/mower_vfh_lidar/lidar_vfh_controller.py to lidar_vfh_controller.cpython-310.pyc
[0.981s] running install_data
[0.981s] creating /home/q/Algorithm_research/VFH_ws/install/mower_vfh_lidar/share/ament_index
[0.981s] creating /home/q/Algorithm_research/VFH_ws/install/mower_vfh_lidar/share/ament_index/resource_index
[0.982s] creating /home/q/Algorithm_research/VFH_ws/install/mower_vfh_lidar/share/ament_index/resource_index/packages
[0.982s] copying resource/mower_vfh_lidar -> /home/q/Algorithm_research/VFH_ws/install/mower_vfh_lidar/share/ament_index/resource_index/packages
[0.982s] copying package.xml -> /home/q/Algorithm_research/VFH_ws/install/mower_vfh_lidar/share/mower_vfh_lidar
[0.982s] creating /home/q/Algorithm_research/VFH_ws/install/mower_vfh_lidar/share/mower_vfh_lidar/launch
[0.982s] copying launch/lidar_vfh_gazebo.launch.py -> /home/q/Algorithm_research/VFH_ws/install/mower_vfh_lidar/share/mower_vfh_lidar/launch
[0.982s] running install_egg_info
[0.983s] Copying ../../build/mower_vfh_lidar/mower_vfh_lidar.egg-info to /home/q/Algorithm_research/VFH_ws/install/mower_vfh_lidar/lib/python3.10/site-packages/mower_vfh_lidar-0.0.1-py3.10.egg-info
[0.986s] running install_scripts
[1.003s] Installing lidar_vfh_controller script to /home/q/Algorithm_research/VFH_ws/install/mower_vfh_lidar/lib/mower_vfh_lidar
[1.004s] writing list of installed files to '/home/q/Algorithm_research/VFH_ws/build/mower_vfh_lidar/install.log'
[1.024s] Invoked command in '/home/q/Algorithm_research/VFH_ws/src/mower_vfh_lidar' returned '0': AMENT_PREFIX_PATH=/home/q/Algorithm_research/VFH_ws/install/mower_description:${AMENT_PREFIX_PATH} CMAKE_PREFIX_PATH=/home/q/Algorithm_research/VFH_ws/install/mower_description:${CMAKE_PREFIX_PATH} PYTHONPATH=/home/q/Algorithm_research/VFH_ws/build/mower_vfh_lidar/prefix_override:/usr/lib/python3/dist-packages/colcon_core/task/python/colcon_distutils_commands:/home/q/Algorithm_research/VFH_ws/install/mower_vfh_lidar/lib/python3.10/site-packages:${PYTHONPATH} /usr/bin/python3 -W ignore:setup.py install is deprecated -W ignore:easy_install command is deprecated setup.py egg_info --egg-base ../../build/mower_vfh_lidar build --build-base /home/q/Algorithm_research/VFH_ws/build/mower_vfh_lidar/build install --record /home/q/Algorithm_research/VFH_ws/build/mower_vfh_lidar/install.log --single-version-externally-managed install_data
