[0.071s] DEBUG:colcon:Command line arguments: ['/usr/bin/colcon', 'build', '--symlink-install', '--packages-select', 'mower_vfh', 'mower_description']
[0.071s] DEBUG:colcon:Parsed command line arguments: Namespace(log_base=None, log_level=None, verb_name='build', build_base='build', install_base='install', merge_install=False, symlink_install=True, test_result_base=None, continue_on_error=False, executor='parallel', parallel_workers=24, event_handlers=None, ignore_user_meta=False, metas=['./colcon.meta'], base_paths=['.'], packages_ignore=None, packages_ignore_regex=None, paths=None, packages_up_to=None, packages_up_to_regex=None, packages_above=None, packages_above_and_dependencies=None, packages_above_depth=None, packages_select_by_dep=None, packages_skip_by_dep=None, packages_skip_up_to=None, packages_select_build_failed=False, packages_skip_build_finished=False, packages_select_test_failures=False, packages_skip_test_passed=False, packages_select=['mower_vfh', 'mower_description'], packages_skip=None, packages_select_regex=None, packages_skip_regex=None, packages_start=None, packages_end=None, allow_overriding=[], cmake_args=None, cmake_target=None, cmake_target_skip_unavailable=False, cmake_clean_cache=False, cmake_clean_first=False, cmake_force_configure=False, ament_cmake_args=None, catkin_cmake_args=None, catkin_skip_building_tests=False, verb_parser=<colcon_defaults.argument_parser.defaults.DefaultArgumentsDecorator object at 0x712ba6963580>, verb_extension=<colcon_core.verb.build.BuildVerb object at 0x712ba691c580>, main=<bound method BuildVerb.main of <colcon_core.verb.build.BuildVerb object at 0x712ba691c580>>)
[0.183s] Level 1:colcon.colcon_core.package_discovery:discover_packages(colcon_meta) check parameters
[0.183s] Level 1:colcon.colcon_core.package_discovery:discover_packages(recursive) check parameters
[0.183s] Level 1:colcon.colcon_core.package_discovery:discover_packages(ignore) check parameters
[0.183s] Level 1:colcon.colcon_core.package_discovery:discover_packages(path) check parameters
[0.183s] Level 1:colcon.colcon_core.package_discovery:discover_packages(colcon_meta) discover
[0.183s] Level 1:colcon.colcon_core.package_discovery:discover_packages(recursive) discover
[0.183s] INFO:colcon.colcon_core.package_discovery:Crawling recursively for packages in '/home/q/Algorithm_research/VFH_ws'
[0.183s] Level 1:colcon.colcon_core.package_identification:_identify(.) by extensions ['ignore', 'ignore_ament_install']
[0.183s] Level 1:colcon.colcon_core.package_identification:_identify(.) by extension 'ignore'
[0.183s] Level 1:colcon.colcon_core.package_identification:_identify(.) by extension 'ignore_ament_install'
[0.183s] Level 1:colcon.colcon_core.package_identification:_identify(.) by extensions ['colcon_pkg']
[0.183s] Level 1:colcon.colcon_core.package_identification:_identify(.) by extension 'colcon_pkg'
[0.183s] Level 1:colcon.colcon_core.package_identification:_identify(.) by extensions ['colcon_meta']
[0.183s] Level 1:colcon.colcon_core.package_identification:_identify(.) by extension 'colcon_meta'
[0.183s] Level 1:colcon.colcon_core.package_identification:_identify(.) by extensions ['ros']
[0.183s] Level 1:colcon.colcon_core.package_identification:_identify(.) by extension 'ros'
[0.208s] Level 1:colcon.colcon_core.package_identification:_identify(.) by extensions ['cmake', 'python']
[0.208s] Level 1:colcon.colcon_core.package_identification:_identify(.) by extension 'cmake'
[0.208s] Level 1:colcon.colcon_core.package_identification:_identify(.) by extension 'python'
[0.208s] Level 1:colcon.colcon_core.package_identification:_identify(.) by extensions ['python_setup_py']
[0.208s] Level 1:colcon.colcon_core.package_identification:_identify(.) by extension 'python_setup_py'
[0.208s] Level 1:colcon.colcon_core.package_identification:_identify(build) by extensions ['ignore', 'ignore_ament_install']
[0.208s] Level 1:colcon.colcon_core.package_identification:_identify(build) by extension 'ignore'
[0.208s] Level 1:colcon.colcon_core.package_identification:_identify(build) ignored
[0.208s] Level 1:colcon.colcon_core.package_identification:_identify(install) by extensions ['ignore', 'ignore_ament_install']
[0.208s] Level 1:colcon.colcon_core.package_identification:_identify(install) by extension 'ignore'
[0.208s] Level 1:colcon.colcon_core.package_identification:_identify(install) ignored
[0.208s] Level 1:colcon.colcon_core.package_identification:_identify(log) by extensions ['ignore', 'ignore_ament_install']
[0.208s] Level 1:colcon.colcon_core.package_identification:_identify(log) by extension 'ignore'
[0.208s] Level 1:colcon.colcon_core.package_identification:_identify(log) ignored
[0.208s] Level 1:colcon.colcon_core.package_identification:_identify(src) by extensions ['ignore', 'ignore_ament_install']
[0.208s] Level 1:colcon.colcon_core.package_identification:_identify(src) by extension 'ignore'
[0.208s] Level 1:colcon.colcon_core.package_identification:_identify(src) by extension 'ignore_ament_install'
[0.208s] Level 1:colcon.colcon_core.package_identification:_identify(src) by extensions ['colcon_pkg']
[0.208s] Level 1:colcon.colcon_core.package_identification:_identify(src) by extension 'colcon_pkg'
[0.208s] Level 1:colcon.colcon_core.package_identification:_identify(src) by extensions ['colcon_meta']
[0.208s] Level 1:colcon.colcon_core.package_identification:_identify(src) by extension 'colcon_meta'
[0.208s] Level 1:colcon.colcon_core.package_identification:_identify(src) by extensions ['ros']
[0.208s] Level 1:colcon.colcon_core.package_identification:_identify(src) by extension 'ros'
[0.208s] Level 1:colcon.colcon_core.package_identification:_identify(src) by extensions ['cmake', 'python']
[0.208s] Level 1:colcon.colcon_core.package_identification:_identify(src) by extension 'cmake'
[0.208s] Level 1:colcon.colcon_core.package_identification:_identify(src) by extension 'python'
[0.209s] Level 1:colcon.colcon_core.package_identification:_identify(src) by extensions ['python_setup_py']
[0.209s] Level 1:colcon.colcon_core.package_identification:_identify(src) by extension 'python_setup_py'
[0.209s] Level 1:colcon.colcon_core.package_identification:_identify(src/mower_description) by extensions ['ignore', 'ignore_ament_install']
[0.209s] Level 1:colcon.colcon_core.package_identification:_identify(src/mower_description) by extension 'ignore'
[0.209s] Level 1:colcon.colcon_core.package_identification:_identify(src/mower_description) by extension 'ignore_ament_install'
[0.209s] Level 1:colcon.colcon_core.package_identification:_identify(src/mower_description) by extensions ['colcon_pkg']
[0.209s] Level 1:colcon.colcon_core.package_identification:_identify(src/mower_description) by extension 'colcon_pkg'
[0.209s] Level 1:colcon.colcon_core.package_identification:_identify(src/mower_description) by extensions ['colcon_meta']
[0.209s] Level 1:colcon.colcon_core.package_identification:_identify(src/mower_description) by extension 'colcon_meta'
[0.209s] Level 1:colcon.colcon_core.package_identification:_identify(src/mower_description) by extensions ['ros']
[0.209s] Level 1:colcon.colcon_core.package_identification:_identify(src/mower_description) by extension 'ros'
[0.211s] DEBUG:colcon.colcon_core.package_identification:Package 'src/mower_description' with type 'ros.ament_cmake' and name 'mower_description'
[0.211s] Level 1:colcon.colcon_core.package_identification:_identify(src/mower_vfh) by extensions ['ignore', 'ignore_ament_install']
[0.211s] Level 1:colcon.colcon_core.package_identification:_identify(src/mower_vfh) by extension 'ignore'
[0.211s] Level 1:colcon.colcon_core.package_identification:_identify(src/mower_vfh) by extension 'ignore_ament_install'
[0.211s] Level 1:colcon.colcon_core.package_identification:_identify(src/mower_vfh) by extensions ['colcon_pkg']
[0.211s] Level 1:colcon.colcon_core.package_identification:_identify(src/mower_vfh) by extension 'colcon_pkg'
[0.211s] Level 1:colcon.colcon_core.package_identification:_identify(src/mower_vfh) by extensions ['colcon_meta']
[0.211s] Level 1:colcon.colcon_core.package_identification:_identify(src/mower_vfh) by extension 'colcon_meta'
[0.211s] Level 1:colcon.colcon_core.package_identification:_identify(src/mower_vfh) by extensions ['ros']
[0.211s] Level 1:colcon.colcon_core.package_identification:_identify(src/mower_vfh) by extension 'ros'
[0.212s] DEBUG:colcon.colcon_core.package_identification:Package 'src/mower_vfh' with type 'ros.ament_python' and name 'mower_vfh'
[0.212s] Level 1:colcon.colcon_core.package_discovery:discover_packages(recursive) using defaults
[0.212s] Level 1:colcon.colcon_core.package_discovery:discover_packages(ignore) discover
[0.212s] Level 1:colcon.colcon_core.package_discovery:discover_packages(ignore) using defaults
[0.212s] Level 1:colcon.colcon_core.package_discovery:discover_packages(path) discover
[0.212s] Level 1:colcon.colcon_core.package_discovery:discover_packages(path) using defaults
[0.225s] Level 1:colcon.colcon_core.package_discovery:discover_packages(prefix_path) check parameters
[0.225s] Level 1:colcon.colcon_core.package_discovery:discover_packages(prefix_path) discover
[0.227s] DEBUG:colcon.colcon_installed_package_information.package_discovery:Found 12 installed packages in /home/q/dev_ws/install
[0.228s] DEBUG:colcon.colcon_installed_package_information.package_discovery:Found 462 installed packages in /opt/ros/humble
[0.229s] Level 1:colcon.colcon_core.package_discovery:discover_packages(prefix_path) using defaults
[0.265s] Level 5:colcon.colcon_core.verb:set package 'mower_description' build argument 'cmake_args' from command line to 'None'
[0.265s] Level 5:colcon.colcon_core.verb:set package 'mower_description' build argument 'cmake_target' from command line to 'None'
[0.265s] Level 5:colcon.colcon_core.verb:set package 'mower_description' build argument 'cmake_target_skip_unavailable' from command line to 'False'
[0.265s] Level 5:colcon.colcon_core.verb:set package 'mower_description' build argument 'cmake_clean_cache' from command line to 'False'
[0.265s] Level 5:colcon.colcon_core.verb:set package 'mower_description' build argument 'cmake_clean_first' from command line to 'False'
[0.265s] Level 5:colcon.colcon_core.verb:set package 'mower_description' build argument 'cmake_force_configure' from command line to 'False'
[0.265s] Level 5:colcon.colcon_core.verb:set package 'mower_description' build argument 'ament_cmake_args' from command line to 'None'
[0.265s] Level 5:colcon.colcon_core.verb:set package 'mower_description' build argument 'catkin_cmake_args' from command line to 'None'
[0.265s] Level 5:colcon.colcon_core.verb:set package 'mower_description' build argument 'catkin_skip_building_tests' from command line to 'False'
[0.265s] DEBUG:colcon.colcon_core.verb:Building package 'mower_description' with the following arguments: {'ament_cmake_args': None, 'build_base': '/home/q/Algorithm_research/VFH_ws/build/mower_description', 'catkin_cmake_args': None, 'catkin_skip_building_tests': False, 'cmake_args': None, 'cmake_clean_cache': False, 'cmake_clean_first': False, 'cmake_force_configure': False, 'cmake_target': None, 'cmake_target_skip_unavailable': False, 'install_base': '/home/q/Algorithm_research/VFH_ws/install/mower_description', 'merge_install': False, 'path': '/home/q/Algorithm_research/VFH_ws/src/mower_description', 'symlink_install': True, 'test_result_base': None}
[0.265s] Level 5:colcon.colcon_core.verb:set package 'mower_vfh' build argument 'cmake_args' from command line to 'None'
[0.266s] Level 5:colcon.colcon_core.verb:set package 'mower_vfh' build argument 'cmake_target' from command line to 'None'
[0.266s] Level 5:colcon.colcon_core.verb:set package 'mower_vfh' build argument 'cmake_target_skip_unavailable' from command line to 'False'
[0.266s] Level 5:colcon.colcon_core.verb:set package 'mower_vfh' build argument 'cmake_clean_cache' from command line to 'False'
[0.266s] Level 5:colcon.colcon_core.verb:set package 'mower_vfh' build argument 'cmake_clean_first' from command line to 'False'
[0.266s] Level 5:colcon.colcon_core.verb:set package 'mower_vfh' build argument 'cmake_force_configure' from command line to 'False'
[0.266s] Level 5:colcon.colcon_core.verb:set package 'mower_vfh' build argument 'ament_cmake_args' from command line to 'None'
[0.266s] Level 5:colcon.colcon_core.verb:set package 'mower_vfh' build argument 'catkin_cmake_args' from command line to 'None'
[0.266s] Level 5:colcon.colcon_core.verb:set package 'mower_vfh' build argument 'catkin_skip_building_tests' from command line to 'False'
[0.266s] DEBUG:colcon.colcon_core.verb:Building package 'mower_vfh' with the following arguments: {'ament_cmake_args': None, 'build_base': '/home/q/Algorithm_research/VFH_ws/build/mower_vfh', 'catkin_cmake_args': None, 'catkin_skip_building_tests': False, 'cmake_args': None, 'cmake_clean_cache': False, 'cmake_clean_first': False, 'cmake_force_configure': False, 'cmake_target': None, 'cmake_target_skip_unavailable': False, 'install_base': '/home/q/Algorithm_research/VFH_ws/install/mower_vfh', 'merge_install': False, 'path': '/home/q/Algorithm_research/VFH_ws/src/mower_vfh', 'symlink_install': True, 'test_result_base': None}
[0.266s] INFO:colcon.colcon_core.executor:Executing jobs using 'parallel' executor
[0.266s] DEBUG:colcon.colcon_parallel_executor.executor.parallel:run_until_complete
[0.267s] INFO:colcon.colcon_ros.task.ament_cmake.build:Building ROS package in '/home/q/Algorithm_research/VFH_ws/src/mower_description' with build type 'ament_cmake'
[0.267s] INFO:colcon.colcon_cmake.task.cmake.build:Building CMake package in '/home/q/Algorithm_research/VFH_ws/src/mower_description'
[0.268s] INFO:colcon.colcon_core.plugin_system:Skipping extension 'colcon_core.shell.bat': Not used on non-Windows systems
[0.268s] INFO:colcon.colcon_core.shell:Skip shell extension 'powershell' for command environment: Not usable outside of PowerShell
[0.268s] DEBUG:colcon.colcon_core.shell:Skip shell extension 'dsv' for command environment
[0.276s] DEBUG:colcon.colcon_core.event_handler.log_command:Invoking command in '/home/q/Algorithm_research/VFH_ws/build/mower_description': CMAKE_PREFIX_PATH=${CMAKE_PREFIX_PATH}:/home/q/dev_ws/install/originbot_viz:/home/q/dev_ws/install/originbot_demo:/home/q/dev_ws/install/originbot_gazebo_harmonic:/home/q/dev_ws/install/originbot_gazebo_fortress:/home/q/dev_ws/install/originbot_gazebo:/home/q/dev_ws/install/originbot_description:/home/q/dev_ws/install/line_follower_model:/opt/ros/humble /usr/bin/cmake /home/q/Algorithm_research/VFH_ws/src/mower_description -DAMENT_CMAKE_SYMLINK_INSTALL=1 -DCMAKE_INSTALL_PREFIX=/home/q/Algorithm_research/VFH_ws/install/mower_description
[30.296s] DEBUG:colcon.colcon_core.event_handler.log_command:Invoked command in '/home/q/Algorithm_research/VFH_ws/build/mower_description' returned '0': CMAKE_PREFIX_PATH=${CMAKE_PREFIX_PATH}:/home/q/dev_ws/install/originbot_viz:/home/q/dev_ws/install/originbot_demo:/home/q/dev_ws/install/originbot_gazebo_harmonic:/home/q/dev_ws/install/originbot_gazebo_fortress:/home/q/dev_ws/install/originbot_gazebo:/home/q/dev_ws/install/originbot_description:/home/q/dev_ws/install/line_follower_model:/opt/ros/humble /usr/bin/cmake /home/q/Algorithm_research/VFH_ws/src/mower_description -DAMENT_CMAKE_SYMLINK_INSTALL=1 -DCMAKE_INSTALL_PREFIX=/home/q/Algorithm_research/VFH_ws/install/mower_description
[30.298s] DEBUG:colcon.colcon_core.event_handler.log_command:Invoking command in '/home/q/Algorithm_research/VFH_ws/build/mower_description': CMAKE_PREFIX_PATH=${CMAKE_PREFIX_PATH}:/home/q/dev_ws/install/originbot_viz:/home/q/dev_ws/install/originbot_demo:/home/q/dev_ws/install/originbot_gazebo_harmonic:/home/q/dev_ws/install/originbot_gazebo_fortress:/home/q/dev_ws/install/originbot_gazebo:/home/q/dev_ws/install/originbot_description:/home/q/dev_ws/install/line_follower_model:/opt/ros/humble /usr/bin/cmake --build /home/q/Algorithm_research/VFH_ws/build/mower_description -- -j24 -l24
[30.334s] DEBUG:colcon.colcon_core.event_handler.log_command:Invoked command in '/home/q/Algorithm_research/VFH_ws/build/mower_description' returned '0': CMAKE_PREFIX_PATH=${CMAKE_PREFIX_PATH}:/home/q/dev_ws/install/originbot_viz:/home/q/dev_ws/install/originbot_demo:/home/q/dev_ws/install/originbot_gazebo_harmonic:/home/q/dev_ws/install/originbot_gazebo_fortress:/home/q/dev_ws/install/originbot_gazebo:/home/q/dev_ws/install/originbot_description:/home/q/dev_ws/install/line_follower_model:/opt/ros/humble /usr/bin/cmake --build /home/q/Algorithm_research/VFH_ws/build/mower_description -- -j24 -l24
[30.342s] DEBUG:colcon.colcon_core.event_handler.log_command:Invoking command in '/home/q/Algorithm_research/VFH_ws/build/mower_description': CMAKE_PREFIX_PATH=${CMAKE_PREFIX_PATH}:/home/q/dev_ws/install/originbot_viz:/home/q/dev_ws/install/originbot_demo:/home/q/dev_ws/install/originbot_gazebo_harmonic:/home/q/dev_ws/install/originbot_gazebo_fortress:/home/q/dev_ws/install/originbot_gazebo:/home/q/dev_ws/install/originbot_description:/home/q/dev_ws/install/line_follower_model:/opt/ros/humble /usr/bin/cmake --install /home/q/Algorithm_research/VFH_ws/build/mower_description
[30.541s] Level 1:colcon.colcon_core.environment:create_environment_scripts_only(mower_description)
[30.542s] DEBUG:colcon.colcon_core.event_handler.log_command:Invoked command in '/home/q/Algorithm_research/VFH_ws/build/mower_description' returned '0': CMAKE_PREFIX_PATH=${CMAKE_PREFIX_PATH}:/home/q/dev_ws/install/originbot_viz:/home/q/dev_ws/install/originbot_demo:/home/q/dev_ws/install/originbot_gazebo_harmonic:/home/q/dev_ws/install/originbot_gazebo_fortress:/home/q/dev_ws/install/originbot_gazebo:/home/q/dev_ws/install/originbot_description:/home/q/dev_ws/install/line_follower_model:/opt/ros/humble /usr/bin/cmake --install /home/q/Algorithm_research/VFH_ws/build/mower_description
[30.543s] Level 1:colcon.colcon_core.environment:checking '/home/q/Algorithm_research/VFH_ws/install/mower_description' for CMake module files
[30.543s] Level 1:colcon.colcon_core.environment:checking '/home/q/Algorithm_research/VFH_ws/install/mower_description' for CMake config files
[30.544s] Level 1:colcon.colcon_core.shell:create_environment_hook('mower_description', 'cmake_prefix_path')
[30.544s] INFO:colcon.colcon_core.shell:Creating environment hook '/home/q/Algorithm_research/VFH_ws/install/mower_description/share/mower_description/hook/cmake_prefix_path.ps1'
[30.544s] INFO:colcon.colcon_core.shell:Creating environment descriptor '/home/q/Algorithm_research/VFH_ws/install/mower_description/share/mower_description/hook/cmake_prefix_path.dsv'
[30.544s] INFO:colcon.colcon_core.shell:Creating environment hook '/home/q/Algorithm_research/VFH_ws/install/mower_description/share/mower_description/hook/cmake_prefix_path.sh'
[30.545s] Level 1:colcon.colcon_core.environment:checking '/home/q/Algorithm_research/VFH_ws/install/mower_description/bin'
[30.545s] Level 1:colcon.colcon_core.environment:checking '/home/q/Algorithm_research/VFH_ws/install/mower_description/lib/pkgconfig/mower_description.pc'
[30.545s] Level 1:colcon.colcon_core.environment:checking '/home/q/Algorithm_research/VFH_ws/install/mower_description/lib/python3.10/site-packages'
[30.545s] Level 1:colcon.colcon_core.environment:checking '/home/q/Algorithm_research/VFH_ws/install/mower_description/bin'
[30.546s] INFO:colcon.colcon_core.shell:Creating package script '/home/q/Algorithm_research/VFH_ws/install/mower_description/share/mower_description/package.ps1'
[30.546s] INFO:colcon.colcon_core.shell:Creating package descriptor '/home/q/Algorithm_research/VFH_ws/install/mower_description/share/mower_description/package.dsv'
[30.547s] INFO:colcon.colcon_core.shell:Creating package script '/home/q/Algorithm_research/VFH_ws/install/mower_description/share/mower_description/package.sh'
[30.547s] INFO:colcon.colcon_core.shell:Creating package script '/home/q/Algorithm_research/VFH_ws/install/mower_description/share/mower_description/package.bash'
[30.548s] INFO:colcon.colcon_core.shell:Creating package script '/home/q/Algorithm_research/VFH_ws/install/mower_description/share/mower_description/package.zsh'
[30.548s] Level 1:colcon.colcon_core.environment:create_file_with_runtime_dependencies(/home/q/Algorithm_research/VFH_ws/install/mower_description/share/colcon-core/packages/mower_description)
[30.548s] Level 1:colcon.colcon_core.environment:create_environment_scripts_only(mower_description)
[30.548s] Level 1:colcon.colcon_core.environment:checking '/home/q/Algorithm_research/VFH_ws/install/mower_description' for CMake module files
[30.549s] Level 1:colcon.colcon_core.environment:checking '/home/q/Algorithm_research/VFH_ws/install/mower_description' for CMake config files
[30.549s] Level 1:colcon.colcon_core.shell:create_environment_hook('mower_description', 'cmake_prefix_path')
[30.549s] INFO:colcon.colcon_core.shell:Creating environment hook '/home/q/Algorithm_research/VFH_ws/install/mower_description/share/mower_description/hook/cmake_prefix_path.ps1'
[30.549s] INFO:colcon.colcon_core.shell:Creating environment descriptor '/home/q/Algorithm_research/VFH_ws/install/mower_description/share/mower_description/hook/cmake_prefix_path.dsv'
[30.550s] INFO:colcon.colcon_core.shell:Creating environment hook '/home/q/Algorithm_research/VFH_ws/install/mower_description/share/mower_description/hook/cmake_prefix_path.sh'
[30.550s] Level 1:colcon.colcon_core.environment:checking '/home/q/Algorithm_research/VFH_ws/install/mower_description/bin'
[30.550s] Level 1:colcon.colcon_core.environment:checking '/home/q/Algorithm_research/VFH_ws/install/mower_description/lib/pkgconfig/mower_description.pc'
[30.550s] Level 1:colcon.colcon_core.environment:checking '/home/q/Algorithm_research/VFH_ws/install/mower_description/lib/python3.10/site-packages'
[30.550s] Level 1:colcon.colcon_core.environment:checking '/home/q/Algorithm_research/VFH_ws/install/mower_description/bin'
[30.550s] INFO:colcon.colcon_core.shell:Creating package script '/home/q/Algorithm_research/VFH_ws/install/mower_description/share/mower_description/package.ps1'
[30.551s] INFO:colcon.colcon_core.shell:Creating package descriptor '/home/q/Algorithm_research/VFH_ws/install/mower_description/share/mower_description/package.dsv'
[30.551s] INFO:colcon.colcon_core.shell:Creating package script '/home/q/Algorithm_research/VFH_ws/install/mower_description/share/mower_description/package.sh'
[30.551s] INFO:colcon.colcon_core.shell:Creating package script '/home/q/Algorithm_research/VFH_ws/install/mower_description/share/mower_description/package.bash'
[30.551s] INFO:colcon.colcon_core.shell:Creating package script '/home/q/Algorithm_research/VFH_ws/install/mower_description/share/mower_description/package.zsh'
[30.552s] Level 1:colcon.colcon_core.environment:create_file_with_runtime_dependencies(/home/q/Algorithm_research/VFH_ws/install/mower_description/share/colcon-core/packages/mower_description)
[30.552s] INFO:colcon.colcon_ros.task.ament_python.build:Building ROS package in '/home/q/Algorithm_research/VFH_ws/src/mower_vfh' with build type 'ament_python'
[30.552s] Level 1:colcon.colcon_core.shell:create_environment_hook('mower_vfh', 'ament_prefix_path')
[30.552s] INFO:colcon.colcon_core.shell:Creating environment hook '/home/q/Algorithm_research/VFH_ws/install/mower_vfh/share/mower_vfh/hook/ament_prefix_path.ps1'
[30.553s] INFO:colcon.colcon_core.shell:Creating environment descriptor '/home/q/Algorithm_research/VFH_ws/install/mower_vfh/share/mower_vfh/hook/ament_prefix_path.dsv'
[30.553s] INFO:colcon.colcon_core.shell:Creating environment hook '/home/q/Algorithm_research/VFH_ws/install/mower_vfh/share/mower_vfh/hook/ament_prefix_path.sh'
[30.553s] INFO:colcon.colcon_core.shell:Skip shell extension 'powershell' for command environment: Not usable outside of PowerShell
[30.553s] DEBUG:colcon.colcon_core.shell:Skip shell extension 'dsv' for command environment
[60.768s] INFO:colcon.colcon_core.task.python.build:Building Python package in '/home/q/Algorithm_research/VFH_ws/src/mower_vfh'
[60.769s] INFO:colcon.colcon_core.shell:Skip shell extension 'powershell' for command environment: Not usable outside of PowerShell
[60.769s] DEBUG:colcon.colcon_core.shell:Skip shell extension 'dsv' for command environment
[61.030s] DEBUG:colcon.colcon_core.event_handler.log_command:Invoking command in '/home/q/Algorithm_research/VFH_ws/build/mower_vfh': AMENT_PREFIX_PATH=/home/q/Algorithm_research/VFH_ws/install/mower_description:${AMENT_PREFIX_PATH} CMAKE_PREFIX_PATH=/home/q/Algorithm_research/VFH_ws/install/mower_description:${CMAKE_PREFIX_PATH} PYTHONPATH=/home/q/Algorithm_research/VFH_ws/build/mower_vfh/prefix_override:/usr/lib/python3/dist-packages/colcon_core/task/python/colcon_distutils_commands:/home/q/Algorithm_research/VFH_ws/install/mower_vfh/lib/python3.10/site-packages:${PYTHONPATH} /usr/bin/python3 -W ignore:setup.py install is deprecated -W ignore:easy_install command is deprecated setup.py develop --editable --build-directory /home/q/Algorithm_research/VFH_ws/build/mower_vfh/build --no-deps symlink_data
[61.355s] Level 1:colcon.colcon_core.shell:create_environment_hook('mower_vfh', 'pythonpath_develop')
[61.356s] INFO:colcon.colcon_core.shell:Creating environment hook '/home/q/Algorithm_research/VFH_ws/build/mower_vfh/share/mower_vfh/hook/pythonpath_develop.ps1'
[61.356s] DEBUG:colcon.colcon_core.event_handler.log_command:Invoked command in '/home/q/Algorithm_research/VFH_ws/build/mower_vfh' returned '0': AMENT_PREFIX_PATH=/home/q/Algorithm_research/VFH_ws/install/mower_description:${AMENT_PREFIX_PATH} CMAKE_PREFIX_PATH=/home/q/Algorithm_research/VFH_ws/install/mower_description:${CMAKE_PREFIX_PATH} PYTHONPATH=/home/q/Algorithm_research/VFH_ws/build/mower_vfh/prefix_override:/usr/lib/python3/dist-packages/colcon_core/task/python/colcon_distutils_commands:/home/q/Algorithm_research/VFH_ws/install/mower_vfh/lib/python3.10/site-packages:${PYTHONPATH} /usr/bin/python3 -W ignore:setup.py install is deprecated -W ignore:easy_install command is deprecated setup.py develop --editable --build-directory /home/q/Algorithm_research/VFH_ws/build/mower_vfh/build --no-deps symlink_data
[61.356s] INFO:colcon.colcon_core.shell:Creating environment descriptor '/home/q/Algorithm_research/VFH_ws/build/mower_vfh/share/mower_vfh/hook/pythonpath_develop.dsv'
[61.357s] INFO:colcon.colcon_core.shell:Creating environment hook '/home/q/Algorithm_research/VFH_ws/build/mower_vfh/share/mower_vfh/hook/pythonpath_develop.sh'
[61.357s] Level 1:colcon.colcon_core.environment:checking '/home/q/Algorithm_research/VFH_ws/install/mower_vfh' for CMake module files
[61.357s] Level 1:colcon.colcon_core.environment:checking '/home/q/Algorithm_research/VFH_ws/install/mower_vfh' for CMake config files
[61.358s] Level 1:colcon.colcon_core.environment:checking '/home/q/Algorithm_research/VFH_ws/install/mower_vfh/lib'
[61.358s] Level 1:colcon.colcon_core.environment:checking '/home/q/Algorithm_research/VFH_ws/install/mower_vfh/bin'
[61.358s] Level 1:colcon.colcon_core.environment:checking '/home/q/Algorithm_research/VFH_ws/install/mower_vfh/lib/pkgconfig/mower_vfh.pc'
[61.358s] Level 1:colcon.colcon_core.environment:checking '/home/q/Algorithm_research/VFH_ws/install/mower_vfh/lib/python3.10/site-packages'
[61.358s] Level 1:colcon.colcon_core.shell:create_environment_hook('mower_vfh', 'pythonpath')
[61.358s] INFO:colcon.colcon_core.shell:Creating environment hook '/home/q/Algorithm_research/VFH_ws/install/mower_vfh/share/mower_vfh/hook/pythonpath.ps1'
[61.358s] INFO:colcon.colcon_core.shell:Creating environment descriptor '/home/q/Algorithm_research/VFH_ws/install/mower_vfh/share/mower_vfh/hook/pythonpath.dsv'
[61.359s] INFO:colcon.colcon_core.shell:Creating environment hook '/home/q/Algorithm_research/VFH_ws/install/mower_vfh/share/mower_vfh/hook/pythonpath.sh'
[61.359s] Level 1:colcon.colcon_core.environment:checking '/home/q/Algorithm_research/VFH_ws/install/mower_vfh/bin'
[61.359s] Level 1:colcon.colcon_core.environment:create_environment_scripts_only(mower_vfh)
[61.359s] INFO:colcon.colcon_core.shell:Creating package script '/home/q/Algorithm_research/VFH_ws/install/mower_vfh/share/mower_vfh/package.ps1'
[61.360s] INFO:colcon.colcon_core.shell:Creating package descriptor '/home/q/Algorithm_research/VFH_ws/install/mower_vfh/share/mower_vfh/package.dsv'
[61.360s] INFO:colcon.colcon_core.shell:Creating package script '/home/q/Algorithm_research/VFH_ws/install/mower_vfh/share/mower_vfh/package.sh'
[61.360s] INFO:colcon.colcon_core.shell:Creating package script '/home/q/Algorithm_research/VFH_ws/install/mower_vfh/share/mower_vfh/package.bash'
[61.360s] INFO:colcon.colcon_core.shell:Creating package script '/home/q/Algorithm_research/VFH_ws/install/mower_vfh/share/mower_vfh/package.zsh'
[61.360s] Level 1:colcon.colcon_core.environment:create_file_with_runtime_dependencies(/home/q/Algorithm_research/VFH_ws/install/mower_vfh/share/colcon-core/packages/mower_vfh)
[61.361s] DEBUG:colcon.colcon_parallel_executor.executor.parallel:closing loop
[61.361s] DEBUG:colcon.colcon_parallel_executor.executor.parallel:loop closed
[61.361s] DEBUG:colcon.colcon_parallel_executor.executor.parallel:run_until_complete finished with '0'
[61.361s] DEBUG:colcon.colcon_core.event_reactor:joining thread
[61.366s] INFO:colcon.colcon_core.plugin_system:Skipping extension 'colcon_notification.desktop_notification.terminal_notifier': Not used on non-Darwin systems
[61.366s] INFO:colcon.colcon_core.plugin_system:Skipping extension 'colcon_notification.desktop_notification.win32': Not used on non-Windows systems
[61.366s] INFO:colcon.colcon_notification.desktop_notification:Sending desktop notification using 'notify2'
[61.366s] DEBUG:colcon.colcon_notification.desktop_notification.notify2:Failed to initialize notify2: org.freedesktop.DBus.Error.AccessDenied: Failed to connect to socket /run/user/1000/bus: Operation not permitted
[61.366s] DEBUG:colcon.colcon_core.event_reactor:joined thread
[61.367s] INFO:colcon.colcon_core.shell:Creating prefix script '/home/q/Algorithm_research/VFH_ws/install/local_setup.ps1'
[61.367s] INFO:colcon.colcon_core.shell:Creating prefix util module '/home/q/Algorithm_research/VFH_ws/install/_local_setup_util_ps1.py'
[61.368s] INFO:colcon.colcon_core.shell:Creating prefix chain script '/home/q/Algorithm_research/VFH_ws/install/setup.ps1'
[61.369s] INFO:colcon.colcon_core.shell:Creating prefix script '/home/q/Algorithm_research/VFH_ws/install/local_setup.sh'
[61.369s] INFO:colcon.colcon_core.shell:Creating prefix util module '/home/q/Algorithm_research/VFH_ws/install/_local_setup_util_sh.py'
[61.370s] INFO:colcon.colcon_core.shell:Creating prefix chain script '/home/q/Algorithm_research/VFH_ws/install/setup.sh'
[61.371s] INFO:colcon.colcon_core.shell:Creating prefix script '/home/q/Algorithm_research/VFH_ws/install/local_setup.bash'
[61.371s] INFO:colcon.colcon_core.shell:Creating prefix chain script '/home/q/Algorithm_research/VFH_ws/install/setup.bash'
[61.372s] INFO:colcon.colcon_core.shell:Creating prefix script '/home/q/Algorithm_research/VFH_ws/install/local_setup.zsh'
[61.372s] INFO:colcon.colcon_core.shell:Creating prefix chain script '/home/q/Algorithm_research/VFH_ws/install/setup.zsh'
