running egg_info
writing ../../build/mower_vfh_lidar/mower_vfh_lidar.egg-info/PKG-INFO
writing dependency_links to ../../build/mower_vfh_lidar/mower_vfh_lidar.egg-info/dependency_links.txt
writing entry points to ../../build/mower_vfh_lidar/mower_vfh_lidar.egg-info/entry_points.txt
writing requirements to ../../build/mower_vfh_lidar/mower_vfh_lidar.egg-info/requires.txt
writing top-level names to ../../build/mower_vfh_lidar/mower_vfh_lidar.egg-info/top_level.txt
reading manifest file '../../build/mower_vfh_lidar/mower_vfh_lidar.egg-info/SOURCES.txt'
writing manifest file '../../build/mower_vfh_lidar/mower_vfh_lidar.egg-info/SOURCES.txt'
running build
running build_py
copying mower_vfh_lidar/lidar_vfh_controller.py -> /home/q/Algorithm_research/VFH_ws/build/mower_vfh_lidar/build/lib/mower_vfh_lidar
running install
running install_lib
copying /home/q/Algorithm_research/VFH_ws/build/mower_vfh_lidar/build/lib/mower_vfh_lidar/lidar_vfh_controller.py -> /home/q/Algorithm_research/VFH_ws/install/mower_vfh_lidar/lib/python3.10/site-packages/mower_vfh_lidar
byte-compiling /home/q/Algorithm_research/VFH_ws/install/mower_vfh_lidar/lib/python3.10/site-packages/mower_vfh_lidar/lidar_vfh_controller.py to lidar_vfh_controller.cpython-310.pyc
running install_data
running install_egg_info
removing '/home/q/Algorithm_research/VFH_ws/install/mower_vfh_lidar/lib/python3.10/site-packages/mower_vfh_lidar-0.0.1-py3.10.egg-info' (and everything under it)
Copying ../../build/mower_vfh_lidar/mower_vfh_lidar.egg-info to /home/q/Algorithm_research/VFH_ws/install/mower_vfh_lidar/lib/python3.10/site-packages/mower_vfh_lidar-0.0.1-py3.10.egg-info
running install_scripts
Installing lidar_vfh_controller script to /home/q/Algorithm_research/VFH_ws/install/mower_vfh_lidar/lib/mower_vfh_lidar
writing list of installed files to '/home/q/Algorithm_research/VFH_ws/build/mower_vfh_lidar/install.log'
