[0.009s] Invoking command in '/home/q/Algorithm_research/VFH_ws/build/mower_description': CMAKE_PREFIX_PATH=${CMAKE_PREFIX_PATH}:/home/q/dev_ws/install/originbot_viz:/home/q/dev_ws/install/originbot_demo:/home/q/dev_ws/install/originbot_gazebo_harmonic:/home/q/dev_ws/install/originbot_gazebo_fortress:/home/q/dev_ws/install/originbot_gazebo:/home/q/dev_ws/install/originbot_description:/home/q/dev_ws/install/line_follower_model:/opt/ros/humble /usr/bin/cmake /home/q/Algorithm_research/VFH_ws/src/mower_description -DAMENT_CMAKE_SYMLINK_INSTALL=1 -DCMAKE_INSTALL_PREFIX=/home/q/Algorithm_research/VFH_ws/install/mower_description
[0.019s] -- Found ament_cmake: 1.3.14 (/opt/ros/humble/share/ament_cmake/cmake)
[0.113s] -- Override CMake install command with custom implementation using symlinks instead of copying resources
[0.122s] -- Found urdf: 2.6.1 (/opt/ros/humble/share/urdf/cmake)
[0.147s] -- Found xacro: 2.1.1 (/opt/ros/humble/share/xacro/cmake)
[0.147s] -- Found gazebo_ros: 3.9.0 (/opt/ros/humble/share/gazebo_ros/cmake)
[0.161s] -- Found rosidl_generator_c: 3.1.8 (/opt/ros/humble/share/rosidl_generator_c/cmake)
[0.163s] -- Found rosidl_adapter: 3.1.8 (/opt/ros/humble/share/rosidl_adapter/cmake)
[0.167s] -- Found rosidl_generator_cpp: 3.1.8 (/opt/ros/humble/share/rosidl_generator_cpp/cmake)
[0.174s] -- Using all available rosidl_typesupport_c: rosidl_typesupport_fastrtps_c;rosidl_typesupport_introspection_c
[0.181s] -- Using all available rosidl_typesupport_cpp: rosidl_typesupport_fastrtps_cpp;rosidl_typesupport_introspection_cpp
[0.204s] -- Found rmw_implementation_cmake: 6.1.2 (/opt/ros/humble/share/rmw_implementation_cmake/cmake)
[0.205s] -- Found rmw_fastrtps_cpp: 6.2.10 (/opt/ros/humble/share/rmw_fastrtps_cpp/cmake)
[0.219s] -- Found TinyXML2 via Config file: TinyXML2_DIR-NOTFOUND
[0.226s] -- Found TinyXML2 via Config file: TinyXML2_DIR-NOTFOUND
[0.240s] -- Found TinyXML2 via Config file: TinyXML2_DIR-NOTFOUND
[0.247s] -- Found TinyXML2 via Config file: TinyXML2_DIR-NOTFOUND
[0.257s] -- Using RMW implementation 'rmw_fastrtps_cpp' as default
[0.317s] -- Found DART: /usr/include (Required is at least version "6.6") found components: dart 
[0.338s] -- Found Protobuf: /usr/lib/x86_64-linux-gnu/libprotobuf.so (found version "3.12.4") 
[0.339s] -- Looking for ignition-math6 -- found version 6.15.1
[0.344s] -- Searching for dependencies of ignition-math6
[0.345s] -- Looking for OGRE...
[0.349s] -- Found Ogre Ghadamon (1.9.0)
[0.349s] -- Found OGRE: optimized;/usr/lib/x86_64-linux-gnu/libOgreMain.so;debug;/usr/lib/x86_64-linux-gnu/libOgreMain.so
[0.357s] -- Looking for OGRE_Paging...
[0.357s] -- Found OGRE_Paging: optimized;/usr/lib/x86_64-linux-gnu/libOgrePaging.so;debug;/usr/lib/x86_64-linux-gnu/libOgrePaging.so
[0.357s] -- Looking for OGRE_Terrain...
[0.357s] -- Found OGRE_Terrain: optimized;/usr/lib/x86_64-linux-gnu/libOgreTerrain.so;debug;/usr/lib/x86_64-linux-gnu/libOgreTerrain.so
[0.357s] -- Looking for OGRE_Property...
[0.357s] -- Found OGRE_Property: optimized;/usr/lib/x86_64-linux-gnu/libOgreProperty.so;debug;/usr/lib/x86_64-linux-gnu/libOgreProperty.so
[0.357s] -- Looking for OGRE_RTShaderSystem...
[0.357s] -- Found OGRE_RTShaderSystem: optimized;/usr/lib/x86_64-linux-gnu/libOgreRTShaderSystem.so;debug;/usr/lib/x86_64-linux-gnu/libOgreRTShaderSystem.so
[0.358s] -- Looking for OGRE_Volume...
[0.358s] -- Found OGRE_Volume: optimized;/usr/lib/x86_64-linux-gnu/libOgreVolume.so;debug;/usr/lib/x86_64-linux-gnu/libOgreVolume.so
[0.358s] -- Looking for OGRE_Overlay...
[0.358s] -- Found OGRE_Overlay: optimized;/usr/lib/x86_64-linux-gnu/libOgreOverlay.so;debug;/usr/lib/x86_64-linux-gnu/libOgreOverlay.so
[0.443s] -- Looking for ignition-math6 -- found version 6.15.1
[0.443s] -- Looking for ignition-transport8 -- found version 8.2.1
[0.443s] -- Searching for dependencies of ignition-transport8
[0.460s] -- Found Protobuf: /usr/lib/x86_64-linux-gnu/libprotobuf.so (found suitable version "3.12.4", minimum required is "3") 
[0.468s] -- Config-file not installed for ZeroMQ -- checking for pkg-config
[0.472s] -- Checking for module 'libzmq >= 4'
[0.488s] --   Found libzmq , version 4.3.4
[0.528s] -- Checking for module 'uuid'
[0.542s] --   Found uuid, version 2.37.2
[0.585s] -- Looking for ignition-msgs5 -- found version 5.8.1
[0.586s] -- Searching for dependencies of ignition-msgs5
[0.603s] -- Looking for ignition-math6 -- found version 6.15.1
[0.609s] -- Looking for ignition-msgs5 -- found version 5.8.1
[0.609s] -- Looking for ignition-common3 -- found version 3.14.0
[0.610s] -- Searching for dependencies of ignition-common3
[0.610s] -- Looking for dlfcn.h - found
[0.610s] -- Looking for libdl - found
[0.620s] -- Searching for <ignition-common3> component [graphics]
[0.620s] -- Looking for ignition-common3-graphics -- found version 3.14.0
[0.621s] -- Searching for dependencies of ignition-common3-graphics
[0.621s] -- Looking for ignition-math6 -- found version 6.15.1
[0.622s] -- Looking for ignition-fuel_tools4 -- found version 4.4.0
[0.622s] -- Searching for dependencies of ignition-fuel_tools4
[0.659s] -- Checking for module 'jsoncpp'
[0.683s] --   Found jsoncpp, version 1.9.5
[0.739s] -- Checking for module 'libzip'
[0.758s] --   Found libzip, version 1.7.3
[0.814s] -- Looking for ignition-common3 -- found version 3.14.0
[0.814s] -- Looking for ignition-math6 -- found version 6.15.1
[0.814s] -- Looking for ignition-msgs5 -- found version 5.8.1
[0.815s] -- Gazebo version: 11.10
[0.816s] -- Found ament_lint_auto: 0.12.15 (/opt/ros/humble/share/ament_lint_auto/cmake)
[0.888s] -- Added test 'flake8' to check Python code syntax and style conventions
[0.889s] -- Added test 'lint_cmake' to check CMake code style
[0.889s] -- Added test 'pep257' to check Python code against some of the docstring style conventions in PEP 257
[0.890s] -- Added test 'xmllint' to check XML markup files
[0.891s] -- Configuring done
[0.894s] -- Generating done
[0.896s] -- Build files have been written to: /home/q/Algorithm_research/VFH_ws/build/mower_description
[30.029s] Invoked command in '/home/q/Algorithm_research/VFH_ws/build/mower_description' returned '0': CMAKE_PREFIX_PATH=${CMAKE_PREFIX_PATH}:/home/q/dev_ws/install/originbot_viz:/home/q/dev_ws/install/originbot_demo:/home/q/dev_ws/install/originbot_gazebo_harmonic:/home/q/dev_ws/install/originbot_gazebo_fortress:/home/q/dev_ws/install/originbot_gazebo:/home/q/dev_ws/install/originbot_description:/home/q/dev_ws/install/line_follower_model:/opt/ros/humble /usr/bin/cmake /home/q/Algorithm_research/VFH_ws/src/mower_description -DAMENT_CMAKE_SYMLINK_INSTALL=1 -DCMAKE_INSTALL_PREFIX=/home/q/Algorithm_research/VFH_ws/install/mower_description
[30.031s] Invoking command in '/home/q/Algorithm_research/VFH_ws/build/mower_description': CMAKE_PREFIX_PATH=${CMAKE_PREFIX_PATH}:/home/q/dev_ws/install/originbot_viz:/home/q/dev_ws/install/originbot_demo:/home/q/dev_ws/install/originbot_gazebo_harmonic:/home/q/dev_ws/install/originbot_gazebo_fortress:/home/q/dev_ws/install/originbot_gazebo:/home/q/dev_ws/install/originbot_description:/home/q/dev_ws/install/line_follower_model:/opt/ros/humble /usr/bin/cmake --build /home/q/Algorithm_research/VFH_ws/build/mower_description -- -j24 -l24
[30.067s] Invoked command in '/home/q/Algorithm_research/VFH_ws/build/mower_description' returned '0': CMAKE_PREFIX_PATH=${CMAKE_PREFIX_PATH}:/home/q/dev_ws/install/originbot_viz:/home/q/dev_ws/install/originbot_demo:/home/q/dev_ws/install/originbot_gazebo_harmonic:/home/q/dev_ws/install/originbot_gazebo_fortress:/home/q/dev_ws/install/originbot_gazebo:/home/q/dev_ws/install/originbot_description:/home/q/dev_ws/install/line_follower_model:/opt/ros/humble /usr/bin/cmake --build /home/q/Algorithm_research/VFH_ws/build/mower_description -- -j24 -l24
[30.075s] Invoking command in '/home/q/Algorithm_research/VFH_ws/build/mower_description': CMAKE_PREFIX_PATH=${CMAKE_PREFIX_PATH}:/home/q/dev_ws/install/originbot_viz:/home/q/dev_ws/install/originbot_demo:/home/q/dev_ws/install/originbot_gazebo_harmonic:/home/q/dev_ws/install/originbot_gazebo_fortress:/home/q/dev_ws/install/originbot_gazebo:/home/q/dev_ws/install/originbot_description:/home/q/dev_ws/install/line_follower_model:/opt/ros/humble /usr/bin/cmake --install /home/q/Algorithm_research/VFH_ws/build/mower_description
[30.081s] -- Install configuration: ""
[30.081s] -- Execute custom install script
[30.082s] -- Symlinking: /home/q/Algorithm_research/VFH_ws/install/mower_description/share/mower_description/launch/__pycache__/mower_gazebo.launch.cpython-310.pyc
[30.089s] -- Symlinking: /home/q/Algorithm_research/VFH_ws/install/mower_description/share/mower_description/launch/mower_gazebo.launch.py
[30.096s] -- Symlinking: /home/q/Algorithm_research/VFH_ws/install/mower_description/share/mower_description/urdf/mower.urdf
[30.103s] -- Symlinking: /home/q/Algorithm_research/VFH_ws/install/mower_description/share/mower_description/worlds/mower_world.world
[30.111s] -- Symlinking: /home/q/Algorithm_research/VFH_ws/install/mower_description/share/mower_description/worlds/room_world.world
[30.122s] -- Symlinking: /home/q/Algorithm_research/VFH_ws/install/mower_description/share/mower_description/worlds/room_world_open.world
[30.135s] -- Symlinking: /home/q/Algorithm_research/VFH_ws/install/mower_description/share/mower_description/config/rviz/mower_gazebo.rviz
[30.146s] -- Symlinking: /home/q/Algorithm_research/VFH_ws/install/mower_description/share/ament_index/resource_index/package_run_dependencies/mower_description
[30.157s] -- Symlinking: /home/q/Algorithm_research/VFH_ws/install/mower_description/share/ament_index/resource_index/parent_prefix_path/mower_description
[30.167s] -- Symlinking: /home/q/Algorithm_research/VFH_ws/install/mower_description/share/mower_description/environment/ament_prefix_path.sh
[30.175s] -- Symlinking: /home/q/Algorithm_research/VFH_ws/install/mower_description/share/mower_description/environment/ament_prefix_path.dsv
[30.184s] -- Symlinking: /home/q/Algorithm_research/VFH_ws/install/mower_description/share/mower_description/environment/path.sh
[30.191s] -- Symlinking: /home/q/Algorithm_research/VFH_ws/install/mower_description/share/mower_description/environment/path.dsv
[30.200s] -- Symlinking: /home/q/Algorithm_research/VFH_ws/install/mower_description/share/mower_description/local_setup.bash
[30.211s] -- Symlinking: /home/q/Algorithm_research/VFH_ws/install/mower_description/share/mower_description/local_setup.sh
[30.220s] -- Symlinking: /home/q/Algorithm_research/VFH_ws/install/mower_description/share/mower_description/local_setup.zsh
[30.228s] -- Symlinking: /home/q/Algorithm_research/VFH_ws/install/mower_description/share/mower_description/local_setup.dsv
[30.234s] -- Symlinking: /home/q/Algorithm_research/VFH_ws/install/mower_description/share/mower_description/package.dsv
[30.245s] -- Symlinking: /home/q/Algorithm_research/VFH_ws/install/mower_description/share/ament_index/resource_index/packages/mower_description
[30.252s] -- Symlinking: /home/q/Algorithm_research/VFH_ws/install/mower_description/share/mower_description/cmake/mower_descriptionConfig.cmake
[30.260s] -- Symlinking: /home/q/Algorithm_research/VFH_ws/install/mower_description/share/mower_description/cmake/mower_descriptionConfig-version.cmake
[30.268s] -- Symlinking: /home/q/Algorithm_research/VFH_ws/install/mower_description/share/mower_description/package.xml
[30.274s] Invoked command in '/home/q/Algorithm_research/VFH_ws/build/mower_description' returned '0': CMAKE_PREFIX_PATH=${CMAKE_PREFIX_PATH}:/home/q/dev_ws/install/originbot_viz:/home/q/dev_ws/install/originbot_demo:/home/q/dev_ws/install/originbot_gazebo_harmonic:/home/q/dev_ws/install/originbot_gazebo_fortress:/home/q/dev_ws/install/originbot_gazebo:/home/q/dev_ws/install/originbot_description:/home/q/dev_ws/install/line_follower_model:/opt/ros/humble /usr/bin/cmake --install /home/q/Algorithm_research/VFH_ws/build/mower_description
