running develop
running egg_info
creating mower_vfh.egg-info
writing mower_vfh.egg-info/PKG-INFO
writing dependency_links to mower_vfh.egg-info/dependency_links.txt
writing entry points to mower_vfh.egg-info/entry_points.txt
writing requirements to mower_vfh.egg-info/requires.txt
writing top-level names to mower_vfh.egg-info/top_level.txt
writing manifest file 'mower_vfh.egg-info/SOURCES.txt'
reading manifest file 'mower_vfh.egg-info/SOURCES.txt'
writing manifest file 'mower_vfh.egg-info/SOURCES.txt'
running build_ext
Creating /home/q/Algorithm_research/VFH_ws/install/mower_vfh/lib/python3.10/site-packages/mower-vfh.egg-link (link to .)
Installing depth_vfh_controller script to /home/q/Algorithm_research/VFH_ws/install/mower_vfh/lib/mower_vfh

Installed /home/q/Algorithm_research/VFH_ws/build/mower_vfh
running symlink_data
creating /home/q/Algorithm_research/VFH_ws/install/mower_vfh/share/ament_index
creating /home/q/Algorithm_research/VFH_ws/install/mower_vfh/share/ament_index/resource_index
creating /home/q/Algorithm_research/VFH_ws/install/mower_vfh/share/ament_index/resource_index/packages
symbolically linking /home/q/Algorithm_research/VFH_ws/build/mower_vfh/resource/mower_vfh -> /home/q/Algorithm_research/VFH_ws/install/mower_vfh/share/ament_index/resource_index/packages
symbolically linking /home/q/Algorithm_research/VFH_ws/build/mower_vfh/package.xml -> /home/q/Algorithm_research/VFH_ws/install/mower_vfh/share/mower_vfh
creating /home/q/Algorithm_research/VFH_ws/install/mower_vfh/share/mower_vfh/launch
symbolically linking /home/q/Algorithm_research/VFH_ws/build/mower_vfh/launch/vfh_gazebo.launch.py -> /home/q/Algorithm_research/VFH_ws/install/mower_vfh/share/mower_vfh/launch
