-- Install configuration: ""
-- Up-to-date: /home/q/Algorithm_research/VFH_ws/install/mower_description/share/mower_description/launch
-- Up-to-date: /home/q/Algorithm_research/VFH_ws/install/mower_description/share/mower_description/launch/mower_gazebo.launch.py
-- Up-to-date: /home/q/Algorithm_research/VFH_ws/install/mower_description/share/mower_description/launch/__pycache__
-- Installing: /home/q/Algorithm_research/VFH_ws/install/mower_description/share/mower_description/launch/__pycache__/mower_gazebo.launch.cpython-310.pyc
-- Up-to-date: /home/q/Algorithm_research/VFH_ws/install/mower_description/share/mower_description/urdf
-- Up-to-date: /home/q/Algorithm_research/VFH_ws/install/mower_description/share/mower_description/urdf/mower.urdf
-- Up-to-date: /home/q/Algorithm_research/VFH_ws/install/mower_description/share/mower_description/worlds
-- Up-to-date: /home/q/Algorithm_research/VFH_ws/install/mower_description/share/mower_description/worlds/room_world.world
-- Up-to-date: /home/q/Algorithm_research/VFH_ws/install/mower_description/share/mower_description/worlds/room_world_open.world
-- Up-to-date: /home/q/Algorithm_research/VFH_ws/install/mower_description/share/mower_description/worlds/mower_world.world
-- Up-to-date: /home/q/Algorithm_research/VFH_ws/install/mower_description/share/mower_description/config
-- Up-to-date: /home/q/Algorithm_research/VFH_ws/install/mower_description/share/mower_description/config/rviz
-- Up-to-date: /home/q/Algorithm_research/VFH_ws/install/mower_description/share/mower_description/config/rviz/mower_gazebo.rviz
-- Up-to-date: /home/q/Algorithm_research/VFH_ws/install/mower_description/share/ament_index/resource_index/package_run_dependencies/mower_description
-- Up-to-date: /home/q/Algorithm_research/VFH_ws/install/mower_description/share/ament_index/resource_index/parent_prefix_path/mower_description
-- Up-to-date: /home/q/Algorithm_research/VFH_ws/install/mower_description/share/mower_description/environment/ament_prefix_path.sh
-- Up-to-date: /home/q/Algorithm_research/VFH_ws/install/mower_description/share/mower_description/environment/ament_prefix_path.dsv
-- Up-to-date: /home/q/Algorithm_research/VFH_ws/install/mower_description/share/mower_description/environment/path.sh
-- Up-to-date: /home/q/Algorithm_research/VFH_ws/install/mower_description/share/mower_description/environment/path.dsv
-- Up-to-date: /home/q/Algorithm_research/VFH_ws/install/mower_description/share/mower_description/local_setup.bash
-- Up-to-date: /home/q/Algorithm_research/VFH_ws/install/mower_description/share/mower_description/local_setup.sh
-- Up-to-date: /home/q/Algorithm_research/VFH_ws/install/mower_description/share/mower_description/local_setup.zsh
-- Up-to-date: /home/q/Algorithm_research/VFH_ws/install/mower_description/share/mower_description/local_setup.dsv
-- Up-to-date: /home/q/Algorithm_research/VFH_ws/install/mower_description/share/mower_description/package.dsv
-- Up-to-date: /home/q/Algorithm_research/VFH_ws/install/mower_description/share/ament_index/resource_index/packages/mower_description
-- Up-to-date: /home/q/Algorithm_research/VFH_ws/install/mower_description/share/mower_description/cmake/mower_descriptionConfig.cmake
-- Up-to-date: /home/q/Algorithm_research/VFH_ws/install/mower_description/share/mower_description/cmake/mower_descriptionConfig-version.cmake
-- Up-to-date: /home/q/Algorithm_research/VFH_ws/install/mower_description/share/mower_description/package.xml
