[0.845s] Invoking command in '/home/q/Algorithm_research/VFH_ws/src/mower_vfh_lidar': PYTHONPATH=/home/q/Algorithm_research/VFH_ws/build/mower_vfh_lidar/prefix_override:/usr/lib/python3/dist-packages/colcon_core/task/python/colcon_distutils_commands:/home/q/Algorithm_research/VFH_ws/install/mower_vfh_lidar/lib/python3.10/site-packages:${PYTHONPATH} /usr/bin/python3 -W ignore:setup.py install is deprecated -W ignore:easy_install command is deprecated setup.py egg_info --egg-base ../../build/mower_vfh_lidar build --build-base /home/q/Algorithm_research/VFH_ws/build/mower_vfh_lidar/build install --record /home/q/Algorithm_research/VFH_ws/build/mower_vfh_lidar/install.log --single-version-externally-managed install_data
[1.088s] running egg_info
[1.088s] writing ../../build/mower_vfh_lidar/mower_vfh_lidar.egg-info/PKG-INFO
[1.088s] writing dependency_links to ../../build/mower_vfh_lidar/mower_vfh_lidar.egg-info/dependency_links.txt
[1.089s] writing entry points to ../../build/mower_vfh_lidar/mower_vfh_lidar.egg-info/entry_points.txt
[1.089s] writing requirements to ../../build/mower_vfh_lidar/mower_vfh_lidar.egg-info/requires.txt
[1.089s] writing top-level names to ../../build/mower_vfh_lidar/mower_vfh_lidar.egg-info/top_level.txt
[1.090s] reading manifest file '../../build/mower_vfh_lidar/mower_vfh_lidar.egg-info/SOURCES.txt'
[1.091s] writing manifest file '../../build/mower_vfh_lidar/mower_vfh_lidar.egg-info/SOURCES.txt'
[1.091s] running build
[1.091s] running build_py
[1.091s] running install
[1.092s] running install_lib
[1.093s] running install_data
[1.093s] running install_egg_info
[1.094s] removing '/home/q/Algorithm_research/VFH_ws/install/mower_vfh_lidar/lib/python3.10/site-packages/mower_vfh_lidar-0.0.1-py3.10.egg-info' (and everything under it)
[1.094s] Copying ../../build/mower_vfh_lidar/mower_vfh_lidar.egg-info to /home/q/Algorithm_research/VFH_ws/install/mower_vfh_lidar/lib/python3.10/site-packages/mower_vfh_lidar-0.0.1-py3.10.egg-info
[1.096s] running install_scripts
[1.119s] Installing lidar_vfh_controller script to /home/q/Algorithm_research/VFH_ws/install/mower_vfh_lidar/lib/mower_vfh_lidar
[1.119s] writing list of installed files to '/home/q/Algorithm_research/VFH_ws/build/mower_vfh_lidar/install.log'
[1.143s] Invoked command in '/home/q/Algorithm_research/VFH_ws/src/mower_vfh_lidar' returned '0': PYTHONPATH=/home/q/Algorithm_research/VFH_ws/build/mower_vfh_lidar/prefix_override:/usr/lib/python3/dist-packages/colcon_core/task/python/colcon_distutils_commands:/home/q/Algorithm_research/VFH_ws/install/mower_vfh_lidar/lib/python3.10/site-packages:${PYTHONPATH} /usr/bin/python3 -W ignore:setup.py install is deprecated -W ignore:easy_install command is deprecated setup.py egg_info --egg-base ../../build/mower_vfh_lidar build --build-base /home/q/Algorithm_research/VFH_ws/build/mower_vfh_lidar/build install --record /home/q/Algorithm_research/VFH_ws/build/mower_vfh_lidar/install.log --single-version-externally-managed install_data
