[0.618s] Invoking command in '/home/q/Algorithm_research/VFH_ws/build/mower_vfh': AMENT_PREFIX_PATH=/home/q/Algorithm_research/VFH_ws/install/mower_description:${AMENT_PREFIX_PATH} CMAKE_PREFIX_PATH=/home/q/Algorithm_research/VFH_ws/install/mower_description:${CMAKE_PREFIX_PATH} PYTHONPATH=/home/q/Algorithm_research/VFH_ws/build/mower_vfh/prefix_override:/usr/lib/python3/dist-packages/colcon_core/task/python/colcon_distutils_commands:/home/q/Algorithm_research/VFH_ws/install/mower_vfh/lib/python3.10/site-packages:${PYTHONPATH} /usr/bin/python3 -W ignore:setup.py install is deprecated -W ignore:easy_install command is deprecated setup.py develop --uninstall --editable --build-directory /home/q/Algorithm_research/VFH_ws/build/mower_vfh/build
[0.852s] running develop
[1.042s] Removing /home/q/Algorithm_research/VFH_ws/install/mower_vfh/lib/python3.10/site-packages/mower-vfh.egg-link (link to .)
[1.058s] Invoked command in '/home/q/Algorithm_research/VFH_ws/build/mower_vfh' returned '0': AMENT_PREFIX_PATH=/home/q/Algorithm_research/VFH_ws/install/mower_description:${AMENT_PREFIX_PATH} CMAKE_PREFIX_PATH=/home/q/Algorithm_research/VFH_ws/install/mower_description:${CMAKE_PREFIX_PATH} PYTHONPATH=/home/q/Algorithm_research/VFH_ws/build/mower_vfh/prefix_override:/usr/lib/python3/dist-packages/colcon_core/task/python/colcon_distutils_commands:/home/q/Algorithm_research/VFH_ws/install/mower_vfh/lib/python3.10/site-packages:${PYTHONPATH} /usr/bin/python3 -W ignore:setup.py install is deprecated -W ignore:easy_install command is deprecated setup.py develop --uninstall --editable --build-directory /home/q/Algorithm_research/VFH_ws/build/mower_vfh/build
[1.060s] Invoking command in '/home/q/Algorithm_research/VFH_ws/src/mower_vfh': AMENT_PREFIX_PATH=/home/q/Algorithm_research/VFH_ws/install/mower_description:${AMENT_PREFIX_PATH} CMAKE_PREFIX_PATH=/home/q/Algorithm_research/VFH_ws/install/mower_description:${CMAKE_PREFIX_PATH} PYTHONPATH=/home/q/Algorithm_research/VFH_ws/build/mower_vfh/prefix_override:/usr/lib/python3/dist-packages/colcon_core/task/python/colcon_distutils_commands:/home/q/Algorithm_research/VFH_ws/install/mower_vfh/lib/python3.10/site-packages:${PYTHONPATH} /usr/bin/python3 -W ignore:setup.py install is deprecated -W ignore:easy_install command is deprecated setup.py egg_info --egg-base ../../build/mower_vfh build --build-base /home/q/Algorithm_research/VFH_ws/build/mower_vfh/build install --record /home/q/Algorithm_research/VFH_ws/build/mower_vfh/install.log --single-version-externally-managed install_data --force
[1.314s] running egg_info
[1.314s] writing ../../build/mower_vfh/mower_vfh.egg-info/PKG-INFO
[1.315s] writing dependency_links to ../../build/mower_vfh/mower_vfh.egg-info/dependency_links.txt
[1.315s] writing entry points to ../../build/mower_vfh/mower_vfh.egg-info/entry_points.txt
[1.316s] writing requirements to ../../build/mower_vfh/mower_vfh.egg-info/requires.txt
[1.316s] writing top-level names to ../../build/mower_vfh/mower_vfh.egg-info/top_level.txt
[1.318s] reading manifest file '../../build/mower_vfh/mower_vfh.egg-info/SOURCES.txt'
[1.320s] writing manifest file '../../build/mower_vfh/mower_vfh.egg-info/SOURCES.txt'
[1.320s] running build
[1.320s] running build_py
[1.321s] creating /home/q/Algorithm_research/VFH_ws/build/mower_vfh/build
[1.321s] creating /home/q/Algorithm_research/VFH_ws/build/mower_vfh/build/lib
[1.321s] creating /home/q/Algorithm_research/VFH_ws/build/mower_vfh/build/lib/mower_vfh
[1.321s] copying mower_vfh/depth_vfh_controller.py -> /home/q/Algorithm_research/VFH_ws/build/mower_vfh/build/lib/mower_vfh
[1.321s] copying mower_vfh/__init__.py -> /home/q/Algorithm_research/VFH_ws/build/mower_vfh/build/lib/mower_vfh
[1.322s] running install
[1.322s] running install_lib
[1.323s] creating /home/q/Algorithm_research/VFH_ws/install/mower_vfh/lib/python3.10/site-packages/mower_vfh
[1.323s] copying /home/q/Algorithm_research/VFH_ws/build/mower_vfh/build/lib/mower_vfh/depth_vfh_controller.py -> /home/q/Algorithm_research/VFH_ws/install/mower_vfh/lib/python3.10/site-packages/mower_vfh
[1.327s] copying /home/q/Algorithm_research/VFH_ws/build/mower_vfh/build/lib/mower_vfh/__init__.py -> /home/q/Algorithm_research/VFH_ws/install/mower_vfh/lib/python3.10/site-packages/mower_vfh
[1.328s] byte-compiling /home/q/Algorithm_research/VFH_ws/install/mower_vfh/lib/python3.10/site-packages/mower_vfh/depth_vfh_controller.py to depth_vfh_controller.cpython-310.pyc
[1.336s] byte-compiling /home/q/Algorithm_research/VFH_ws/install/mower_vfh/lib/python3.10/site-packages/mower_vfh/__init__.py to __init__.cpython-310.pyc
[1.336s] running install_data
[1.336s] copying resource/mower_vfh -> /home/q/Algorithm_research/VFH_ws/install/mower_vfh/share/ament_index/resource_index/packages
[1.337s] copying package.xml -> /home/q/Algorithm_research/VFH_ws/install/mower_vfh/share/mower_vfh
[1.337s] copying launch/vfh_gazebo.launch.py -> /home/q/Algorithm_research/VFH_ws/install/mower_vfh/share/mower_vfh/launch
[1.337s] running install_egg_info
[1.339s] Copying ../../build/mower_vfh/mower_vfh.egg-info to /home/q/Algorithm_research/VFH_ws/install/mower_vfh/lib/python3.10/site-packages/mower_vfh-0.0.1-py3.10.egg-info
[1.342s] running install_scripts
[1.360s] Installing depth_vfh_controller script to /home/q/Algorithm_research/VFH_ws/install/mower_vfh/lib/mower_vfh
[1.361s] writing list of installed files to '/home/q/Algorithm_research/VFH_ws/build/mower_vfh/install.log'
[1.377s] Invoked command in '/home/q/Algorithm_research/VFH_ws/src/mower_vfh' returned '0': AMENT_PREFIX_PATH=/home/q/Algorithm_research/VFH_ws/install/mower_description:${AMENT_PREFIX_PATH} CMAKE_PREFIX_PATH=/home/q/Algorithm_research/VFH_ws/install/mower_description:${CMAKE_PREFIX_PATH} PYTHONPATH=/home/q/Algorithm_research/VFH_ws/build/mower_vfh/prefix_override:/usr/lib/python3/dist-packages/colcon_core/task/python/colcon_distutils_commands:/home/q/Algorithm_research/VFH_ws/install/mower_vfh/lib/python3.10/site-packages:${PYTHONPATH} /usr/bin/python3 -W ignore:setup.py install is deprecated -W ignore:easy_install command is deprecated setup.py egg_info --egg-base ../../build/mower_vfh build --build-base /home/q/Algorithm_research/VFH_ws/build/mower_vfh/build install --record /home/q/Algorithm_research/VFH_ws/build/mower_vfh/install.log --single-version-externally-managed install_data --force
