[0.866s] Invoking command in '/home/q/Algorithm_research/VFH_ws/src/mower_vfh_lidar': PYTHONPATH=/home/q/Algorithm_research/VFH_ws/build/mower_vfh_lidar/prefix_override:/usr/lib/python3/dist-packages/colcon_core/task/python/colcon_distutils_commands:/home/q/Algorithm_research/VFH_ws/install/mower_vfh_lidar/lib/python3.10/site-packages:${PYTHONPATH} /usr/bin/python3 -W ignore:setup.py install is deprecated -W ignore:easy_install command is deprecated setup.py egg_info --egg-base ../../build/mower_vfh_lidar build --build-base /home/q/Algorithm_research/VFH_ws/build/mower_vfh_lidar/build install --record /home/q/Algorithm_research/VFH_ws/build/mower_vfh_lidar/install.log --single-version-externally-managed install_data
[1.158s] running egg_info
[1.158s] writing ../../build/mower_vfh_lidar/mower_vfh_lidar.egg-info/PKG-INFO
[1.159s] writing dependency_links to ../../build/mower_vfh_lidar/mower_vfh_lidar.egg-info/dependency_links.txt
[1.159s] writing entry points to ../../build/mower_vfh_lidar/mower_vfh_lidar.egg-info/entry_points.txt
[1.159s] writing requirements to ../../build/mower_vfh_lidar/mower_vfh_lidar.egg-info/requires.txt
[1.159s] writing top-level names to ../../build/mower_vfh_lidar/mower_vfh_lidar.egg-info/top_level.txt
[1.163s] reading manifest file '../../build/mower_vfh_lidar/mower_vfh_lidar.egg-info/SOURCES.txt'
[1.163s] writing manifest file '../../build/mower_vfh_lidar/mower_vfh_lidar.egg-info/SOURCES.txt'
[1.163s] running build
[1.163s] running build_py
[1.164s] running install
[1.164s] running install_lib
[1.165s] running install_data
[1.166s] running install_egg_info
[1.167s] removing '/home/q/Algorithm_research/VFH_ws/install/mower_vfh_lidar/lib/python3.10/site-packages/mower_vfh_lidar-0.0.1-py3.10.egg-info' (and everything under it)
[1.167s] Copying ../../build/mower_vfh_lidar/mower_vfh_lidar.egg-info to /home/q/Algorithm_research/VFH_ws/install/mower_vfh_lidar/lib/python3.10/site-packages/mower_vfh_lidar-0.0.1-py3.10.egg-info
[1.169s] running install_scripts
[1.188s] Installing lidar_vfh_controller script to /home/q/Algorithm_research/VFH_ws/install/mower_vfh_lidar/lib/mower_vfh_lidar
[1.189s] writing list of installed files to '/home/q/Algorithm_research/VFH_ws/build/mower_vfh_lidar/install.log'
[1.206s] Invoked command in '/home/q/Algorithm_research/VFH_ws/src/mower_vfh_lidar' returned '0': PYTHONPATH=/home/q/Algorithm_research/VFH_ws/build/mower_vfh_lidar/prefix_override:/usr/lib/python3/dist-packages/colcon_core/task/python/colcon_distutils_commands:/home/q/Algorithm_research/VFH_ws/install/mower_vfh_lidar/lib/python3.10/site-packages:${PYTHONPATH} /usr/bin/python3 -W ignore:setup.py install is deprecated -W ignore:easy_install command is deprecated setup.py egg_info --egg-base ../../build/mower_vfh_lidar build --build-base /home/q/Algorithm_research/VFH_ws/build/mower_vfh_lidar/build install --record /home/q/Algorithm_research/VFH_ws/build/mower_vfh_lidar/install.log --single-version-externally-managed install_data
