-- The C compiler identification is GNU 11.4.0
-- The CXX compiler identification is GNU 11.4.0
-- Detecting C compiler ABI info
-- Detecting C compiler ABI info - done
-- Check for working C compiler: /usr/bin/cc - skipped
-- Detecting C compile features
-- Detecting C compile features - done
-- Detecting CXX compiler ABI info
-- Detecting CXX compiler ABI info - done
-- Check for working CXX compiler: /usr/bin/c++ - skipped
-- Detecting CXX compile features
-- Detecting CXX compile features - done
-- Found ament_cmake: 1.3.14 (/opt/ros/humble/share/ament_cmake/cmake)
-- Found Python3: /usr/bin/python3 (found version "3.10.12") found components: Interpreter 
-- Found rclcpp: 16.0.18 (/opt/ros/humble/share/rclcpp/cmake)
-- Found rosidl_generator_c: 3.1.8 (/opt/ros/humble/share/rosidl_generator_c/cmake)
-- Found rosidl_adapter: 3.1.8 (/opt/ros/humble/share/rosidl_adapter/cmake)
-- Found rosidl_generator_cpp: 3.1.8 (/opt/ros/humble/share/rosidl_generator_cpp/cmake)
-- Using all available rosidl_typesupport_c: rosidl_typesupport_fastrtps_c;rosidl_typesupport_introspection_c
-- Using all available rosidl_typesupport_cpp: rosidl_typesupport_fastrtps_cpp;rosidl_typesupport_introspection_cpp
-- Found rmw_implementation_cmake: 6.1.2 (/opt/ros/humble/share/rmw_implementation_cmake/cmake)
-- Found rmw_fastrtps_cpp: 6.2.10 (/opt/ros/humble/share/rmw_fastrtps_cpp/cmake)
-- Found OpenSSL: /usr/lib/x86_64-linux-gnu/libcrypto.so (found version "3.0.2")  
-- Found FastRTPS: /opt/ros/humble/include  
-- Using RMW implementation 'rmw_fastrtps_cpp' as default
-- Looking for pthread.h
-- Looking for pthread.h - found
-- Performing Test CMAKE_HAVE_LIBC_PTHREAD
-- Performing Test CMAKE_HAVE_LIBC_PTHREAD - Success
-- Found Threads: TRUE  
-- Found geometry_msgs: 4.9.1 (/opt/ros/humble/share/geometry_msgs/cmake)
-- Found nav_msgs: 4.9.1 (/opt/ros/humble/share/nav_msgs/cmake)
-- Found sensor_msgs: 4.9.1 (/opt/ros/humble/share/sensor_msgs/cmake)
-- Found ament_lint_auto: 0.12.15 (/opt/ros/humble/share/ament_lint_auto/cmake)
-- Added test 'cppcheck' to perform static code analysis on C / C++ code
-- Configured cppcheck include dirs: $<BUILD_INTERFACE:/home/q/Algorithm_research/VFH_ws/src/mower_vfh/include>
-- Configured cppcheck exclude dirs and/or files: 
-- Added test 'flake8' to check Python code syntax and style conventions
-- Added test 'lint_cmake' to check CMake code style
-- Added test 'pep257' to check Python code against some of the docstring style conventions in PEP 257
-- Added test 'uncrustify' to check C / C++ code style
-- Configured uncrustify additional arguments: 
-- Added test 'xmllint' to check XML markup files
-- Configuring done
-- Generating done
-- Build files have been written to: /home/q/Algorithm_research/VFH_ws/build/mower_vfh
[ 50%] [32mBuilding CXX object CMakeFiles/depth_vfh_controller.dir/src/depth_vfh_controller.cpp.o[0m
[01m[K/home/q/Algorithm_research/VFH_ws/src/mower_vfh/src/depth_vfh_controller.cpp:[m[K In member function ‘[01m[Kvoid DepthVFHController::process_depth_32fc1(sensor_msgs::msg::Image_<std::allocator<void> >::SharedPtr, int, int, std::vector<double, std::allocator<double> >&)[m[K’:
[01m[K/home/q/Algorithm_research/VFH_ws/src/mower_vfh/src/depth_vfh_controller.cpp:464:13:[m[K [01;35m[Kwarning: [m[Kunused variable ‘[01m[Kh[m[K’ [[01;35m[K]8;;https://gcc.gnu.org/onlinedocs/gcc/Warning-Options.html#index-Wunused-variable-Wunused-variable]8;;[m[K]
  464 |         int [01;35m[Kh[m[K = depth_img->height;
      |             [01;35m[K^[m[K
[01m[K/home/q/Algorithm_research/VFH_ws/src/mower_vfh/src/depth_vfh_controller.cpp:[m[K In member function ‘[01m[Kvoid DepthVFHController::process_depth_16uc1(sensor_msgs::msg::Image_<std::allocator<void> >::SharedPtr, int, int, std::vector<double, std::allocator<double> >&)[m[K’:
[01m[K/home/q/Algorithm_research/VFH_ws/src/mower_vfh/src/depth_vfh_controller.cpp:501:13:[m[K [01;35m[Kwarning: [m[Kunused variable ‘[01m[Kh[m[K’ [[01;35m[K]8;;https://gcc.gnu.org/onlinedocs/gcc/Warning-Options.html#index-Wunused-variable-Wunused-variable]8;;[m[K]
  501 |         int [01;35m[Kh[m[K = depth_img->height;
      |             [01;35m[K^[m[K
[100%] [32m[1mLinking CXX executable depth_vfh_controller[0m
[100%] Built target depth_vfh_controller
-- Install configuration: ""
-- Installing: /home/q/Algorithm_research/VFH_ws/install/mower_vfh/lib/mower_vfh/depth_vfh_controller
-- Set runtime path of "/home/q/Algorithm_research/VFH_ws/install/mower_vfh/lib/mower_vfh/depth_vfh_controller" to ""
-- Installing: /home/q/Algorithm_research/VFH_ws/install/mower_vfh/share/mower_vfh/launch
-- Installing: /home/q/Algorithm_research/VFH_ws/install/mower_vfh/share/mower_vfh/launch/vfh_gazebo.launch.py
-- Installing: /home/q/Algorithm_research/VFH_ws/install/mower_vfh/share/ament_index/resource_index/package_run_dependencies/mower_vfh
-- Installing: /home/q/Algorithm_research/VFH_ws/install/mower_vfh/share/ament_index/resource_index/parent_prefix_path/mower_vfh
-- Installing: /home/q/Algorithm_research/VFH_ws/install/mower_vfh/share/mower_vfh/environment/ament_prefix_path.sh
-- Installing: /home/q/Algorithm_research/VFH_ws/install/mower_vfh/share/mower_vfh/environment/ament_prefix_path.dsv
-- Installing: /home/q/Algorithm_research/VFH_ws/install/mower_vfh/share/mower_vfh/environment/path.sh
-- Installing: /home/q/Algorithm_research/VFH_ws/install/mower_vfh/share/mower_vfh/environment/path.dsv
-- Installing: /home/q/Algorithm_research/VFH_ws/install/mower_vfh/share/mower_vfh/local_setup.bash
-- Installing: /home/q/Algorithm_research/VFH_ws/install/mower_vfh/share/mower_vfh/local_setup.sh
-- Installing: /home/q/Algorithm_research/VFH_ws/install/mower_vfh/share/mower_vfh/local_setup.zsh
-- Installing: /home/q/Algorithm_research/VFH_ws/install/mower_vfh/share/mower_vfh/local_setup.dsv
-- Installing: /home/q/Algorithm_research/VFH_ws/install/mower_vfh/share/mower_vfh/package.dsv
-- Installing: /home/q/Algorithm_research/VFH_ws/install/mower_vfh/share/ament_index/resource_index/packages/mower_vfh
-- Installing: /home/q/Algorithm_research/VFH_ws/install/mower_vfh/share/mower_vfh/cmake/mower_vfhConfig.cmake
-- Installing: /home/q/Algorithm_research/VFH_ws/install/mower_vfh/share/mower_vfh/cmake/mower_vfhConfig-version.cmake
-- Installing: /home/q/Algorithm_research/VFH_ws/install/mower_vfh/share/mower_vfh/package.xml
