[0.012s] Invoking command in '/home/q/Algorithm_research/VFH_ws/build/mower_description': CMAKE_PREFIX_PATH=${CMAKE_PREFIX_PATH}:/home/q/dev_ws/install/originbot_viz:/home/q/dev_ws/install/originbot_demo:/home/q/dev_ws/install/originbot_gazebo_harmonic:/home/q/dev_ws/install/originbot_gazebo_fortress:/home/q/dev_ws/install/originbot_gazebo:/home/q/dev_ws/install/originbot_description:/home/q/dev_ws/install/line_follower_model:/opt/ros/humble /usr/bin/cmake /home/q/Algorithm_research/VFH_ws/src/mower_description -DCMAKE_INSTALL_PREFIX=/home/q/Algorithm_research/VFH_ws/install/mower_description
[0.151s] -- The C compiler identification is GNU 11.4.0
[0.297s] -- The CXX compiler identification is GNU 11.4.0
[0.331s] -- Detecting C compiler ABI info
[0.501s] -- Detecting C compiler ABI info - done
[0.514s] -- Check for working C compiler: /usr/bin/cc - skipped
[0.516s] -- Detecting C compile features
[0.517s] -- Detecting C compile features - done
[0.523s] -- Detecting CXX compiler ABI info
[0.696s] -- Detecting CXX compiler ABI info - done
[0.705s] -- Check for working CXX compiler: /usr/bin/c++ - skipped
[0.706s] -- Detecting CXX compile features
[0.706s] -- Detecting CXX compile features - done
[0.712s] -- Found ament_cmake: 1.3.14 (/opt/ros/humble/share/ament_cmake/cmake)
[0.950s] -- Found Python3: /usr/bin/python3 (found version "3.10.12") found components: Interpreter 
[1.198s] -- Found urdf: 2.6.1 (/opt/ros/humble/share/urdf/cmake)
[1.315s] -- Found xacro: 2.1.1 (/opt/ros/humble/share/xacro/cmake)
[1.319s] -- Found gazebo_ros: 3.9.0 (/opt/ros/humble/share/gazebo_ros/cmake)
[1.406s] -- Found rosidl_generator_c: 3.1.8 (/opt/ros/humble/share/rosidl_generator_c/cmake)
[1.415s] -- Found rosidl_adapter: 3.1.8 (/opt/ros/humble/share/rosidl_adapter/cmake)
[1.431s] -- Found rosidl_generator_cpp: 3.1.8 (/opt/ros/humble/share/rosidl_generator_cpp/cmake)
[1.452s] -- Using all available rosidl_typesupport_c: rosidl_typesupport_fastrtps_c;rosidl_typesupport_introspection_c
[1.470s] -- Using all available rosidl_typesupport_cpp: rosidl_typesupport_fastrtps_cpp;rosidl_typesupport_introspection_cpp
[1.558s] -- Found rmw_implementation_cmake: 6.1.2 (/opt/ros/humble/share/rmw_implementation_cmake/cmake)
[1.566s] -- Found rmw_fastrtps_cpp: 6.2.10 (/opt/ros/humble/share/rmw_fastrtps_cpp/cmake)
[1.620s] -- Found TinyXML2 via Config file: TinyXML2_DIR-NOTFOUND
[1.713s] -- Found OpenSSL: /usr/lib/x86_64-linux-gnu/libcrypto.so (found version "3.0.2")  
[1.726s] -- Found TinyXML2 via Config file: TinyXML2_DIR-NOTFOUND
[1.747s] -- Found FastRTPS: /opt/ros/humble/include  
[1.751s] -- Found TinyXML2 via Config file: TinyXML2_DIR-NOTFOUND
[1.760s] -- Found TinyXML2 via Config file: TinyXML2_DIR-NOTFOUND
[1.770s] -- Using RMW implementation 'rmw_fastrtps_cpp' as default
[1.801s] -- Looking for pthread.h
[1.953s] -- Looking for pthread.h - found
[1.954s] -- Performing Test CMAKE_HAVE_LIBC_PTHREAD
[2.094s] -- Performing Test CMAKE_HAVE_LIBC_PTHREAD - Success
[2.097s] -- Found Threads: TRUE  
[2.293s] -- Found PkgConfig: /usr/bin/pkg-config (found version "0.29.2") 
[2.295s] -- Checking for module 'bullet>=2.82'
[2.317s] --   Found bullet, version 3.05
[2.519s] -- Found fcl: /usr/include (found suitable version "0.7.0", minimum required is "0.5.0") 
[2.619s] -- Found assimp: /usr/include (found version "5.2.0") 
[2.676s] -- Found DART: /usr/include (Required is at least version "6.6") found components: dart 
[2.731s] -- Found Boost: /usr/lib/x86_64-linux-gnu/cmake/Boost-1.74.0/BoostConfig.cmake (found suitable version "1.74.0", minimum required is "1.40.0") found components: thread system filesystem program_options regex iostreams date_time 
[2.753s] -- Found Protobuf: /usr/lib/x86_64-linux-gnu/libprotobuf.so (found version "3.12.4") 
[2.773s] -- Looking for ignition-math6 -- found version 6.15.1
[2.791s] -- Searching for dependencies of ignition-math6
[2.795s] -- Looking for OGRE...
[2.795s] -- OGRE_PREFIX_WATCH changed.
[2.801s] -- Checking for module 'OGRE'
[2.818s] --   Found OGRE, version 1.9.0
[2.857s] -- Found Ogre Ghadamon (1.9.0)
[2.864s] -- Found OGRE: optimized;/usr/lib/x86_64-linux-gnu/libOgreMain.so;debug;/usr/lib/x86_64-linux-gnu/libOgreMain.so
[2.874s] -- Looking for OGRE_Paging...
[2.879s] -- Found OGRE_Paging: optimized;/usr/lib/x86_64-linux-gnu/libOgrePaging.so;debug;/usr/lib/x86_64-linux-gnu/libOgrePaging.so
[2.879s] -- Looking for OGRE_Terrain...
[2.883s] -- Found OGRE_Terrain: optimized;/usr/lib/x86_64-linux-gnu/libOgreTerrain.so;debug;/usr/lib/x86_64-linux-gnu/libOgreTerrain.so
[2.883s] -- Looking for OGRE_Property...
[2.886s] -- Found OGRE_Property: optimized;/usr/lib/x86_64-linux-gnu/libOgreProperty.so;debug;/usr/lib/x86_64-linux-gnu/libOgreProperty.so
[2.886s] -- Looking for OGRE_RTShaderSystem...
[2.890s] -- Found OGRE_RTShaderSystem: optimized;/usr/lib/x86_64-linux-gnu/libOgreRTShaderSystem.so;debug;/usr/lib/x86_64-linux-gnu/libOgreRTShaderSystem.so
[2.890s] -- Looking for OGRE_Volume...
[2.894s] -- Found OGRE_Volume: optimized;/usr/lib/x86_64-linux-gnu/libOgreVolume.so;debug;/usr/lib/x86_64-linux-gnu/libOgreVolume.so
[2.894s] -- Looking for OGRE_Overlay...
[2.898s] -- Found OGRE_Overlay: optimized;/usr/lib/x86_64-linux-gnu/libOgreOverlay.so;debug;/usr/lib/x86_64-linux-gnu/libOgreOverlay.so
[2.980s] -- Looking for ignition-math6 -- found version 6.15.1
[2.987s] -- Looking for ignition-transport8 -- found version 8.2.1
[2.988s] -- Searching for dependencies of ignition-transport8
[3.006s] -- Found Protobuf: /usr/lib/x86_64-linux-gnu/libprotobuf.so (found suitable version "3.12.4", minimum required is "3") 
[3.018s] -- Config-file not installed for ZeroMQ -- checking for pkg-config
[3.023s] -- Checking for module 'libzmq >= 4'
[3.046s] --   Found libzmq , version 4.3.4
[3.102s] -- Found ZeroMQ: TRUE (Required is at least version "4") 
[3.114s] -- Checking for module 'uuid'
[3.142s] --   Found uuid, version 2.37.2
[3.199s] -- Found UUID: TRUE  
[3.207s] -- Looking for ignition-msgs5 -- found version 5.8.1
[3.208s] -- Searching for dependencies of ignition-msgs5
[3.239s] -- Looking for ignition-math6 -- found version 6.15.1
[3.249s] -- Checking for module 'tinyxml2'
[3.273s] --   Found tinyxml2, version 9.0.0
[3.343s] -- Looking for ignition-msgs5 -- found version 5.8.1
[3.353s] -- Looking for ignition-common3 -- found version 3.14.0
[3.355s] -- Searching for dependencies of ignition-common3
[3.357s] -- Looking for dlfcn.h - found
[3.358s] -- Looking for libdl - found
[3.361s] -- Found DL: TRUE  
[3.387s] -- Found tinyobjloader: /usr/lib/x86_64-linux-gnu/cmake/tinyobjloader/tinyobjloader-config.cmake (found version "2.0.0") 
[3.389s] -- Searching for <ignition-common3> component [graphics]
[3.398s] -- Looking for ignition-common3-graphics -- found version 3.14.0
[3.400s] -- Searching for dependencies of ignition-common3-graphics
[3.401s] -- Looking for ignition-math6 -- found version 6.15.1
[3.411s] -- Looking for ignition-fuel_tools4 -- found version 4.4.0
[3.412s] -- Searching for dependencies of ignition-fuel_tools4
[3.541s] -- Found CURL: /usr/lib/x86_64-linux-gnu/libcurl.so (found version "7.81.0")  
[3.563s] -- Checking for module 'jsoncpp'
[3.588s] --   Found jsoncpp, version 1.9.5
[3.648s] -- Found JSONCPP: TRUE  
[3.661s] -- Checking for module 'libzip'
[3.689s] --   Found libzip, version 1.7.3
[3.735s] -- Found ZIP: TRUE  
[3.736s] -- Looking for ignition-common3 -- found version 3.14.0
[3.737s] -- Looking for ignition-math6 -- found version 6.15.1
[3.738s] -- Looking for ignition-msgs5 -- found version 5.8.1
[3.752s] -- Gazebo version: 11.10
[3.753s] -- Checking for module 'tbb'
[3.779s] --   Found tbb, version 2021.5.0
[3.828s] -- Found ament_lint_auto: 0.12.15 (/opt/ros/humble/share/ament_lint_auto/cmake)
[3.951s] -- Added test 'flake8' to check Python code syntax and style conventions
[3.952s] -- Added test 'lint_cmake' to check CMake code style
[3.953s] -- Added test 'pep257' to check Python code against some of the docstring style conventions in PEP 257
[3.955s] -- Added test 'xmllint' to check XML markup files
[3.959s] -- Configuring done
[3.963s] -- Generating done
[3.968s] -- Build files have been written to: /home/q/Algorithm_research/VFH_ws/build/mower_description
[3.976s] Invoked command in '/home/q/Algorithm_research/VFH_ws/build/mower_description' returned '0': CMAKE_PREFIX_PATH=${CMAKE_PREFIX_PATH}:/home/q/dev_ws/install/originbot_viz:/home/q/dev_ws/install/originbot_demo:/home/q/dev_ws/install/originbot_gazebo_harmonic:/home/q/dev_ws/install/originbot_gazebo_fortress:/home/q/dev_ws/install/originbot_gazebo:/home/q/dev_ws/install/originbot_description:/home/q/dev_ws/install/line_follower_model:/opt/ros/humble /usr/bin/cmake /home/q/Algorithm_research/VFH_ws/src/mower_description -DCMAKE_INSTALL_PREFIX=/home/q/Algorithm_research/VFH_ws/install/mower_description
[3.978s] Invoking command in '/home/q/Algorithm_research/VFH_ws/build/mower_description': CMAKE_PREFIX_PATH=${CMAKE_PREFIX_PATH}:/home/q/dev_ws/install/originbot_viz:/home/q/dev_ws/install/originbot_demo:/home/q/dev_ws/install/originbot_gazebo_harmonic:/home/q/dev_ws/install/originbot_gazebo_fortress:/home/q/dev_ws/install/originbot_gazebo:/home/q/dev_ws/install/originbot_description:/home/q/dev_ws/install/line_follower_model:/opt/ros/humble /usr/bin/cmake --build /home/q/Algorithm_research/VFH_ws/build/mower_description -- -j24 -l24
[4.024s] Invoked command in '/home/q/Algorithm_research/VFH_ws/build/mower_description' returned '0': CMAKE_PREFIX_PATH=${CMAKE_PREFIX_PATH}:/home/q/dev_ws/install/originbot_viz:/home/q/dev_ws/install/originbot_demo:/home/q/dev_ws/install/originbot_gazebo_harmonic:/home/q/dev_ws/install/originbot_gazebo_fortress:/home/q/dev_ws/install/originbot_gazebo:/home/q/dev_ws/install/originbot_description:/home/q/dev_ws/install/line_follower_model:/opt/ros/humble /usr/bin/cmake --build /home/q/Algorithm_research/VFH_ws/build/mower_description -- -j24 -l24
[4.037s] Invoking command in '/home/q/Algorithm_research/VFH_ws/build/mower_description': CMAKE_PREFIX_PATH=${CMAKE_PREFIX_PATH}:/home/q/dev_ws/install/originbot_viz:/home/q/dev_ws/install/originbot_demo:/home/q/dev_ws/install/originbot_gazebo_harmonic:/home/q/dev_ws/install/originbot_gazebo_fortress:/home/q/dev_ws/install/originbot_gazebo:/home/q/dev_ws/install/originbot_description:/home/q/dev_ws/install/line_follower_model:/opt/ros/humble /usr/bin/cmake --install /home/q/Algorithm_research/VFH_ws/build/mower_description
[4.046s] -- Install configuration: ""
[4.046s] -- Installing: /home/q/Algorithm_research/VFH_ws/install/mower_description/share/mower_description/launch
[4.046s] -- Installing: /home/q/Algorithm_research/VFH_ws/install/mower_description/share/mower_description/launch/mower_gazebo.launch.py
[4.049s] -- Installing: /home/q/Algorithm_research/VFH_ws/install/mower_description/share/mower_description/launch/__pycache__
[4.049s] -- Installing: /home/q/Algorithm_research/VFH_ws/install/mower_description/share/mower_description/launch/__pycache__/mower_gazebo.launch.cpython-310.pyc
[4.051s] -- Installing: /home/q/Algorithm_research/VFH_ws/install/mower_description/share/mower_description/urdf
[4.051s] -- Installing: /home/q/Algorithm_research/VFH_ws/install/mower_description/share/mower_description/urdf/mower.urdf
[4.052s] -- Installing: /home/q/Algorithm_research/VFH_ws/install/mower_description/share/mower_description/worlds
[4.052s] -- Installing: /home/q/Algorithm_research/VFH_ws/install/mower_description/share/mower_description/worlds/room_world.world
[4.052s] -- Installing: /home/q/Algorithm_research/VFH_ws/install/mower_description/share/mower_description/worlds/room_world_open.world
[4.052s] -- Installing: /home/q/Algorithm_research/VFH_ws/install/mower_description/share/mower_description/worlds/mower_world.world
[4.053s] -- Installing: /home/q/Algorithm_research/VFH_ws/install/mower_description/share/mower_description/config
[4.053s] -- Installing: /home/q/Algorithm_research/VFH_ws/install/mower_description/share/mower_description/config/rviz
[4.053s] -- Installing: /home/q/Algorithm_research/VFH_ws/install/mower_description/share/mower_description/config/rviz/mower_gazebo.rviz
[4.054s] -- Installing: /home/q/Algorithm_research/VFH_ws/install/mower_description/share/ament_index/resource_index/package_run_dependencies/mower_description
[4.054s] -- Installing: /home/q/Algorithm_research/VFH_ws/install/mower_description/share/ament_index/resource_index/parent_prefix_path/mower_description
[4.054s] -- Installing: /home/q/Algorithm_research/VFH_ws/install/mower_description/share/mower_description/environment/ament_prefix_path.sh
[4.054s] -- Installing: /home/q/Algorithm_research/VFH_ws/install/mower_description/share/mower_description/environment/ament_prefix_path.dsv
[4.055s] -- Installing: /home/q/Algorithm_research/VFH_ws/install/mower_description/share/mower_description/environment/path.sh
[4.055s] -- Installing: /home/q/Algorithm_research/VFH_ws/install/mower_description/share/mower_description/environment/path.dsv
[4.055s] -- Installing: /home/q/Algorithm_research/VFH_ws/install/mower_description/share/mower_description/local_setup.bash
[4.055s] -- Installing: /home/q/Algorithm_research/VFH_ws/install/mower_description/share/mower_description/local_setup.sh
[4.056s] -- Installing: /home/q/Algorithm_research/VFH_ws/install/mower_description/share/mower_description/local_setup.zsh
[4.056s] -- Installing: /home/q/Algorithm_research/VFH_ws/install/mower_description/share/mower_description/local_setup.dsv
[4.056s] -- Installing: /home/q/Algorithm_research/VFH_ws/install/mower_description/share/mower_description/package.dsv
[4.057s] -- Installing: /home/q/Algorithm_research/VFH_ws/install/mower_description/share/ament_index/resource_index/packages/mower_description
[4.057s] -- Installing: /home/q/Algorithm_research/VFH_ws/install/mower_description/share/mower_description/cmake/mower_descriptionConfig.cmake
[4.057s] -- Installing: /home/q/Algorithm_research/VFH_ws/install/mower_description/share/mower_description/cmake/mower_descriptionConfig-version.cmake
[4.057s] -- Installing: /home/q/Algorithm_research/VFH_ws/install/mower_description/share/mower_description/package.xml
[4.059s] Invoked command in '/home/q/Algorithm_research/VFH_ws/build/mower_description' returned '0': CMAKE_PREFIX_PATH=${CMAKE_PREFIX_PATH}:/home/q/dev_ws/install/originbot_viz:/home/q/dev_ws/install/originbot_demo:/home/q/dev_ws/install/originbot_gazebo_harmonic:/home/q/dev_ws/install/originbot_gazebo_fortress:/home/q/dev_ws/install/originbot_gazebo:/home/q/dev_ws/install/originbot_description:/home/q/dev_ws/install/line_follower_model:/opt/ros/humble /usr/bin/cmake --install /home/q/Algorithm_research/VFH_ws/build/mower_description
