running egg_info
creating ../../build/mower_vfh/mower_vfh.egg-info
writing ../../build/mower_vfh/mower_vfh.egg-info/PKG-INFO
writing dependency_links to ../../build/mower_vfh/mower_vfh.egg-info/dependency_links.txt
writing entry points to ../../build/mower_vfh/mower_vfh.egg-info/entry_points.txt
writing requirements to ../../build/mower_vfh/mower_vfh.egg-info/requires.txt
writing top-level names to ../../build/mower_vfh/mower_vfh.egg-info/top_level.txt
writing manifest file '../../build/mower_vfh/mower_vfh.egg-info/SOURCES.txt'
reading manifest file '../../build/mower_vfh/mower_vfh.egg-info/SOURCES.txt'
writing manifest file '../../build/mower_vfh/mower_vfh.egg-info/SOURCES.txt'
running build
running build_py
creating /home/q/Algorithm_research/VFH_ws/build/mower_vfh/build
creating /home/q/Algorithm_research/VFH_ws/build/mower_vfh/build/lib
creating /home/q/Algorithm_research/VFH_ws/build/mower_vfh/build/lib/mower_vfh
copying mower_vfh/depth_vfh_controller.py -> /home/q/Algorithm_research/VFH_ws/build/mower_vfh/build/lib/mower_vfh
copying mower_vfh/__init__.py -> /home/q/Algorithm_research/VFH_ws/build/mower_vfh/build/lib/mower_vfh
running install
running install_lib
creating /home/q/Algorithm_research/VFH_ws/install/mower_vfh/lib/python3.10/site-packages/mower_vfh
copying /home/q/Algorithm_research/VFH_ws/build/mower_vfh/build/lib/mower_vfh/depth_vfh_controller.py -> /home/q/Algorithm_research/VFH_ws/install/mower_vfh/lib/python3.10/site-packages/mower_vfh
copying /home/q/Algorithm_research/VFH_ws/build/mower_vfh/build/lib/mower_vfh/__init__.py -> /home/q/Algorithm_research/VFH_ws/install/mower_vfh/lib/python3.10/site-packages/mower_vfh
byte-compiling /home/q/Algorithm_research/VFH_ws/install/mower_vfh/lib/python3.10/site-packages/mower_vfh/depth_vfh_controller.py to depth_vfh_controller.cpython-310.pyc
byte-compiling /home/q/Algorithm_research/VFH_ws/install/mower_vfh/lib/python3.10/site-packages/mower_vfh/__init__.py to __init__.cpython-310.pyc
running install_data
creating /home/q/Algorithm_research/VFH_ws/install/mower_vfh/share/ament_index
creating /home/q/Algorithm_research/VFH_ws/install/mower_vfh/share/ament_index/resource_index
creating /home/q/Algorithm_research/VFH_ws/install/mower_vfh/share/ament_index/resource_index/packages
copying resource/mower_vfh -> /home/q/Algorithm_research/VFH_ws/install/mower_vfh/share/ament_index/resource_index/packages
copying package.xml -> /home/q/Algorithm_research/VFH_ws/install/mower_vfh/share/mower_vfh
creating /home/q/Algorithm_research/VFH_ws/install/mower_vfh/share/mower_vfh/launch
copying launch/vfh_gazebo.launch.py -> /home/q/Algorithm_research/VFH_ws/install/mower_vfh/share/mower_vfh/launch
running install_egg_info
Copying ../../build/mower_vfh/mower_vfh.egg-info to /home/q/Algorithm_research/VFH_ws/install/mower_vfh/lib/python3.10/site-packages/mower_vfh-0.0.1-py3.10.egg-info
running install_scripts
Installing depth_vfh_controller script to /home/q/Algorithm_research/VFH_ws/install/mower_vfh/lib/mower_vfh
writing list of installed files to '/home/q/Algorithm_research/VFH_ws/build/mower_vfh/install.log'
