[0.758s] Invoking command in '/home/q/Algorithm_research/VFH_ws/src/mower_vfh': AMENT_PREFIX_PATH=/home/q/Algorithm_research/VFH_ws/install/mower_description:${AMENT_PREFIX_PATH} CMAKE_PREFIX_PATH=/home/q/Algorithm_research/VFH_ws/install/mower_description:${CMAKE_PREFIX_PATH} PYTHONPATH=/home/q/Algorithm_research/VFH_ws/build/mower_vfh/prefix_override:/usr/lib/python3/dist-packages/colcon_core/task/python/colcon_distutils_commands:/home/q/Algorithm_research/VFH_ws/install/mower_vfh/lib/python3.10/site-packages:${PYTHONPATH} /usr/bin/python3 -W ignore:setup.py install is deprecated -W ignore:easy_install command is deprecated setup.py egg_info --egg-base ../../build/mower_vfh build --build-base /home/q/Algorithm_research/VFH_ws/build/mower_vfh/build install --record /home/q/Algorithm_research/VFH_ws/build/mower_vfh/install.log --single-version-externally-managed install_data
[0.972s] running egg_info
[0.973s] creating ../../build/mower_vfh/mower_vfh.egg-info
[0.973s] writing ../../build/mower_vfh/mower_vfh.egg-info/PKG-INFO
[0.973s] writing dependency_links to ../../build/mower_vfh/mower_vfh.egg-info/dependency_links.txt
[0.973s] writing entry points to ../../build/mower_vfh/mower_vfh.egg-info/entry_points.txt
[0.973s] writing requirements to ../../build/mower_vfh/mower_vfh.egg-info/requires.txt
[0.973s] writing top-level names to ../../build/mower_vfh/mower_vfh.egg-info/top_level.txt
[0.973s] writing manifest file '../../build/mower_vfh/mower_vfh.egg-info/SOURCES.txt'
[0.975s] reading manifest file '../../build/mower_vfh/mower_vfh.egg-info/SOURCES.txt'
[0.975s] writing manifest file '../../build/mower_vfh/mower_vfh.egg-info/SOURCES.txt'
[0.975s] running build
[0.975s] running build_py
[0.975s] creating /home/q/Algorithm_research/VFH_ws/build/mower_vfh/build
[0.976s] creating /home/q/Algorithm_research/VFH_ws/build/mower_vfh/build/lib
[0.976s] creating /home/q/Algorithm_research/VFH_ws/build/mower_vfh/build/lib/mower_vfh
[0.976s] copying mower_vfh/depth_vfh_controller.py -> /home/q/Algorithm_research/VFH_ws/build/mower_vfh/build/lib/mower_vfh
[0.976s] copying mower_vfh/__init__.py -> /home/q/Algorithm_research/VFH_ws/build/mower_vfh/build/lib/mower_vfh
[0.976s] running install
[0.976s] running install_lib
[0.977s] creating /home/q/Algorithm_research/VFH_ws/install/mower_vfh/lib/python3.10/site-packages/mower_vfh
[0.977s] copying /home/q/Algorithm_research/VFH_ws/build/mower_vfh/build/lib/mower_vfh/depth_vfh_controller.py -> /home/q/Algorithm_research/VFH_ws/install/mower_vfh/lib/python3.10/site-packages/mower_vfh
[0.981s] copying /home/q/Algorithm_research/VFH_ws/build/mower_vfh/build/lib/mower_vfh/__init__.py -> /home/q/Algorithm_research/VFH_ws/install/mower_vfh/lib/python3.10/site-packages/mower_vfh
[0.982s] byte-compiling /home/q/Algorithm_research/VFH_ws/install/mower_vfh/lib/python3.10/site-packages/mower_vfh/depth_vfh_controller.py to depth_vfh_controller.cpython-310.pyc
[0.988s] byte-compiling /home/q/Algorithm_research/VFH_ws/install/mower_vfh/lib/python3.10/site-packages/mower_vfh/__init__.py to __init__.cpython-310.pyc
[0.988s] running install_data
[0.988s] creating /home/q/Algorithm_research/VFH_ws/install/mower_vfh/share/ament_index
[0.988s] creating /home/q/Algorithm_research/VFH_ws/install/mower_vfh/share/ament_index/resource_index
[0.988s] creating /home/q/Algorithm_research/VFH_ws/install/mower_vfh/share/ament_index/resource_index/packages
[0.989s] copying resource/mower_vfh -> /home/q/Algorithm_research/VFH_ws/install/mower_vfh/share/ament_index/resource_index/packages
[0.989s] copying package.xml -> /home/q/Algorithm_research/VFH_ws/install/mower_vfh/share/mower_vfh
[0.989s] creating /home/q/Algorithm_research/VFH_ws/install/mower_vfh/share/mower_vfh/launch
[0.989s] copying launch/vfh_gazebo.launch.py -> /home/q/Algorithm_research/VFH_ws/install/mower_vfh/share/mower_vfh/launch
[0.989s] running install_egg_info
[0.991s] Copying ../../build/mower_vfh/mower_vfh.egg-info to /home/q/Algorithm_research/VFH_ws/install/mower_vfh/lib/python3.10/site-packages/mower_vfh-0.0.1-py3.10.egg-info
[0.992s] running install_scripts
[1.010s] Installing depth_vfh_controller script to /home/q/Algorithm_research/VFH_ws/install/mower_vfh/lib/mower_vfh
[1.010s] writing list of installed files to '/home/q/Algorithm_research/VFH_ws/build/mower_vfh/install.log'
[1.026s] Invoked command in '/home/q/Algorithm_research/VFH_ws/src/mower_vfh' returned '0': AMENT_PREFIX_PATH=/home/q/Algorithm_research/VFH_ws/install/mower_description:${AMENT_PREFIX_PATH} CMAKE_PREFIX_PATH=/home/q/Algorithm_research/VFH_ws/install/mower_description:${CMAKE_PREFIX_PATH} PYTHONPATH=/home/q/Algorithm_research/VFH_ws/build/mower_vfh/prefix_override:/usr/lib/python3/dist-packages/colcon_core/task/python/colcon_distutils_commands:/home/q/Algorithm_research/VFH_ws/install/mower_vfh/lib/python3.10/site-packages:${PYTHONPATH} /usr/bin/python3 -W ignore:setup.py install is deprecated -W ignore:easy_install command is deprecated setup.py egg_info --egg-base ../../build/mower_vfh build --build-base /home/q/Algorithm_research/VFH_ws/build/mower_vfh/build install --record /home/q/Algorithm_research/VFH_ws/build/mower_vfh/install.log --single-version-externally-managed install_data
