[0.010s] Invoking command in '/home/q/Algorithm_research/VFH_ws/build/mower_description': CMAKE_PREFIX_PATH=${CMAKE_PREFIX_PATH}:/home/q/dev_ws/install/originbot_viz:/home/q/dev_ws/install/originbot_demo:/home/q/dev_ws/install/originbot_gazebo_harmonic:/home/q/dev_ws/install/originbot_gazebo_fortress:/home/q/dev_ws/install/originbot_gazebo:/home/q/dev_ws/install/originbot_description:/home/q/dev_ws/install/line_follower_model:/opt/ros/humble /usr/bin/cmake /home/q/Algorithm_research/VFH_ws/src/mower_description -DCMAKE_INSTALL_PREFIX=/home/q/Algorithm_research/VFH_ws/install/mower_description
[0.125s] -- The C compiler identification is GNU 11.4.0
[0.241s] -- The CXX compiler identification is GNU 11.4.0
[0.250s] -- Detecting C compiler ABI info
[0.414s] -- Detecting C compiler ABI info - done
[0.428s] -- Check for working C compiler: /usr/bin/cc - skipped
[0.428s] -- Detecting C compile features
[0.429s] -- Detecting C compile features - done
[0.434s] -- Detecting CXX compiler ABI info
[0.597s] -- Detecting CXX compiler ABI info - done
[0.613s] -- Check for working CXX compiler: /usr/bin/c++ - skipped
[0.614s] -- Detecting CXX compile features
[0.614s] -- Detecting CXX compile features - done
[0.619s] -- Found ament_cmake: 1.3.14 (/opt/ros/humble/share/ament_cmake/cmake)
[0.768s] -- Found Python3: /usr/bin/python3 (found version "3.10.12") found components: Interpreter 
[0.899s] -- Found urdf: 2.6.1 (/opt/ros/humble/share/urdf/cmake)
[0.953s] -- Found xacro: 2.1.1 (/opt/ros/humble/share/xacro/cmake)
[0.955s] -- Found gazebo_ros: 3.9.0 (/opt/ros/humble/share/gazebo_ros/cmake)
[0.993s] -- Found rosidl_generator_c: 3.1.8 (/opt/ros/humble/share/rosidl_generator_c/cmake)
[0.999s] -- Found rosidl_adapter: 3.1.8 (/opt/ros/humble/share/rosidl_adapter/cmake)
[1.009s] -- Found rosidl_generator_cpp: 3.1.8 (/opt/ros/humble/share/rosidl_generator_cpp/cmake)
[1.022s] -- Using all available rosidl_typesupport_c: rosidl_typesupport_fastrtps_c;rosidl_typesupport_introspection_c
[1.034s] -- Using all available rosidl_typesupport_cpp: rosidl_typesupport_fastrtps_cpp;rosidl_typesupport_introspection_cpp
[1.083s] -- Found rmw_implementation_cmake: 6.1.2 (/opt/ros/humble/share/rmw_implementation_cmake/cmake)
[1.087s] -- Found rmw_fastrtps_cpp: 6.2.10 (/opt/ros/humble/share/rmw_fastrtps_cpp/cmake)
[1.114s] -- Found TinyXML2 via Config file: TinyXML2_DIR-NOTFOUND
[1.167s] -- Found OpenSSL: /usr/lib/x86_64-linux-gnu/libcrypto.so (found version "3.0.2")  
[1.169s] -- Found TinyXML2 via Config file: TinyXML2_DIR-NOTFOUND
[1.183s] -- Found FastRTPS: /opt/ros/humble/include  
[1.186s] -- Found TinyXML2 via Config file: TinyXML2_DIR-NOTFOUND
[1.193s] -- Found TinyXML2 via Config file: TinyXML2_DIR-NOTFOUND
[1.202s] -- Using RMW implementation 'rmw_fastrtps_cpp' as default
[1.214s] -- Looking for pthread.h
[1.343s] -- Looking for pthread.h - found
[1.343s] -- Performing Test CMAKE_HAVE_LIBC_PTHREAD
[1.484s] -- Performing Test CMAKE_HAVE_LIBC_PTHREAD - Success
[1.485s] -- Found Threads: TRUE  
[1.539s] -- Found PkgConfig: /usr/bin/pkg-config (found version "0.29.2") 
[1.540s] -- Checking for module 'bullet>=2.82'
[1.556s] --   Found bullet, version 3.05
[1.692s] -- Found fcl: /usr/include (found suitable version "0.7.0", minimum required is "0.5.0") 
[1.754s] -- Found assimp: /usr/include (found version "5.2.0") 
[1.771s] -- Found DART: /usr/include (Required is at least version "6.6") found components: dart 
[1.800s] -- Found Boost: /usr/lib/x86_64-linux-gnu/cmake/Boost-1.74.0/BoostConfig.cmake (found suitable version "1.74.0", minimum required is "1.40.0") found components: thread system filesystem program_options regex iostreams date_time 
[1.813s] -- Found Protobuf: /usr/lib/x86_64-linux-gnu/libprotobuf.so (found version "3.12.4") 
[1.820s] -- Looking for ignition-math6 -- found version 6.15.1
[1.828s] -- Searching for dependencies of ignition-math6
[1.830s] -- Looking for OGRE...
[1.830s] -- OGRE_PREFIX_WATCH changed.
[1.834s] -- Checking for module 'OGRE'
[1.850s] --   Found OGRE, version 1.9.0
[1.902s] -- Found Ogre Ghadamon (1.9.0)
[1.908s] -- Found OGRE: optimized;/usr/lib/x86_64-linux-gnu/libOgreMain.so;debug;/usr/lib/x86_64-linux-gnu/libOgreMain.so
[1.917s] -- Looking for OGRE_Paging...
[1.921s] -- Found OGRE_Paging: optimized;/usr/lib/x86_64-linux-gnu/libOgrePaging.so;debug;/usr/lib/x86_64-linux-gnu/libOgrePaging.so
[1.921s] -- Looking for OGRE_Terrain...
[1.925s] -- Found OGRE_Terrain: optimized;/usr/lib/x86_64-linux-gnu/libOgreTerrain.so;debug;/usr/lib/x86_64-linux-gnu/libOgreTerrain.so
[1.925s] -- Looking for OGRE_Property...
[1.929s] -- Found OGRE_Property: optimized;/usr/lib/x86_64-linux-gnu/libOgreProperty.so;debug;/usr/lib/x86_64-linux-gnu/libOgreProperty.so
[1.929s] -- Looking for OGRE_RTShaderSystem...
[1.933s] -- Found OGRE_RTShaderSystem: optimized;/usr/lib/x86_64-linux-gnu/libOgreRTShaderSystem.so;debug;/usr/lib/x86_64-linux-gnu/libOgreRTShaderSystem.so
[1.933s] -- Looking for OGRE_Volume...
[1.936s] -- Found OGRE_Volume: optimized;/usr/lib/x86_64-linux-gnu/libOgreVolume.so;debug;/usr/lib/x86_64-linux-gnu/libOgreVolume.so
[1.936s] -- Looking for OGRE_Overlay...
[1.940s] -- Found OGRE_Overlay: optimized;/usr/lib/x86_64-linux-gnu/libOgreOverlay.so;debug;/usr/lib/x86_64-linux-gnu/libOgreOverlay.so
[2.020s] -- Looking for ignition-math6 -- found version 6.15.1
[2.023s] -- Looking for ignition-transport8 -- found version 8.2.1
[2.024s] -- Searching for dependencies of ignition-transport8
[2.039s] -- Found Protobuf: /usr/lib/x86_64-linux-gnu/libprotobuf.so (found suitable version "3.12.4", minimum required is "3") 
[2.048s] -- Config-file not installed for ZeroMQ -- checking for pkg-config
[2.052s] -- Checking for module 'libzmq >= 4'
[2.068s] --   Found libzmq , version 4.3.4
[2.130s] -- Found ZeroMQ: TRUE (Required is at least version "4") 
[2.135s] -- Checking for module 'uuid'
[2.153s] --   Found uuid, version 2.37.2
[2.212s] -- Found UUID: TRUE  
[2.217s] -- Looking for ignition-msgs5 -- found version 5.8.1
[2.217s] -- Searching for dependencies of ignition-msgs5
[2.236s] -- Looking for ignition-math6 -- found version 6.15.1
[2.241s] -- Checking for module 'tinyxml2'
[2.256s] --   Found tinyxml2, version 9.0.0
[2.318s] -- Looking for ignition-msgs5 -- found version 5.8.1
[2.323s] -- Looking for ignition-common3 -- found version 3.14.0
[2.324s] -- Searching for dependencies of ignition-common3
[2.325s] -- Looking for dlfcn.h - found
[2.326s] -- Looking for libdl - found
[2.328s] -- Found DL: TRUE  
[2.350s] -- Found tinyobjloader: /usr/lib/x86_64-linux-gnu/cmake/tinyobjloader/tinyobjloader-config.cmake (found version "2.0.0") 
[2.350s] -- Searching for <ignition-common3> component [graphics]
[2.353s] -- Looking for ignition-common3-graphics -- found version 3.14.0
[2.354s] -- Searching for dependencies of ignition-common3-graphics
[2.354s] -- Looking for ignition-math6 -- found version 6.15.1
[2.357s] -- Looking for ignition-fuel_tools4 -- found version 4.4.0
[2.357s] -- Searching for dependencies of ignition-fuel_tools4
[2.461s] -- Found CURL: /usr/lib/x86_64-linux-gnu/libcurl.so (found version "7.81.0")  
[2.472s] -- Checking for module 'jsoncpp'
[2.494s] --   Found jsoncpp, version 1.9.5
[2.559s] -- Found JSONCPP: TRUE  
[2.567s] -- Checking for module 'libzip'
[2.581s] --   Found libzip, version 1.7.3
[2.636s] -- Found ZIP: TRUE  
[2.637s] -- Looking for ignition-common3 -- found version 3.14.0
[2.638s] -- Looking for ignition-math6 -- found version 6.15.1
[2.639s] -- Looking for ignition-msgs5 -- found version 5.8.1
[2.647s] -- Gazebo version: 11.10
[2.647s] -- Checking for module 'tbb'
[2.672s] --   Found tbb, version 2021.5.0
[2.719s] -- Found ament_lint_auto: 0.12.15 (/opt/ros/humble/share/ament_lint_auto/cmake)
[2.818s] -- Added test 'flake8' to check Python code syntax and style conventions
[2.818s] -- Added test 'lint_cmake' to check CMake code style
[2.819s] -- Added test 'pep257' to check Python code against some of the docstring style conventions in PEP 257
[2.820s] -- Added test 'xmllint' to check XML markup files
[2.822s] -- Configuring done
[2.826s] -- Generating done
[2.831s] -- Build files have been written to: /home/q/Algorithm_research/VFH_ws/build/mower_description
[2.839s] Invoked command in '/home/q/Algorithm_research/VFH_ws/build/mower_description' returned '0': CMAKE_PREFIX_PATH=${CMAKE_PREFIX_PATH}:/home/q/dev_ws/install/originbot_viz:/home/q/dev_ws/install/originbot_demo:/home/q/dev_ws/install/originbot_gazebo_harmonic:/home/q/dev_ws/install/originbot_gazebo_fortress:/home/q/dev_ws/install/originbot_gazebo:/home/q/dev_ws/install/originbot_description:/home/q/dev_ws/install/line_follower_model:/opt/ros/humble /usr/bin/cmake /home/q/Algorithm_research/VFH_ws/src/mower_description -DCMAKE_INSTALL_PREFIX=/home/q/Algorithm_research/VFH_ws/install/mower_description
[2.841s] Invoking command in '/home/q/Algorithm_research/VFH_ws/build/mower_description': CMAKE_PREFIX_PATH=${CMAKE_PREFIX_PATH}:/home/q/dev_ws/install/originbot_viz:/home/q/dev_ws/install/originbot_demo:/home/q/dev_ws/install/originbot_gazebo_harmonic:/home/q/dev_ws/install/originbot_gazebo_fortress:/home/q/dev_ws/install/originbot_gazebo:/home/q/dev_ws/install/originbot_description:/home/q/dev_ws/install/line_follower_model:/opt/ros/humble /usr/bin/cmake --build /home/q/Algorithm_research/VFH_ws/build/mower_description -- -j24 -l24
[2.898s] Invoked command in '/home/q/Algorithm_research/VFH_ws/build/mower_description' returned '0': CMAKE_PREFIX_PATH=${CMAKE_PREFIX_PATH}:/home/q/dev_ws/install/originbot_viz:/home/q/dev_ws/install/originbot_demo:/home/q/dev_ws/install/originbot_gazebo_harmonic:/home/q/dev_ws/install/originbot_gazebo_fortress:/home/q/dev_ws/install/originbot_gazebo:/home/q/dev_ws/install/originbot_description:/home/q/dev_ws/install/line_follower_model:/opt/ros/humble /usr/bin/cmake --build /home/q/Algorithm_research/VFH_ws/build/mower_description -- -j24 -l24
[2.916s] Invoking command in '/home/q/Algorithm_research/VFH_ws/build/mower_description': CMAKE_PREFIX_PATH=${CMAKE_PREFIX_PATH}:/home/q/dev_ws/install/originbot_viz:/home/q/dev_ws/install/originbot_demo:/home/q/dev_ws/install/originbot_gazebo_harmonic:/home/q/dev_ws/install/originbot_gazebo_fortress:/home/q/dev_ws/install/originbot_gazebo:/home/q/dev_ws/install/originbot_description:/home/q/dev_ws/install/line_follower_model:/opt/ros/humble /usr/bin/cmake --install /home/q/Algorithm_research/VFH_ws/build/mower_description
[2.923s] -- Install configuration: ""
[2.923s] -- Installing: /home/q/Algorithm_research/VFH_ws/install/mower_description/share/mower_description/launch
[2.923s] -- Installing: /home/q/Algorithm_research/VFH_ws/install/mower_description/share/mower_description/launch/mower_gazebo.launch.py
[2.923s] -- Installing: /home/q/Algorithm_research/VFH_ws/install/mower_description/share/mower_description/launch/__pycache__
[2.923s] -- Installing: /home/q/Algorithm_research/VFH_ws/install/mower_description/share/mower_description/launch/__pycache__/mower_gazebo.launch.cpython-310.pyc
[2.924s] -- Installing: /home/q/Algorithm_research/VFH_ws/install/mower_description/share/mower_description/urdf
[2.924s] -- Installing: /home/q/Algorithm_research/VFH_ws/install/mower_description/share/mower_description/urdf/mower.urdf
[2.924s] -- Installing: /home/q/Algorithm_research/VFH_ws/install/mower_description/share/mower_description/worlds
[2.924s] -- Installing: /home/q/Algorithm_research/VFH_ws/install/mower_description/share/mower_description/worlds/room_world.world
[2.924s] -- Installing: /home/q/Algorithm_research/VFH_ws/install/mower_description/share/mower_description/worlds/room_world_open.world
[2.924s] -- Installing: /home/q/Algorithm_research/VFH_ws/install/mower_description/share/mower_description/worlds/mower_world.world
[2.925s] -- Installing: /home/q/Algorithm_research/VFH_ws/install/mower_description/share/mower_description/config
[2.925s] -- Installing: /home/q/Algorithm_research/VFH_ws/install/mower_description/share/mower_description/config/rviz
[2.925s] -- Installing: /home/q/Algorithm_research/VFH_ws/install/mower_description/share/mower_description/config/rviz/mower_gazebo.rviz
[2.925s] -- Installing: /home/q/Algorithm_research/VFH_ws/install/mower_description/share/ament_index/resource_index/package_run_dependencies/mower_description
[2.925s] -- Installing: /home/q/Algorithm_research/VFH_ws/install/mower_description/share/ament_index/resource_index/parent_prefix_path/mower_description
[2.925s] -- Installing: /home/q/Algorithm_research/VFH_ws/install/mower_description/share/mower_description/environment/ament_prefix_path.sh
[2.926s] -- Installing: /home/q/Algorithm_research/VFH_ws/install/mower_description/share/mower_description/environment/ament_prefix_path.dsv
[2.926s] -- Installing: /home/q/Algorithm_research/VFH_ws/install/mower_description/share/mower_description/environment/path.sh
[2.926s] -- Installing: /home/q/Algorithm_research/VFH_ws/install/mower_description/share/mower_description/environment/path.dsv
[2.926s] -- Installing: /home/q/Algorithm_research/VFH_ws/install/mower_description/share/mower_description/local_setup.bash
[2.926s] -- Installing: /home/q/Algorithm_research/VFH_ws/install/mower_description/share/mower_description/local_setup.sh
[2.927s] -- Installing: /home/q/Algorithm_research/VFH_ws/install/mower_description/share/mower_description/local_setup.zsh
[2.927s] -- Installing: /home/q/Algorithm_research/VFH_ws/install/mower_description/share/mower_description/local_setup.dsv
[2.927s] -- Installing: /home/q/Algorithm_research/VFH_ws/install/mower_description/share/mower_description/package.dsv
[2.927s] -- Installing: /home/q/Algorithm_research/VFH_ws/install/mower_description/share/ament_index/resource_index/packages/mower_description
[2.927s] -- Installing: /home/q/Algorithm_research/VFH_ws/install/mower_description/share/mower_description/cmake/mower_descriptionConfig.cmake
[2.928s] -- Installing: /home/q/Algorithm_research/VFH_ws/install/mower_description/share/mower_description/cmake/mower_descriptionConfig-version.cmake
[2.928s] -- Installing: /home/q/Algorithm_research/VFH_ws/install/mower_description/share/mower_description/package.xml
[2.930s] Invoked command in '/home/q/Algorithm_research/VFH_ws/build/mower_description' returned '0': CMAKE_PREFIX_PATH=${CMAKE_PREFIX_PATH}:/home/q/dev_ws/install/originbot_viz:/home/q/dev_ws/install/originbot_demo:/home/q/dev_ws/install/originbot_gazebo_harmonic:/home/q/dev_ws/install/originbot_gazebo_fortress:/home/q/dev_ws/install/originbot_gazebo:/home/q/dev_ws/install/originbot_description:/home/q/dev_ws/install/line_follower_model:/opt/ros/humble /usr/bin/cmake --install /home/q/Algorithm_research/VFH_ws/build/mower_description
