[0.095s] DEBUG:colcon:Command line arguments: ['/usr/bin/colcon', 'build']
[0.095s] DEBUG:colcon:Parsed command line arguments: Namespace(log_base=None, log_level=None, verb_name='build', build_base='build', install_base='install', merge_install=False, symlink_install=False, test_result_base=None, continue_on_error=False, executor='parallel', parallel_workers=24, event_handlers=None, ignore_user_meta=False, metas=['./colcon.meta'], base_paths=['.'], packages_ignore=None, packages_ignore_regex=None, paths=None, packages_up_to=None, packages_up_to_regex=None, packages_above=None, packages_above_and_dependencies=None, packages_above_depth=None, packages_select_by_dep=None, packages_skip_by_dep=None, packages_skip_up_to=None, packages_select_build_failed=False, packages_skip_build_finished=False, packages_select_test_failures=False, packages_skip_test_passed=False, packages_select=None, packages_skip=None, packages_select_regex=None, packages_skip_regex=None, packages_start=None, packages_end=None, allow_overriding=[], cmake_args=None, cmake_target=None, cmake_target_skip_unavailable=False, cmake_clean_cache=False, cmake_clean_first=False, cmake_force_configure=False, ament_cmake_args=None, catkin_cmake_args=None, catkin_skip_building_tests=False, verb_parser=<colcon_defaults.argument_parser.defaults.DefaultArgumentsDecorator object at 0x7923e760b1c0>, verb_extension=<colcon_core.verb.build.BuildVerb object at 0x7923e75c41c0>, main=<bound method BuildVerb.main of <colcon_core.verb.build.BuildVerb object at 0x7923e75c41c0>>)
[0.247s] Level 1:colcon.colcon_core.package_discovery:discover_packages(colcon_meta) check parameters
[0.247s] Level 1:colcon.colcon_core.package_discovery:discover_packages(recursive) check parameters
[0.247s] Level 1:colcon.colcon_core.package_discovery:discover_packages(ignore) check parameters
[0.247s] Level 1:colcon.colcon_core.package_discovery:discover_packages(path) check parameters
[0.247s] Level 1:colcon.colcon_core.package_discovery:discover_packages(colcon_meta) discover
[0.247s] Level 1:colcon.colcon_core.package_discovery:discover_packages(recursive) discover
[0.248s] INFO:colcon.colcon_core.package_discovery:Crawling recursively for packages in '/home/q/Algorithm_research/VFH_ws'
[0.248s] Level 1:colcon.colcon_core.package_identification:_identify(.) by extensions ['ignore', 'ignore_ament_install']
[0.248s] Level 1:colcon.colcon_core.package_identification:_identify(.) by extension 'ignore'
[0.248s] Level 1:colcon.colcon_core.package_identification:_identify(.) by extension 'ignore_ament_install'
[0.248s] Level 1:colcon.colcon_core.package_identification:_identify(.) by extensions ['colcon_pkg']
[0.248s] Level 1:colcon.colcon_core.package_identification:_identify(.) by extension 'colcon_pkg'
[0.248s] Level 1:colcon.colcon_core.package_identification:_identify(.) by extensions ['colcon_meta']
[0.248s] Level 1:colcon.colcon_core.package_identification:_identify(.) by extension 'colcon_meta'
[0.248s] Level 1:colcon.colcon_core.package_identification:_identify(.) by extensions ['ros']
[0.248s] Level 1:colcon.colcon_core.package_identification:_identify(.) by extension 'ros'
[0.277s] Level 1:colcon.colcon_core.package_identification:_identify(.) by extensions ['cmake', 'python']
[0.277s] Level 1:colcon.colcon_core.package_identification:_identify(.) by extension 'cmake'
[0.277s] Level 1:colcon.colcon_core.package_identification:_identify(.) by extension 'python'
[0.277s] Level 1:colcon.colcon_core.package_identification:_identify(.) by extensions ['python_setup_py']
[0.277s] Level 1:colcon.colcon_core.package_identification:_identify(.) by extension 'python_setup_py'
[0.278s] Level 1:colcon.colcon_core.package_identification:_identify(build) by extensions ['ignore', 'ignore_ament_install']
[0.278s] Level 1:colcon.colcon_core.package_identification:_identify(build) by extension 'ignore'
[0.278s] Level 1:colcon.colcon_core.package_identification:_identify(build) ignored
[0.278s] Level 1:colcon.colcon_core.package_identification:_identify(install) by extensions ['ignore', 'ignore_ament_install']
[0.278s] Level 1:colcon.colcon_core.package_identification:_identify(install) by extension 'ignore'
[0.278s] Level 1:colcon.colcon_core.package_identification:_identify(install) ignored
[0.278s] Level 1:colcon.colcon_core.package_identification:_identify(log) by extensions ['ignore', 'ignore_ament_install']
[0.278s] Level 1:colcon.colcon_core.package_identification:_identify(log) by extension 'ignore'
[0.278s] Level 1:colcon.colcon_core.package_identification:_identify(log) ignored
[0.278s] Level 1:colcon.colcon_core.package_identification:_identify(src) by extensions ['ignore', 'ignore_ament_install']
[0.278s] Level 1:colcon.colcon_core.package_identification:_identify(src) by extension 'ignore'
[0.278s] Level 1:colcon.colcon_core.package_identification:_identify(src) by extension 'ignore_ament_install'
[0.278s] Level 1:colcon.colcon_core.package_identification:_identify(src) by extensions ['colcon_pkg']
[0.278s] Level 1:colcon.colcon_core.package_identification:_identify(src) by extension 'colcon_pkg'
[0.278s] Level 1:colcon.colcon_core.package_identification:_identify(src) by extensions ['colcon_meta']
[0.278s] Level 1:colcon.colcon_core.package_identification:_identify(src) by extension 'colcon_meta'
[0.278s] Level 1:colcon.colcon_core.package_identification:_identify(src) by extensions ['ros']
[0.278s] Level 1:colcon.colcon_core.package_identification:_identify(src) by extension 'ros'
[0.279s] Level 1:colcon.colcon_core.package_identification:_identify(src) by extensions ['cmake', 'python']
[0.279s] Level 1:colcon.colcon_core.package_identification:_identify(src) by extension 'cmake'
[0.279s] Level 1:colcon.colcon_core.package_identification:_identify(src) by extension 'python'
[0.279s] Level 1:colcon.colcon_core.package_identification:_identify(src) by extensions ['python_setup_py']
[0.279s] Level 1:colcon.colcon_core.package_identification:_identify(src) by extension 'python_setup_py'
[0.279s] Level 1:colcon.colcon_core.package_identification:_identify(src/mower_description) by extensions ['ignore', 'ignore_ament_install']
[0.279s] Level 1:colcon.colcon_core.package_identification:_identify(src/mower_description) by extension 'ignore'
[0.279s] Level 1:colcon.colcon_core.package_identification:_identify(src/mower_description) by extension 'ignore_ament_install'
[0.279s] Level 1:colcon.colcon_core.package_identification:_identify(src/mower_description) by extensions ['colcon_pkg']
[0.279s] Level 1:colcon.colcon_core.package_identification:_identify(src/mower_description) by extension 'colcon_pkg'
[0.279s] Level 1:colcon.colcon_core.package_identification:_identify(src/mower_description) by extensions ['colcon_meta']
[0.279s] Level 1:colcon.colcon_core.package_identification:_identify(src/mower_description) by extension 'colcon_meta'
[0.279s] Level 1:colcon.colcon_core.package_identification:_identify(src/mower_description) by extensions ['ros']
[0.279s] Level 1:colcon.colcon_core.package_identification:_identify(src/mower_description) by extension 'ros'
[0.281s] DEBUG:colcon.colcon_core.package_identification:Package 'src/mower_description' with type 'ros.ament_cmake' and name 'mower_description'
[0.281s] Level 1:colcon.colcon_core.package_identification:_identify(src/mower_vfh) by extensions ['ignore', 'ignore_ament_install']
[0.281s] Level 1:colcon.colcon_core.package_identification:_identify(src/mower_vfh) by extension 'ignore'
[0.281s] Level 1:colcon.colcon_core.package_identification:_identify(src/mower_vfh) by extension 'ignore_ament_install'
[0.281s] Level 1:colcon.colcon_core.package_identification:_identify(src/mower_vfh) by extensions ['colcon_pkg']
[0.281s] Level 1:colcon.colcon_core.package_identification:_identify(src/mower_vfh) by extension 'colcon_pkg'
[0.281s] Level 1:colcon.colcon_core.package_identification:_identify(src/mower_vfh) by extensions ['colcon_meta']
[0.281s] Level 1:colcon.colcon_core.package_identification:_identify(src/mower_vfh) by extension 'colcon_meta'
[0.282s] Level 1:colcon.colcon_core.package_identification:_identify(src/mower_vfh) by extensions ['ros']
[0.282s] Level 1:colcon.colcon_core.package_identification:_identify(src/mower_vfh) by extension 'ros'
[0.284s] DEBUG:colcon.colcon_core.package_identification:Package 'src/mower_vfh' with type 'ros.ament_python' and name 'mower_vfh'
[0.284s] Level 1:colcon.colcon_core.package_discovery:discover_packages(recursive) using defaults
[0.284s] Level 1:colcon.colcon_core.package_discovery:discover_packages(ignore) discover
[0.285s] Level 1:colcon.colcon_core.package_discovery:discover_packages(ignore) using defaults
[0.285s] Level 1:colcon.colcon_core.package_discovery:discover_packages(path) discover
[0.285s] Level 1:colcon.colcon_core.package_discovery:discover_packages(path) using defaults
[0.303s] Level 1:colcon.colcon_core.package_discovery:discover_packages(prefix_path) check parameters
[0.303s] Level 1:colcon.colcon_core.package_discovery:discover_packages(prefix_path) discover
[0.305s] DEBUG:colcon.colcon_installed_package_information.package_discovery:Found 12 installed packages in /home/q/dev_ws/install
[0.306s] DEBUG:colcon.colcon_installed_package_information.package_discovery:Found 462 installed packages in /opt/ros/humble
[0.308s] Level 1:colcon.colcon_core.package_discovery:discover_packages(prefix_path) using defaults
[0.363s] Level 5:colcon.colcon_core.verb:set package 'mower_description' build argument 'cmake_args' from command line to 'None'
[0.363s] Level 5:colcon.colcon_core.verb:set package 'mower_description' build argument 'cmake_target' from command line to 'None'
[0.363s] Level 5:colcon.colcon_core.verb:set package 'mower_description' build argument 'cmake_target_skip_unavailable' from command line to 'False'
[0.363s] Level 5:colcon.colcon_core.verb:set package 'mower_description' build argument 'cmake_clean_cache' from command line to 'False'
[0.363s] Level 5:colcon.colcon_core.verb:set package 'mower_description' build argument 'cmake_clean_first' from command line to 'False'
[0.363s] Level 5:colcon.colcon_core.verb:set package 'mower_description' build argument 'cmake_force_configure' from command line to 'False'
[0.363s] Level 5:colcon.colcon_core.verb:set package 'mower_description' build argument 'ament_cmake_args' from command line to 'None'
[0.363s] Level 5:colcon.colcon_core.verb:set package 'mower_description' build argument 'catkin_cmake_args' from command line to 'None'
[0.363s] Level 5:colcon.colcon_core.verb:set package 'mower_description' build argument 'catkin_skip_building_tests' from command line to 'False'
[0.363s] DEBUG:colcon.colcon_core.verb:Building package 'mower_description' with the following arguments: {'ament_cmake_args': None, 'build_base': '/home/q/Algorithm_research/VFH_ws/build/mower_description', 'catkin_cmake_args': None, 'catkin_skip_building_tests': False, 'cmake_args': None, 'cmake_clean_cache': False, 'cmake_clean_first': False, 'cmake_force_configure': False, 'cmake_target': None, 'cmake_target_skip_unavailable': False, 'install_base': '/home/q/Algorithm_research/VFH_ws/install/mower_description', 'merge_install': False, 'path': '/home/q/Algorithm_research/VFH_ws/src/mower_description', 'symlink_install': False, 'test_result_base': None}
[0.363s] Level 5:colcon.colcon_core.verb:set package 'mower_vfh' build argument 'cmake_args' from command line to 'None'
[0.363s] Level 5:colcon.colcon_core.verb:set package 'mower_vfh' build argument 'cmake_target' from command line to 'None'
[0.363s] Level 5:colcon.colcon_core.verb:set package 'mower_vfh' build argument 'cmake_target_skip_unavailable' from command line to 'False'
[0.363s] Level 5:colcon.colcon_core.verb:set package 'mower_vfh' build argument 'cmake_clean_cache' from command line to 'False'
[0.363s] Level 5:colcon.colcon_core.verb:set package 'mower_vfh' build argument 'cmake_clean_first' from command line to 'False'
[0.363s] Level 5:colcon.colcon_core.verb:set package 'mower_vfh' build argument 'cmake_force_configure' from command line to 'False'
[0.363s] Level 5:colcon.colcon_core.verb:set package 'mower_vfh' build argument 'ament_cmake_args' from command line to 'None'
[0.363s] Level 5:colcon.colcon_core.verb:set package 'mower_vfh' build argument 'catkin_cmake_args' from command line to 'None'
[0.363s] Level 5:colcon.colcon_core.verb:set package 'mower_vfh' build argument 'catkin_skip_building_tests' from command line to 'False'
[0.363s] DEBUG:colcon.colcon_core.verb:Building package 'mower_vfh' with the following arguments: {'ament_cmake_args': None, 'build_base': '/home/q/Algorithm_research/VFH_ws/build/mower_vfh', 'catkin_cmake_args': None, 'catkin_skip_building_tests': False, 'cmake_args': None, 'cmake_clean_cache': False, 'cmake_clean_first': False, 'cmake_force_configure': False, 'cmake_target': None, 'cmake_target_skip_unavailable': False, 'install_base': '/home/q/Algorithm_research/VFH_ws/install/mower_vfh', 'merge_install': False, 'path': '/home/q/Algorithm_research/VFH_ws/src/mower_vfh', 'symlink_install': False, 'test_result_base': None}
[0.363s] INFO:colcon.colcon_core.executor:Executing jobs using 'parallel' executor
[0.364s] DEBUG:colcon.colcon_parallel_executor.executor.parallel:run_until_complete
[0.364s] INFO:colcon.colcon_ros.task.ament_cmake.build:Building ROS package in '/home/q/Algorithm_research/VFH_ws/src/mower_description' with build type 'ament_cmake'
[0.364s] INFO:colcon.colcon_cmake.task.cmake.build:Building CMake package in '/home/q/Algorithm_research/VFH_ws/src/mower_description'
[0.366s] INFO:colcon.colcon_core.plugin_system:Skipping extension 'colcon_core.shell.bat': Not used on non-Windows systems
[0.366s] INFO:colcon.colcon_core.shell:Skip shell extension 'powershell' for command environment: Not usable outside of PowerShell
[0.366s] DEBUG:colcon.colcon_core.shell:Skip shell extension 'dsv' for command environment
[0.376s] DEBUG:colcon.colcon_core.event_handler.log_command:Invoking command in '/home/q/Algorithm_research/VFH_ws/build/mower_description': CMAKE_PREFIX_PATH=${CMAKE_PREFIX_PATH}:/home/q/dev_ws/install/originbot_viz:/home/q/dev_ws/install/originbot_demo:/home/q/dev_ws/install/originbot_gazebo_harmonic:/home/q/dev_ws/install/originbot_gazebo_fortress:/home/q/dev_ws/install/originbot_gazebo:/home/q/dev_ws/install/originbot_description:/home/q/dev_ws/install/line_follower_model:/opt/ros/humble /usr/bin/cmake /home/q/Algorithm_research/VFH_ws/src/mower_description -DCMAKE_INSTALL_PREFIX=/home/q/Algorithm_research/VFH_ws/install/mower_description
[1.397s] DEBUG:colcon.colcon_core.event_handler.log_command:Invoked command in '/home/q/Algorithm_research/VFH_ws/build/mower_description' returned '0': CMAKE_PREFIX_PATH=${CMAKE_PREFIX_PATH}:/home/q/dev_ws/install/originbot_viz:/home/q/dev_ws/install/originbot_demo:/home/q/dev_ws/install/originbot_gazebo_harmonic:/home/q/dev_ws/install/originbot_gazebo_fortress:/home/q/dev_ws/install/originbot_gazebo:/home/q/dev_ws/install/originbot_description:/home/q/dev_ws/install/line_follower_model:/opt/ros/humble /usr/bin/cmake /home/q/Algorithm_research/VFH_ws/src/mower_description -DCMAKE_INSTALL_PREFIX=/home/q/Algorithm_research/VFH_ws/install/mower_description
[1.399s] DEBUG:colcon.colcon_core.event_handler.log_command:Invoking command in '/home/q/Algorithm_research/VFH_ws/build/mower_description': CMAKE_PREFIX_PATH=${CMAKE_PREFIX_PATH}:/home/q/dev_ws/install/originbot_viz:/home/q/dev_ws/install/originbot_demo:/home/q/dev_ws/install/originbot_gazebo_harmonic:/home/q/dev_ws/install/originbot_gazebo_fortress:/home/q/dev_ws/install/originbot_gazebo:/home/q/dev_ws/install/originbot_description:/home/q/dev_ws/install/line_follower_model:/opt/ros/humble /usr/bin/cmake --build /home/q/Algorithm_research/VFH_ws/build/mower_description -- -j24 -l24
[1.447s] DEBUG:colcon.colcon_core.event_handler.log_command:Invoked command in '/home/q/Algorithm_research/VFH_ws/build/mower_description' returned '0': CMAKE_PREFIX_PATH=${CMAKE_PREFIX_PATH}:/home/q/dev_ws/install/originbot_viz:/home/q/dev_ws/install/originbot_demo:/home/q/dev_ws/install/originbot_gazebo_harmonic:/home/q/dev_ws/install/originbot_gazebo_fortress:/home/q/dev_ws/install/originbot_gazebo:/home/q/dev_ws/install/originbot_description:/home/q/dev_ws/install/line_follower_model:/opt/ros/humble /usr/bin/cmake --build /home/q/Algorithm_research/VFH_ws/build/mower_description -- -j24 -l24
[1.458s] DEBUG:colcon.colcon_core.event_handler.log_command:Invoking command in '/home/q/Algorithm_research/VFH_ws/build/mower_description': CMAKE_PREFIX_PATH=${CMAKE_PREFIX_PATH}:/home/q/dev_ws/install/originbot_viz:/home/q/dev_ws/install/originbot_demo:/home/q/dev_ws/install/originbot_gazebo_harmonic:/home/q/dev_ws/install/originbot_gazebo_fortress:/home/q/dev_ws/install/originbot_gazebo:/home/q/dev_ws/install/originbot_description:/home/q/dev_ws/install/line_follower_model:/opt/ros/humble /usr/bin/cmake --install /home/q/Algorithm_research/VFH_ws/build/mower_description
[1.498s] Level 1:colcon.colcon_core.environment:create_environment_scripts_only(mower_description)
[1.499s] DEBUG:colcon.colcon_core.event_handler.log_command:Invoked command in '/home/q/Algorithm_research/VFH_ws/build/mower_description' returned '0': CMAKE_PREFIX_PATH=${CMAKE_PREFIX_PATH}:/home/q/dev_ws/install/originbot_viz:/home/q/dev_ws/install/originbot_demo:/home/q/dev_ws/install/originbot_gazebo_harmonic:/home/q/dev_ws/install/originbot_gazebo_fortress:/home/q/dev_ws/install/originbot_gazebo:/home/q/dev_ws/install/originbot_description:/home/q/dev_ws/install/line_follower_model:/opt/ros/humble /usr/bin/cmake --install /home/q/Algorithm_research/VFH_ws/build/mower_description
[1.500s] Level 1:colcon.colcon_core.environment:checking '/home/q/Algorithm_research/VFH_ws/install/mower_description' for CMake module files
[1.501s] Level 1:colcon.colcon_core.environment:checking '/home/q/Algorithm_research/VFH_ws/install/mower_description' for CMake config files
[1.501s] Level 1:colcon.colcon_core.shell:create_environment_hook('mower_description', 'cmake_prefix_path')
[1.501s] INFO:colcon.colcon_core.shell:Creating environment hook '/home/q/Algorithm_research/VFH_ws/install/mower_description/share/mower_description/hook/cmake_prefix_path.ps1'
[1.502s] INFO:colcon.colcon_core.shell:Creating environment descriptor '/home/q/Algorithm_research/VFH_ws/install/mower_description/share/mower_description/hook/cmake_prefix_path.dsv'
[1.502s] INFO:colcon.colcon_core.shell:Creating environment hook '/home/q/Algorithm_research/VFH_ws/install/mower_description/share/mower_description/hook/cmake_prefix_path.sh'
[1.503s] Level 1:colcon.colcon_core.environment:checking '/home/q/Algorithm_research/VFH_ws/install/mower_description/bin'
[1.503s] Level 1:colcon.colcon_core.environment:checking '/home/q/Algorithm_research/VFH_ws/install/mower_description/lib/pkgconfig/mower_description.pc'
[1.503s] Level 1:colcon.colcon_core.environment:checking '/home/q/Algorithm_research/VFH_ws/install/mower_description/lib/python3.10/site-packages'
[1.504s] Level 1:colcon.colcon_core.environment:checking '/home/q/Algorithm_research/VFH_ws/install/mower_description/bin'
[1.504s] INFO:colcon.colcon_core.shell:Creating package script '/home/q/Algorithm_research/VFH_ws/install/mower_description/share/mower_description/package.ps1'
[1.505s] INFO:colcon.colcon_core.shell:Creating package descriptor '/home/q/Algorithm_research/VFH_ws/install/mower_description/share/mower_description/package.dsv'
[1.505s] INFO:colcon.colcon_core.shell:Creating package script '/home/q/Algorithm_research/VFH_ws/install/mower_description/share/mower_description/package.sh'
[1.506s] INFO:colcon.colcon_core.shell:Creating package script '/home/q/Algorithm_research/VFH_ws/install/mower_description/share/mower_description/package.bash'
[1.506s] INFO:colcon.colcon_core.shell:Creating package script '/home/q/Algorithm_research/VFH_ws/install/mower_description/share/mower_description/package.zsh'
[1.507s] Level 1:colcon.colcon_core.environment:create_file_with_runtime_dependencies(/home/q/Algorithm_research/VFH_ws/install/mower_description/share/colcon-core/packages/mower_description)
[1.508s] Level 1:colcon.colcon_core.environment:create_environment_scripts_only(mower_description)
[1.508s] Level 1:colcon.colcon_core.environment:checking '/home/q/Algorithm_research/VFH_ws/install/mower_description' for CMake module files
[1.508s] Level 1:colcon.colcon_core.environment:checking '/home/q/Algorithm_research/VFH_ws/install/mower_description' for CMake config files
[1.508s] Level 1:colcon.colcon_core.shell:create_environment_hook('mower_description', 'cmake_prefix_path')
[1.509s] INFO:colcon.colcon_core.shell:Creating environment hook '/home/q/Algorithm_research/VFH_ws/install/mower_description/share/mower_description/hook/cmake_prefix_path.ps1'
[1.509s] INFO:colcon.colcon_core.shell:Creating environment descriptor '/home/q/Algorithm_research/VFH_ws/install/mower_description/share/mower_description/hook/cmake_prefix_path.dsv'
[1.509s] INFO:colcon.colcon_core.shell:Creating environment hook '/home/q/Algorithm_research/VFH_ws/install/mower_description/share/mower_description/hook/cmake_prefix_path.sh'
[1.510s] Level 1:colcon.colcon_core.environment:checking '/home/q/Algorithm_research/VFH_ws/install/mower_description/bin'
[1.510s] Level 1:colcon.colcon_core.environment:checking '/home/q/Algorithm_research/VFH_ws/install/mower_description/lib/pkgconfig/mower_description.pc'
[1.510s] Level 1:colcon.colcon_core.environment:checking '/home/q/Algorithm_research/VFH_ws/install/mower_description/lib/python3.10/site-packages'
[1.510s] Level 1:colcon.colcon_core.environment:checking '/home/q/Algorithm_research/VFH_ws/install/mower_description/bin'
[1.510s] INFO:colcon.colcon_core.shell:Creating package script '/home/q/Algorithm_research/VFH_ws/install/mower_description/share/mower_description/package.ps1'
[1.511s] INFO:colcon.colcon_core.shell:Creating package descriptor '/home/q/Algorithm_research/VFH_ws/install/mower_description/share/mower_description/package.dsv'
[1.511s] INFO:colcon.colcon_core.shell:Creating package script '/home/q/Algorithm_research/VFH_ws/install/mower_description/share/mower_description/package.sh'
[1.511s] INFO:colcon.colcon_core.shell:Creating package script '/home/q/Algorithm_research/VFH_ws/install/mower_description/share/mower_description/package.bash'
[1.512s] INFO:colcon.colcon_core.shell:Creating package script '/home/q/Algorithm_research/VFH_ws/install/mower_description/share/mower_description/package.zsh'
[1.512s] Level 1:colcon.colcon_core.environment:create_file_with_runtime_dependencies(/home/q/Algorithm_research/VFH_ws/install/mower_description/share/colcon-core/packages/mower_description)
[1.512s] INFO:colcon.colcon_ros.task.ament_python.build:Building ROS package in '/home/q/Algorithm_research/VFH_ws/src/mower_vfh' with build type 'ament_python'
[1.512s] Level 1:colcon.colcon_core.shell:create_environment_hook('mower_vfh', 'ament_prefix_path')
[1.512s] INFO:colcon.colcon_core.shell:Creating environment hook '/home/q/Algorithm_research/VFH_ws/install/mower_vfh/share/mower_vfh/hook/ament_prefix_path.ps1'
[1.513s] INFO:colcon.colcon_core.shell:Creating environment descriptor '/home/q/Algorithm_research/VFH_ws/install/mower_vfh/share/mower_vfh/hook/ament_prefix_path.dsv'
[1.514s] INFO:colcon.colcon_core.shell:Creating environment hook '/home/q/Algorithm_research/VFH_ws/install/mower_vfh/share/mower_vfh/hook/ament_prefix_path.sh'
[1.515s] INFO:colcon.colcon_core.shell:Skip shell extension 'powershell' for command environment: Not usable outside of PowerShell
[1.515s] DEBUG:colcon.colcon_core.shell:Skip shell extension 'dsv' for command environment
[1.769s] INFO:colcon.colcon_core.task.python.build:Building Python package in '/home/q/Algorithm_research/VFH_ws/src/mower_vfh'
[1.769s] INFO:colcon.colcon_core.shell:Skip shell extension 'powershell' for command environment: Not usable outside of PowerShell
[1.769s] DEBUG:colcon.colcon_core.shell:Skip shell extension 'dsv' for command environment
[2.131s] DEBUG:colcon.colcon_core.event_handler.log_command:Invoking command in '/home/q/Algorithm_research/VFH_ws/build/mower_vfh': AMENT_PREFIX_PATH=/home/q/Algorithm_research/VFH_ws/install/mower_description:${AMENT_PREFIX_PATH} CMAKE_PREFIX_PATH=/home/q/Algorithm_research/VFH_ws/install/mower_description:${CMAKE_PREFIX_PATH} PYTHONPATH=/home/q/Algorithm_research/VFH_ws/build/mower_vfh/prefix_override:/usr/lib/python3/dist-packages/colcon_core/task/python/colcon_distutils_commands:/home/q/Algorithm_research/VFH_ws/install/mower_vfh/lib/python3.10/site-packages:${PYTHONPATH} /usr/bin/python3 -W ignore:setup.py install is deprecated -W ignore:easy_install command is deprecated setup.py develop --uninstall --editable --build-directory /home/q/Algorithm_research/VFH_ws/build/mower_vfh/build
[2.571s] DEBUG:colcon.colcon_core.event_handler.log_command:Invoked command in '/home/q/Algorithm_research/VFH_ws/build/mower_vfh' returned '0': AMENT_PREFIX_PATH=/home/q/Algorithm_research/VFH_ws/install/mower_description:${AMENT_PREFIX_PATH} CMAKE_PREFIX_PATH=/home/q/Algorithm_research/VFH_ws/install/mower_description:${CMAKE_PREFIX_PATH} PYTHONPATH=/home/q/Algorithm_research/VFH_ws/build/mower_vfh/prefix_override:/usr/lib/python3/dist-packages/colcon_core/task/python/colcon_distutils_commands:/home/q/Algorithm_research/VFH_ws/install/mower_vfh/lib/python3.10/site-packages:${PYTHONPATH} /usr/bin/python3 -W ignore:setup.py install is deprecated -W ignore:easy_install command is deprecated setup.py develop --uninstall --editable --build-directory /home/q/Algorithm_research/VFH_ws/build/mower_vfh/build
[2.573s] DEBUG:colcon.colcon_core.event_handler.log_command:Invoking command in '/home/q/Algorithm_research/VFH_ws/src/mower_vfh': AMENT_PREFIX_PATH=/home/q/Algorithm_research/VFH_ws/install/mower_description:${AMENT_PREFIX_PATH} CMAKE_PREFIX_PATH=/home/q/Algorithm_research/VFH_ws/install/mower_description:${CMAKE_PREFIX_PATH} PYTHONPATH=/home/q/Algorithm_research/VFH_ws/build/mower_vfh/prefix_override:/usr/lib/python3/dist-packages/colcon_core/task/python/colcon_distutils_commands:/home/q/Algorithm_research/VFH_ws/install/mower_vfh/lib/python3.10/site-packages:${PYTHONPATH} /usr/bin/python3 -W ignore:setup.py install is deprecated -W ignore:easy_install command is deprecated setup.py egg_info --egg-base ../../build/mower_vfh build --build-base /home/q/Algorithm_research/VFH_ws/build/mower_vfh/build install --record /home/q/Algorithm_research/VFH_ws/build/mower_vfh/install.log --single-version-externally-managed install_data --force
[2.889s] Level 1:colcon.colcon_core.environment:checking '/home/q/Algorithm_research/VFH_ws/install/mower_vfh' for CMake module files
[2.890s] DEBUG:colcon.colcon_core.event_handler.log_command:Invoked command in '/home/q/Algorithm_research/VFH_ws/src/mower_vfh' returned '0': AMENT_PREFIX_PATH=/home/q/Algorithm_research/VFH_ws/install/mower_description:${AMENT_PREFIX_PATH} CMAKE_PREFIX_PATH=/home/q/Algorithm_research/VFH_ws/install/mower_description:${CMAKE_PREFIX_PATH} PYTHONPATH=/home/q/Algorithm_research/VFH_ws/build/mower_vfh/prefix_override:/usr/lib/python3/dist-packages/colcon_core/task/python/colcon_distutils_commands:/home/q/Algorithm_research/VFH_ws/install/mower_vfh/lib/python3.10/site-packages:${PYTHONPATH} /usr/bin/python3 -W ignore:setup.py install is deprecated -W ignore:easy_install command is deprecated setup.py egg_info --egg-base ../../build/mower_vfh build --build-base /home/q/Algorithm_research/VFH_ws/build/mower_vfh/build install --record /home/q/Algorithm_research/VFH_ws/build/mower_vfh/install.log --single-version-externally-managed install_data --force
[2.890s] Level 1:colcon.colcon_core.environment:checking '/home/q/Algorithm_research/VFH_ws/install/mower_vfh' for CMake config files
[2.890s] Level 1:colcon.colcon_core.environment:checking '/home/q/Algorithm_research/VFH_ws/install/mower_vfh/lib'
[2.890s] Level 1:colcon.colcon_core.environment:checking '/home/q/Algorithm_research/VFH_ws/install/mower_vfh/bin'
[2.890s] Level 1:colcon.colcon_core.environment:checking '/home/q/Algorithm_research/VFH_ws/install/mower_vfh/lib/pkgconfig/mower_vfh.pc'
[2.891s] Level 1:colcon.colcon_core.environment:checking '/home/q/Algorithm_research/VFH_ws/install/mower_vfh/lib/python3.10/site-packages'
[2.891s] Level 1:colcon.colcon_core.shell:create_environment_hook('mower_vfh', 'pythonpath')
[2.891s] INFO:colcon.colcon_core.shell:Creating environment hook '/home/q/Algorithm_research/VFH_ws/install/mower_vfh/share/mower_vfh/hook/pythonpath.ps1'
[2.891s] INFO:colcon.colcon_core.shell:Creating environment descriptor '/home/q/Algorithm_research/VFH_ws/install/mower_vfh/share/mower_vfh/hook/pythonpath.dsv'
[2.892s] INFO:colcon.colcon_core.shell:Creating environment hook '/home/q/Algorithm_research/VFH_ws/install/mower_vfh/share/mower_vfh/hook/pythonpath.sh'
[2.893s] Level 1:colcon.colcon_core.environment:checking '/home/q/Algorithm_research/VFH_ws/install/mower_vfh/bin'
[2.893s] Level 1:colcon.colcon_core.environment:create_environment_scripts_only(mower_vfh)
[2.893s] INFO:colcon.colcon_core.shell:Creating package script '/home/q/Algorithm_research/VFH_ws/install/mower_vfh/share/mower_vfh/package.ps1'
[2.893s] INFO:colcon.colcon_core.shell:Creating package descriptor '/home/q/Algorithm_research/VFH_ws/install/mower_vfh/share/mower_vfh/package.dsv'
[2.894s] INFO:colcon.colcon_core.shell:Creating package script '/home/q/Algorithm_research/VFH_ws/install/mower_vfh/share/mower_vfh/package.sh'
[2.894s] INFO:colcon.colcon_core.shell:Creating package script '/home/q/Algorithm_research/VFH_ws/install/mower_vfh/share/mower_vfh/package.bash'
[2.895s] INFO:colcon.colcon_core.shell:Creating package script '/home/q/Algorithm_research/VFH_ws/install/mower_vfh/share/mower_vfh/package.zsh'
[2.895s] Level 1:colcon.colcon_core.environment:create_file_with_runtime_dependencies(/home/q/Algorithm_research/VFH_ws/install/mower_vfh/share/colcon-core/packages/mower_vfh)
[2.896s] DEBUG:colcon.colcon_parallel_executor.executor.parallel:closing loop
[2.896s] DEBUG:colcon.colcon_parallel_executor.executor.parallel:loop closed
[2.896s] DEBUG:colcon.colcon_parallel_executor.executor.parallel:run_until_complete finished with '0'
[2.896s] DEBUG:colcon.colcon_core.event_reactor:joining thread
[2.901s] INFO:colcon.colcon_core.plugin_system:Skipping extension 'colcon_notification.desktop_notification.terminal_notifier': Not used on non-Darwin systems
[2.901s] INFO:colcon.colcon_core.plugin_system:Skipping extension 'colcon_notification.desktop_notification.win32': Not used on non-Windows systems
[2.901s] INFO:colcon.colcon_notification.desktop_notification:Sending desktop notification using 'notify2'
[2.911s] DEBUG:colcon.colcon_core.event_reactor:joined thread
[2.912s] INFO:colcon.colcon_core.shell:Creating prefix script '/home/q/Algorithm_research/VFH_ws/install/local_setup.ps1'
[2.913s] INFO:colcon.colcon_core.shell:Creating prefix util module '/home/q/Algorithm_research/VFH_ws/install/_local_setup_util_ps1.py'
[2.913s] INFO:colcon.colcon_core.shell:Creating prefix chain script '/home/q/Algorithm_research/VFH_ws/install/setup.ps1'
[2.915s] INFO:colcon.colcon_core.shell:Creating prefix script '/home/q/Algorithm_research/VFH_ws/install/local_setup.sh'
[2.916s] INFO:colcon.colcon_core.shell:Creating prefix util module '/home/q/Algorithm_research/VFH_ws/install/_local_setup_util_sh.py'
[2.916s] INFO:colcon.colcon_core.shell:Creating prefix chain script '/home/q/Algorithm_research/VFH_ws/install/setup.sh'
[2.918s] INFO:colcon.colcon_core.shell:Creating prefix script '/home/q/Algorithm_research/VFH_ws/install/local_setup.bash'
[2.919s] INFO:colcon.colcon_core.shell:Creating prefix chain script '/home/q/Algorithm_research/VFH_ws/install/setup.bash'
[2.921s] INFO:colcon.colcon_core.shell:Creating prefix script '/home/q/Algorithm_research/VFH_ws/install/local_setup.zsh'
[2.921s] INFO:colcon.colcon_core.shell:Creating prefix chain script '/home/q/Algorithm_research/VFH_ws/install/setup.zsh'
