[0.074s] DEBUG:colcon:Command line arguments: ['/usr/bin/colcon', 'build', '--packages-select', 'mower_vfh']
[0.074s] DEBUG:colcon:Parsed command line arguments: Namespace(log_base=None, log_level=None, verb_name='build', build_base='build', install_base='install', merge_install=False, symlink_install=False, test_result_base=None, continue_on_error=False, executor='parallel', parallel_workers=24, event_handlers=None, ignore_user_meta=False, metas=['./colcon.meta'], base_paths=['.'], packages_ignore=None, packages_ignore_regex=None, paths=None, packages_up_to=None, packages_up_to_regex=None, packages_above=None, packages_above_and_dependencies=None, packages_above_depth=None, packages_select_by_dep=None, packages_skip_by_dep=None, packages_skip_up_to=None, packages_select_build_failed=False, packages_skip_build_finished=False, packages_select_test_failures=False, packages_skip_test_passed=False, packages_select=['mower_vfh'], packages_skip=None, packages_select_regex=None, packages_skip_regex=None, packages_start=None, packages_end=None, allow_overriding=[], cmake_args=None, cmake_target=None, cmake_target_skip_unavailable=False, cmake_clean_cache=False, cmake_clean_first=False, cmake_force_configure=False, ament_cmake_args=None, catkin_cmake_args=None, catkin_skip_building_tests=False, verb_parser=<colcon_defaults.argument_parser.defaults.DefaultArgumentsDecorator object at 0x7a1f59c4fb20>, verb_extension=<colcon_core.verb.build.BuildVerb object at 0x7a1f59c08400>, main=<bound method BuildVerb.main of <colcon_core.verb.build.BuildVerb object at 0x7a1f59c08400>>)
[0.191s] Level 1:colcon.colcon_core.package_discovery:discover_packages(colcon_meta) check parameters
[0.191s] Level 1:colcon.colcon_core.package_discovery:discover_packages(recursive) check parameters
[0.191s] Level 1:colcon.colcon_core.package_discovery:discover_packages(ignore) check parameters
[0.191s] Level 1:colcon.colcon_core.package_discovery:discover_packages(path) check parameters
[0.191s] Level 1:colcon.colcon_core.package_discovery:discover_packages(colcon_meta) discover
[0.191s] Level 1:colcon.colcon_core.package_discovery:discover_packages(recursive) discover
[0.191s] INFO:colcon.colcon_core.package_discovery:Crawling recursively for packages in '/home/q/Algorithm_research/VFH_ws'
[0.191s] Level 1:colcon.colcon_core.package_identification:_identify(.) by extensions ['ignore', 'ignore_ament_install']
[0.192s] Level 1:colcon.colcon_core.package_identification:_identify(.) by extension 'ignore'
[0.192s] Level 1:colcon.colcon_core.package_identification:_identify(.) by extension 'ignore_ament_install'
[0.192s] Level 1:colcon.colcon_core.package_identification:_identify(.) by extensions ['colcon_pkg']
[0.192s] Level 1:colcon.colcon_core.package_identification:_identify(.) by extension 'colcon_pkg'
[0.192s] Level 1:colcon.colcon_core.package_identification:_identify(.) by extensions ['colcon_meta']
[0.192s] Level 1:colcon.colcon_core.package_identification:_identify(.) by extension 'colcon_meta'
[0.192s] Level 1:colcon.colcon_core.package_identification:_identify(.) by extensions ['ros']
[0.192s] Level 1:colcon.colcon_core.package_identification:_identify(.) by extension 'ros'
[0.226s] Level 1:colcon.colcon_core.package_identification:_identify(.) by extensions ['cmake', 'python']
[0.226s] Level 1:colcon.colcon_core.package_identification:_identify(.) by extension 'cmake'
[0.226s] Level 1:colcon.colcon_core.package_identification:_identify(.) by extension 'python'
[0.226s] Level 1:colcon.colcon_core.package_identification:_identify(.) by extensions ['python_setup_py']
[0.226s] Level 1:colcon.colcon_core.package_identification:_identify(.) by extension 'python_setup_py'
[0.226s] Level 1:colcon.colcon_core.package_identification:_identify(build) by extensions ['ignore', 'ignore_ament_install']
[0.226s] Level 1:colcon.colcon_core.package_identification:_identify(build) by extension 'ignore'
[0.226s] Level 1:colcon.colcon_core.package_identification:_identify(build) ignored
[0.226s] Level 1:colcon.colcon_core.package_identification:_identify(install) by extensions ['ignore', 'ignore_ament_install']
[0.226s] Level 1:colcon.colcon_core.package_identification:_identify(install) by extension 'ignore'
[0.226s] Level 1:colcon.colcon_core.package_identification:_identify(install) ignored
[0.226s] Level 1:colcon.colcon_core.package_identification:_identify(log) by extensions ['ignore', 'ignore_ament_install']
[0.226s] Level 1:colcon.colcon_core.package_identification:_identify(log) by extension 'ignore'
[0.226s] Level 1:colcon.colcon_core.package_identification:_identify(log) ignored
[0.226s] Level 1:colcon.colcon_core.package_identification:_identify(src) by extensions ['ignore', 'ignore_ament_install']
[0.226s] Level 1:colcon.colcon_core.package_identification:_identify(src) by extension 'ignore'
[0.226s] Level 1:colcon.colcon_core.package_identification:_identify(src) by extension 'ignore_ament_install'
[0.226s] Level 1:colcon.colcon_core.package_identification:_identify(src) by extensions ['colcon_pkg']
[0.226s] Level 1:colcon.colcon_core.package_identification:_identify(src) by extension 'colcon_pkg'
[0.227s] Level 1:colcon.colcon_core.package_identification:_identify(src) by extensions ['colcon_meta']
[0.227s] Level 1:colcon.colcon_core.package_identification:_identify(src) by extension 'colcon_meta'
[0.227s] Level 1:colcon.colcon_core.package_identification:_identify(src) by extensions ['ros']
[0.227s] Level 1:colcon.colcon_core.package_identification:_identify(src) by extension 'ros'
[0.227s] Level 1:colcon.colcon_core.package_identification:_identify(src) by extensions ['cmake', 'python']
[0.227s] Level 1:colcon.colcon_core.package_identification:_identify(src) by extension 'cmake'
[0.227s] Level 1:colcon.colcon_core.package_identification:_identify(src) by extension 'python'
[0.227s] Level 1:colcon.colcon_core.package_identification:_identify(src) by extensions ['python_setup_py']
[0.227s] Level 1:colcon.colcon_core.package_identification:_identify(src) by extension 'python_setup_py'
[0.227s] Level 1:colcon.colcon_core.package_identification:_identify(src/mower_description) by extensions ['ignore', 'ignore_ament_install']
[0.227s] Level 1:colcon.colcon_core.package_identification:_identify(src/mower_description) by extension 'ignore'
[0.227s] Level 1:colcon.colcon_core.package_identification:_identify(src/mower_description) by extension 'ignore_ament_install'
[0.227s] Level 1:colcon.colcon_core.package_identification:_identify(src/mower_description) by extensions ['colcon_pkg']
[0.227s] Level 1:colcon.colcon_core.package_identification:_identify(src/mower_description) by extension 'colcon_pkg'
[0.227s] Level 1:colcon.colcon_core.package_identification:_identify(src/mower_description) by extensions ['colcon_meta']
[0.227s] Level 1:colcon.colcon_core.package_identification:_identify(src/mower_description) by extension 'colcon_meta'
[0.227s] Level 1:colcon.colcon_core.package_identification:_identify(src/mower_description) by extensions ['ros']
[0.227s] Level 1:colcon.colcon_core.package_identification:_identify(src/mower_description) by extension 'ros'
[0.229s] DEBUG:colcon.colcon_core.package_identification:Package 'src/mower_description' with type 'ros.ament_cmake' and name 'mower_description'
[0.229s] Level 1:colcon.colcon_core.package_identification:_identify(src/mower_vfh) by extensions ['ignore', 'ignore_ament_install']
[0.229s] Level 1:colcon.colcon_core.package_identification:_identify(src/mower_vfh) by extension 'ignore'
[0.229s] Level 1:colcon.colcon_core.package_identification:_identify(src/mower_vfh) by extension 'ignore_ament_install'
[0.229s] Level 1:colcon.colcon_core.package_identification:_identify(src/mower_vfh) by extensions ['colcon_pkg']
[0.229s] Level 1:colcon.colcon_core.package_identification:_identify(src/mower_vfh) by extension 'colcon_pkg'
[0.229s] Level 1:colcon.colcon_core.package_identification:_identify(src/mower_vfh) by extensions ['colcon_meta']
[0.229s] Level 1:colcon.colcon_core.package_identification:_identify(src/mower_vfh) by extension 'colcon_meta'
[0.229s] Level 1:colcon.colcon_core.package_identification:_identify(src/mower_vfh) by extensions ['ros']
[0.229s] Level 1:colcon.colcon_core.package_identification:_identify(src/mower_vfh) by extension 'ros'
[0.230s] DEBUG:colcon.colcon_core.package_identification:Package 'src/mower_vfh' with type 'ros.ament_python' and name 'mower_vfh'
[0.230s] Level 1:colcon.colcon_core.package_identification:_identify(src/mower_vfh_lidar) by extensions ['ignore', 'ignore_ament_install']
[0.230s] Level 1:colcon.colcon_core.package_identification:_identify(src/mower_vfh_lidar) by extension 'ignore'
[0.230s] Level 1:colcon.colcon_core.package_identification:_identify(src/mower_vfh_lidar) by extension 'ignore_ament_install'
[0.230s] Level 1:colcon.colcon_core.package_identification:_identify(src/mower_vfh_lidar) by extensions ['colcon_pkg']
[0.230s] Level 1:colcon.colcon_core.package_identification:_identify(src/mower_vfh_lidar) by extension 'colcon_pkg'
[0.230s] Level 1:colcon.colcon_core.package_identification:_identify(src/mower_vfh_lidar) by extensions ['colcon_meta']
[0.230s] Level 1:colcon.colcon_core.package_identification:_identify(src/mower_vfh_lidar) by extension 'colcon_meta'
[0.230s] Level 1:colcon.colcon_core.package_identification:_identify(src/mower_vfh_lidar) by extensions ['ros']
[0.230s] Level 1:colcon.colcon_core.package_identification:_identify(src/mower_vfh_lidar) by extension 'ros'
[0.231s] DEBUG:colcon.colcon_core.package_identification:Package 'src/mower_vfh_lidar' with type 'ros.ament_python' and name 'mower_vfh_lidar'
[0.231s] Level 1:colcon.colcon_core.package_discovery:discover_packages(recursive) using defaults
[0.231s] Level 1:colcon.colcon_core.package_discovery:discover_packages(ignore) discover
[0.231s] Level 1:colcon.colcon_core.package_discovery:discover_packages(ignore) using defaults
[0.231s] Level 1:colcon.colcon_core.package_discovery:discover_packages(path) discover
[0.231s] Level 1:colcon.colcon_core.package_discovery:discover_packages(path) using defaults
[0.245s] INFO:colcon.colcon_core.package_selection:Skipping not selected package 'mower_description' in 'src/mower_description'
[0.245s] INFO:colcon.colcon_core.package_selection:Skipping not selected package 'mower_vfh_lidar' in 'src/mower_vfh_lidar'
[0.245s] Level 1:colcon.colcon_core.package_discovery:discover_packages(prefix_path) check parameters
[0.245s] Level 1:colcon.colcon_core.package_discovery:discover_packages(prefix_path) discover
[0.247s] DEBUG:colcon.colcon_installed_package_information.package_discovery:Found 3 installed packages in /home/q/Algorithm_research/VFH_ws/install
[0.247s] DEBUG:colcon.colcon_installed_package_information.package_discovery:Found 12 installed packages in /home/q/dev_ws/install
[0.248s] DEBUG:colcon.colcon_installed_package_information.package_discovery:Found 462 installed packages in /opt/ros/humble
[0.249s] Level 1:colcon.colcon_core.package_discovery:discover_packages(prefix_path) using defaults
[0.286s] Level 5:colcon.colcon_core.verb:set package 'mower_vfh' build argument 'cmake_args' from command line to 'None'
[0.286s] Level 5:colcon.colcon_core.verb:set package 'mower_vfh' build argument 'cmake_target' from command line to 'None'
[0.286s] Level 5:colcon.colcon_core.verb:set package 'mower_vfh' build argument 'cmake_target_skip_unavailable' from command line to 'False'
[0.286s] Level 5:colcon.colcon_core.verb:set package 'mower_vfh' build argument 'cmake_clean_cache' from command line to 'False'
[0.286s] Level 5:colcon.colcon_core.verb:set package 'mower_vfh' build argument 'cmake_clean_first' from command line to 'False'
[0.286s] Level 5:colcon.colcon_core.verb:set package 'mower_vfh' build argument 'cmake_force_configure' from command line to 'False'
[0.286s] Level 5:colcon.colcon_core.verb:set package 'mower_vfh' build argument 'ament_cmake_args' from command line to 'None'
[0.286s] Level 5:colcon.colcon_core.verb:set package 'mower_vfh' build argument 'catkin_cmake_args' from command line to 'None'
[0.286s] Level 5:colcon.colcon_core.verb:set package 'mower_vfh' build argument 'catkin_skip_building_tests' from command line to 'False'
[0.286s] DEBUG:colcon.colcon_core.verb:Building package 'mower_vfh' with the following arguments: {'ament_cmake_args': None, 'build_base': '/home/q/Algorithm_research/VFH_ws/build/mower_vfh', 'catkin_cmake_args': None, 'catkin_skip_building_tests': False, 'cmake_args': None, 'cmake_clean_cache': False, 'cmake_clean_first': False, 'cmake_force_configure': False, 'cmake_target': None, 'cmake_target_skip_unavailable': False, 'install_base': '/home/q/Algorithm_research/VFH_ws/install/mower_vfh', 'merge_install': False, 'path': '/home/q/Algorithm_research/VFH_ws/src/mower_vfh', 'symlink_install': False, 'test_result_base': None}
[0.286s] INFO:colcon.colcon_core.executor:Executing jobs using 'parallel' executor
[0.287s] DEBUG:colcon.colcon_parallel_executor.executor.parallel:run_until_complete
[0.287s] INFO:colcon.colcon_ros.task.ament_python.build:Building ROS package in '/home/q/Algorithm_research/VFH_ws/src/mower_vfh' with build type 'ament_python'
[0.287s] Level 1:colcon.colcon_core.shell:create_environment_hook('mower_vfh', 'ament_prefix_path')
[0.288s] INFO:colcon.colcon_core.plugin_system:Skipping extension 'colcon_core.shell.bat': Not used on non-Windows systems
[0.288s] INFO:colcon.colcon_core.shell:Creating environment hook '/home/q/Algorithm_research/VFH_ws/install/mower_vfh/share/mower_vfh/hook/ament_prefix_path.ps1'
[0.289s] INFO:colcon.colcon_core.shell:Creating environment descriptor '/home/q/Algorithm_research/VFH_ws/install/mower_vfh/share/mower_vfh/hook/ament_prefix_path.dsv'
[0.289s] INFO:colcon.colcon_core.shell:Creating environment hook '/home/q/Algorithm_research/VFH_ws/install/mower_vfh/share/mower_vfh/hook/ament_prefix_path.sh'
[0.290s] INFO:colcon.colcon_core.shell:Skip shell extension 'powershell' for command environment: Not usable outside of PowerShell
[0.290s] DEBUG:colcon.colcon_core.shell:Skip shell extension 'dsv' for command environment
[0.488s] INFO:colcon.colcon_core.task.python.build:Building Python package in '/home/q/Algorithm_research/VFH_ws/src/mower_vfh'
[0.488s] INFO:colcon.colcon_core.shell:Skip shell extension 'powershell' for command environment: Not usable outside of PowerShell
[0.489s] DEBUG:colcon.colcon_core.shell:Skip shell extension 'dsv' for command environment
[0.743s] DEBUG:colcon.colcon_core.event_handler.log_command:Invoking command in '/home/q/Algorithm_research/VFH_ws/src/mower_vfh': PYTHONPATH=/home/q/Algorithm_research/VFH_ws/build/mower_vfh/prefix_override:/usr/lib/python3/dist-packages/colcon_core/task/python/colcon_distutils_commands:/home/q/Algorithm_research/VFH_ws/install/mower_vfh/lib/python3.10/site-packages:${PYTHONPATH} /usr/bin/python3 -W ignore:setup.py install is deprecated -W ignore:easy_install command is deprecated setup.py egg_info --egg-base ../../build/mower_vfh build --build-base /home/q/Algorithm_research/VFH_ws/build/mower_vfh/build install --record /home/q/Algorithm_research/VFH_ws/build/mower_vfh/install.log --single-version-externally-managed install_data
[30.318s] DEBUG:colcon.colcon_core.event_handler.log_command:Invoked command in '/home/q/Algorithm_research/VFH_ws/src/mower_vfh' returned '0': PYTHONPATH=/home/q/Algorithm_research/VFH_ws/build/mower_vfh/prefix_override:/usr/lib/python3/dist-packages/colcon_core/task/python/colcon_distutils_commands:/home/q/Algorithm_research/VFH_ws/install/mower_vfh/lib/python3.10/site-packages:${PYTHONPATH} /usr/bin/python3 -W ignore:setup.py install is deprecated -W ignore:easy_install command is deprecated setup.py egg_info --egg-base ../../build/mower_vfh build --build-base /home/q/Algorithm_research/VFH_ws/build/mower_vfh/build install --record /home/q/Algorithm_research/VFH_ws/build/mower_vfh/install.log --single-version-externally-managed install_data
[30.319s] Level 1:colcon.colcon_core.environment:checking '/home/q/Algorithm_research/VFH_ws/install/mower_vfh' for CMake module files
[30.320s] Level 1:colcon.colcon_core.environment:checking '/home/q/Algorithm_research/VFH_ws/install/mower_vfh' for CMake config files
[30.320s] Level 1:colcon.colcon_core.environment:checking '/home/q/Algorithm_research/VFH_ws/install/mower_vfh/lib'
[30.320s] Level 1:colcon.colcon_core.environment:checking '/home/q/Algorithm_research/VFH_ws/install/mower_vfh/bin'
[30.320s] Level 1:colcon.colcon_core.environment:checking '/home/q/Algorithm_research/VFH_ws/install/mower_vfh/lib/pkgconfig/mower_vfh.pc'
[30.320s] Level 1:colcon.colcon_core.environment:checking '/home/q/Algorithm_research/VFH_ws/install/mower_vfh/lib/python3.10/site-packages'
[30.320s] Level 1:colcon.colcon_core.shell:create_environment_hook('mower_vfh', 'pythonpath')
[30.321s] INFO:colcon.colcon_core.shell:Creating environment hook '/home/q/Algorithm_research/VFH_ws/install/mower_vfh/share/mower_vfh/hook/pythonpath.ps1'
[30.321s] INFO:colcon.colcon_core.shell:Creating environment descriptor '/home/q/Algorithm_research/VFH_ws/install/mower_vfh/share/mower_vfh/hook/pythonpath.dsv'
[30.321s] INFO:colcon.colcon_core.shell:Creating environment hook '/home/q/Algorithm_research/VFH_ws/install/mower_vfh/share/mower_vfh/hook/pythonpath.sh'
[30.322s] Level 1:colcon.colcon_core.environment:checking '/home/q/Algorithm_research/VFH_ws/install/mower_vfh/bin'
[30.322s] Level 1:colcon.colcon_core.environment:create_environment_scripts_only(mower_vfh)
[30.322s] INFO:colcon.colcon_core.shell:Creating package script '/home/q/Algorithm_research/VFH_ws/install/mower_vfh/share/mower_vfh/package.ps1'
[30.322s] INFO:colcon.colcon_core.shell:Creating package descriptor '/home/q/Algorithm_research/VFH_ws/install/mower_vfh/share/mower_vfh/package.dsv'
[30.323s] INFO:colcon.colcon_core.shell:Creating package script '/home/q/Algorithm_research/VFH_ws/install/mower_vfh/share/mower_vfh/package.sh'
[30.323s] INFO:colcon.colcon_core.shell:Creating package script '/home/q/Algorithm_research/VFH_ws/install/mower_vfh/share/mower_vfh/package.bash'
[30.323s] INFO:colcon.colcon_core.shell:Creating package script '/home/q/Algorithm_research/VFH_ws/install/mower_vfh/share/mower_vfh/package.zsh'
[30.324s] Level 1:colcon.colcon_core.environment:create_file_with_runtime_dependencies(/home/q/Algorithm_research/VFH_ws/install/mower_vfh/share/colcon-core/packages/mower_vfh)
[30.324s] DEBUG:colcon.colcon_parallel_executor.executor.parallel:closing loop
[30.324s] DEBUG:colcon.colcon_parallel_executor.executor.parallel:loop closed
[30.324s] DEBUG:colcon.colcon_parallel_executor.executor.parallel:run_until_complete finished with '0'
[30.324s] DEBUG:colcon.colcon_core.event_reactor:joining thread
[30.328s] INFO:colcon.colcon_core.plugin_system:Skipping extension 'colcon_notification.desktop_notification.terminal_notifier': Not used on non-Darwin systems
[30.328s] INFO:colcon.colcon_core.plugin_system:Skipping extension 'colcon_notification.desktop_notification.win32': Not used on non-Windows systems
[30.328s] INFO:colcon.colcon_notification.desktop_notification:Sending desktop notification using 'notify2'
[30.328s] DEBUG:colcon.colcon_notification.desktop_notification.notify2:Failed to initialize notify2: org.freedesktop.DBus.Error.AccessDenied: Failed to connect to socket /run/user/1000/bus: Operation not permitted
[30.328s] DEBUG:colcon.colcon_core.event_reactor:joined thread
[30.328s] INFO:colcon.colcon_core.shell:Creating prefix script '/home/q/Algorithm_research/VFH_ws/install/local_setup.ps1'
[30.329s] INFO:colcon.colcon_core.shell:Creating prefix util module '/home/q/Algorithm_research/VFH_ws/install/_local_setup_util_ps1.py'
[30.330s] INFO:colcon.colcon_core.shell:Creating prefix chain script '/home/q/Algorithm_research/VFH_ws/install/setup.ps1'
[30.331s] INFO:colcon.colcon_core.shell:Creating prefix script '/home/q/Algorithm_research/VFH_ws/install/local_setup.sh'
[30.331s] INFO:colcon.colcon_core.shell:Creating prefix util module '/home/q/Algorithm_research/VFH_ws/install/_local_setup_util_sh.py'
[30.332s] INFO:colcon.colcon_core.shell:Creating prefix chain script '/home/q/Algorithm_research/VFH_ws/install/setup.sh'
[30.333s] INFO:colcon.colcon_core.shell:Creating prefix script '/home/q/Algorithm_research/VFH_ws/install/local_setup.bash'
[30.333s] INFO:colcon.colcon_core.shell:Creating prefix chain script '/home/q/Algorithm_research/VFH_ws/install/setup.bash'
[30.334s] INFO:colcon.colcon_core.shell:Creating prefix script '/home/q/Algorithm_research/VFH_ws/install/local_setup.zsh'
[30.334s] INFO:colcon.colcon_core.shell:Creating prefix chain script '/home/q/Algorithm_research/VFH_ws/install/setup.zsh'
