[0.392s] DEBUG:colcon:Command line arguments: ['/usr/bin/colcon', 'build']
[0.392s] DEBUG:colcon:Parsed command line arguments: Namespace(log_base=None, log_level=None, verb_name='build', build_base='build', install_base='install', merge_install=False, symlink_install=False, test_result_base=None, continue_on_error=False, executor='parallel', parallel_workers=24, event_handlers=None, ignore_user_meta=False, metas=['./colcon.meta'], base_paths=['.'], packages_ignore=None, packages_ignore_regex=None, paths=None, packages_up_to=None, packages_up_to_regex=None, packages_above=None, packages_above_and_dependencies=None, packages_above_depth=None, packages_select_by_dep=None, packages_skip_by_dep=None, packages_skip_up_to=None, packages_select_build_failed=False, packages_skip_build_finished=False, packages_select_test_failures=False, packages_skip_test_passed=False, packages_select=None, packages_skip=None, packages_select_regex=None, packages_skip_regex=None, packages_start=None, packages_end=None, allow_overriding=[], cmake_args=None, cmake_target=None, cmake_target_skip_unavailable=False, cmake_clean_cache=False, cmake_clean_first=False, cmake_force_configure=False, ament_cmake_args=None, catkin_cmake_args=None, catkin_skip_building_tests=False, verb_parser=<colcon_defaults.argument_parser.defaults.DefaultArgumentsDecorator object at 0x7cde9ae07730>, verb_extension=<colcon_core.verb.build.BuildVerb object at 0x7cde9adc0040>, main=<bound method BuildVerb.main of <colcon_core.verb.build.BuildVerb object at 0x7cde9adc0040>>)
[0.917s] Level 1:colcon.colcon_core.package_discovery:discover_packages(colcon_meta) check parameters
[0.917s] Level 1:colcon.colcon_core.package_discovery:discover_packages(recursive) check parameters
[0.917s] Level 1:colcon.colcon_core.package_discovery:discover_packages(ignore) check parameters
[0.917s] Level 1:colcon.colcon_core.package_discovery:discover_packages(path) check parameters
[0.917s] Level 1:colcon.colcon_core.package_discovery:discover_packages(colcon_meta) discover
[0.917s] Level 1:colcon.colcon_core.package_discovery:discover_packages(recursive) discover
[0.917s] INFO:colcon.colcon_core.package_discovery:Crawling recursively for packages in '/home/q/Algorithm_research/VFH_ws'
[0.917s] Level 1:colcon.colcon_core.package_identification:_identify(.) by extensions ['ignore', 'ignore_ament_install']
[0.917s] Level 1:colcon.colcon_core.package_identification:_identify(.) by extension 'ignore'
[0.917s] Level 1:colcon.colcon_core.package_identification:_identify(.) by extension 'ignore_ament_install'
[0.917s] Level 1:colcon.colcon_core.package_identification:_identify(.) by extensions ['colcon_pkg']
[0.917s] Level 1:colcon.colcon_core.package_identification:_identify(.) by extension 'colcon_pkg'
[0.917s] Level 1:colcon.colcon_core.package_identification:_identify(.) by extensions ['colcon_meta']
[0.917s] Level 1:colcon.colcon_core.package_identification:_identify(.) by extension 'colcon_meta'
[0.917s] Level 1:colcon.colcon_core.package_identification:_identify(.) by extensions ['ros']
[0.917s] Level 1:colcon.colcon_core.package_identification:_identify(.) by extension 'ros'
[0.947s] Level 1:colcon.colcon_core.package_identification:_identify(.) by extensions ['cmake', 'python']
[0.947s] Level 1:colcon.colcon_core.package_identification:_identify(.) by extension 'cmake'
[0.947s] Level 1:colcon.colcon_core.package_identification:_identify(.) by extension 'python'
[0.947s] Level 1:colcon.colcon_core.package_identification:_identify(.) by extensions ['python_setup_py']
[0.947s] Level 1:colcon.colcon_core.package_identification:_identify(.) by extension 'python_setup_py'
[0.948s] Level 1:colcon.colcon_core.package_identification:_identify(build) by extensions ['ignore', 'ignore_ament_install']
[0.948s] Level 1:colcon.colcon_core.package_identification:_identify(build) by extension 'ignore'
[0.948s] Level 1:colcon.colcon_core.package_identification:_identify(build) ignored
[0.948s] Level 1:colcon.colcon_core.package_identification:_identify(install) by extensions ['ignore', 'ignore_ament_install']
[0.948s] Level 1:colcon.colcon_core.package_identification:_identify(install) by extension 'ignore'
[0.948s] Level 1:colcon.colcon_core.package_identification:_identify(install) ignored
[0.948s] Level 1:colcon.colcon_core.package_identification:_identify(log) by extensions ['ignore', 'ignore_ament_install']
[0.948s] Level 1:colcon.colcon_core.package_identification:_identify(log) by extension 'ignore'
[0.948s] Level 1:colcon.colcon_core.package_identification:_identify(log) ignored
[0.948s] Level 1:colcon.colcon_core.package_identification:_identify(src) by extensions ['ignore', 'ignore_ament_install']
[0.948s] Level 1:colcon.colcon_core.package_identification:_identify(src) by extension 'ignore'
[0.948s] Level 1:colcon.colcon_core.package_identification:_identify(src) by extension 'ignore_ament_install'
[0.948s] Level 1:colcon.colcon_core.package_identification:_identify(src) by extensions ['colcon_pkg']
[0.948s] Level 1:colcon.colcon_core.package_identification:_identify(src) by extension 'colcon_pkg'
[0.948s] Level 1:colcon.colcon_core.package_identification:_identify(src) by extensions ['colcon_meta']
[0.948s] Level 1:colcon.colcon_core.package_identification:_identify(src) by extension 'colcon_meta'
[0.948s] Level 1:colcon.colcon_core.package_identification:_identify(src) by extensions ['ros']
[0.948s] Level 1:colcon.colcon_core.package_identification:_identify(src) by extension 'ros'
[0.948s] Level 1:colcon.colcon_core.package_identification:_identify(src) by extensions ['cmake', 'python']
[0.948s] Level 1:colcon.colcon_core.package_identification:_identify(src) by extension 'cmake'
[0.948s] Level 1:colcon.colcon_core.package_identification:_identify(src) by extension 'python'
[0.949s] Level 1:colcon.colcon_core.package_identification:_identify(src) by extensions ['python_setup_py']
[0.949s] Level 1:colcon.colcon_core.package_identification:_identify(src) by extension 'python_setup_py'
[0.949s] Level 1:colcon.colcon_core.package_identification:_identify(src/mower_description) by extensions ['ignore', 'ignore_ament_install']
[0.949s] Level 1:colcon.colcon_core.package_identification:_identify(src/mower_description) by extension 'ignore'
[0.949s] Level 1:colcon.colcon_core.package_identification:_identify(src/mower_description) by extension 'ignore_ament_install'
[0.949s] Level 1:colcon.colcon_core.package_identification:_identify(src/mower_description) by extensions ['colcon_pkg']
[0.949s] Level 1:colcon.colcon_core.package_identification:_identify(src/mower_description) by extension 'colcon_pkg'
[0.949s] Level 1:colcon.colcon_core.package_identification:_identify(src/mower_description) by extensions ['colcon_meta']
[0.949s] Level 1:colcon.colcon_core.package_identification:_identify(src/mower_description) by extension 'colcon_meta'
[0.949s] Level 1:colcon.colcon_core.package_identification:_identify(src/mower_description) by extensions ['ros']
[0.949s] Level 1:colcon.colcon_core.package_identification:_identify(src/mower_description) by extension 'ros'
[0.951s] DEBUG:colcon.colcon_core.package_identification:Package 'src/mower_description' with type 'ros.ament_cmake' and name 'mower_description'
[0.951s] Level 1:colcon.colcon_core.package_identification:_identify(src/mower_vfh) by extensions ['ignore', 'ignore_ament_install']
[0.951s] Level 1:colcon.colcon_core.package_identification:_identify(src/mower_vfh) by extension 'ignore'
[0.951s] Level 1:colcon.colcon_core.package_identification:_identify(src/mower_vfh) by extension 'ignore_ament_install'
[0.951s] Level 1:colcon.colcon_core.package_identification:_identify(src/mower_vfh) by extensions ['colcon_pkg']
[0.951s] Level 1:colcon.colcon_core.package_identification:_identify(src/mower_vfh) by extension 'colcon_pkg'
[0.951s] Level 1:colcon.colcon_core.package_identification:_identify(src/mower_vfh) by extensions ['colcon_meta']
[0.951s] Level 1:colcon.colcon_core.package_identification:_identify(src/mower_vfh) by extension 'colcon_meta'
[0.951s] Level 1:colcon.colcon_core.package_identification:_identify(src/mower_vfh) by extensions ['ros']
[0.951s] Level 1:colcon.colcon_core.package_identification:_identify(src/mower_vfh) by extension 'ros'
[0.952s] DEBUG:colcon.colcon_core.package_identification:Package 'src/mower_vfh' with type 'ros.ament_python' and name 'mower_vfh'
[0.952s] Level 1:colcon.colcon_core.package_identification:_identify(src/mower_vfh_lidar) by extensions ['ignore', 'ignore_ament_install']
[0.952s] Level 1:colcon.colcon_core.package_identification:_identify(src/mower_vfh_lidar) by extension 'ignore'
[0.952s] Level 1:colcon.colcon_core.package_identification:_identify(src/mower_vfh_lidar) by extension 'ignore_ament_install'
[0.952s] Level 1:colcon.colcon_core.package_identification:_identify(src/mower_vfh_lidar) by extensions ['colcon_pkg']
[0.952s] Level 1:colcon.colcon_core.package_identification:_identify(src/mower_vfh_lidar) by extension 'colcon_pkg'
[0.953s] Level 1:colcon.colcon_core.package_identification:_identify(src/mower_vfh_lidar) by extensions ['colcon_meta']
[0.953s] Level 1:colcon.colcon_core.package_identification:_identify(src/mower_vfh_lidar) by extension 'colcon_meta'
[0.953s] Level 1:colcon.colcon_core.package_identification:_identify(src/mower_vfh_lidar) by extensions ['ros']
[0.953s] Level 1:colcon.colcon_core.package_identification:_identify(src/mower_vfh_lidar) by extension 'ros'
[0.953s] DEBUG:colcon.colcon_core.package_identification:Package 'src/mower_vfh_lidar' with type 'ros.ament_python' and name 'mower_vfh_lidar'
[0.953s] Level 1:colcon.colcon_core.package_discovery:discover_packages(recursive) using defaults
[0.953s] Level 1:colcon.colcon_core.package_discovery:discover_packages(ignore) discover
[0.953s] Level 1:colcon.colcon_core.package_discovery:discover_packages(ignore) using defaults
[0.953s] Level 1:colcon.colcon_core.package_discovery:discover_packages(path) discover
[0.953s] Level 1:colcon.colcon_core.package_discovery:discover_packages(path) using defaults
[1.004s] Level 1:colcon.colcon_core.package_discovery:discover_packages(prefix_path) check parameters
[1.004s] Level 1:colcon.colcon_core.package_discovery:discover_packages(prefix_path) discover
[1.015s] DEBUG:colcon.colcon_installed_package_information.package_discovery:Found 12 installed packages in /home/q/dev_ws/install
[1.015s] DEBUG:colcon.colcon_installed_package_information.package_discovery:Found 3 installed packages in /home/q/Algorithm_research/VFH_ws/install
[1.016s] DEBUG:colcon.colcon_installed_package_information.package_discovery:Found 462 installed packages in /opt/ros/humble
[1.018s] Level 1:colcon.colcon_core.package_discovery:discover_packages(prefix_path) using defaults
[1.070s] Level 5:colcon.colcon_core.verb:set package 'mower_description' build argument 'cmake_args' from command line to 'None'
[1.070s] Level 5:colcon.colcon_core.verb:set package 'mower_description' build argument 'cmake_target' from command line to 'None'
[1.070s] Level 5:colcon.colcon_core.verb:set package 'mower_description' build argument 'cmake_target_skip_unavailable' from command line to 'False'
[1.070s] Level 5:colcon.colcon_core.verb:set package 'mower_description' build argument 'cmake_clean_cache' from command line to 'False'
[1.070s] Level 5:colcon.colcon_core.verb:set package 'mower_description' build argument 'cmake_clean_first' from command line to 'False'
[1.070s] Level 5:colcon.colcon_core.verb:set package 'mower_description' build argument 'cmake_force_configure' from command line to 'False'
[1.070s] Level 5:colcon.colcon_core.verb:set package 'mower_description' build argument 'ament_cmake_args' from command line to 'None'
[1.070s] Level 5:colcon.colcon_core.verb:set package 'mower_description' build argument 'catkin_cmake_args' from command line to 'None'
[1.070s] Level 5:colcon.colcon_core.verb:set package 'mower_description' build argument 'catkin_skip_building_tests' from command line to 'False'
[1.070s] DEBUG:colcon.colcon_core.verb:Building package 'mower_description' with the following arguments: {'ament_cmake_args': None, 'build_base': '/home/q/Algorithm_research/VFH_ws/build/mower_description', 'catkin_cmake_args': None, 'catkin_skip_building_tests': False, 'cmake_args': None, 'cmake_clean_cache': False, 'cmake_clean_first': False, 'cmake_force_configure': False, 'cmake_target': None, 'cmake_target_skip_unavailable': False, 'install_base': '/home/q/Algorithm_research/VFH_ws/install/mower_description', 'merge_install': False, 'path': '/home/q/Algorithm_research/VFH_ws/src/mower_description', 'symlink_install': False, 'test_result_base': None}
[1.071s] Level 5:colcon.colcon_core.verb:set package 'mower_vfh' build argument 'cmake_args' from command line to 'None'
[1.071s] Level 5:colcon.colcon_core.verb:set package 'mower_vfh' build argument 'cmake_target' from command line to 'None'
[1.071s] Level 5:colcon.colcon_core.verb:set package 'mower_vfh' build argument 'cmake_target_skip_unavailable' from command line to 'False'
[1.071s] Level 5:colcon.colcon_core.verb:set package 'mower_vfh' build argument 'cmake_clean_cache' from command line to 'False'
[1.071s] Level 5:colcon.colcon_core.verb:set package 'mower_vfh' build argument 'cmake_clean_first' from command line to 'False'
[1.071s] Level 5:colcon.colcon_core.verb:set package 'mower_vfh' build argument 'cmake_force_configure' from command line to 'False'
[1.071s] Level 5:colcon.colcon_core.verb:set package 'mower_vfh' build argument 'ament_cmake_args' from command line to 'None'
[1.071s] Level 5:colcon.colcon_core.verb:set package 'mower_vfh' build argument 'catkin_cmake_args' from command line to 'None'
[1.071s] Level 5:colcon.colcon_core.verb:set package 'mower_vfh' build argument 'catkin_skip_building_tests' from command line to 'False'
[1.071s] DEBUG:colcon.colcon_core.verb:Building package 'mower_vfh' with the following arguments: {'ament_cmake_args': None, 'build_base': '/home/q/Algorithm_research/VFH_ws/build/mower_vfh', 'catkin_cmake_args': None, 'catkin_skip_building_tests': False, 'cmake_args': None, 'cmake_clean_cache': False, 'cmake_clean_first': False, 'cmake_force_configure': False, 'cmake_target': None, 'cmake_target_skip_unavailable': False, 'install_base': '/home/q/Algorithm_research/VFH_ws/install/mower_vfh', 'merge_install': False, 'path': '/home/q/Algorithm_research/VFH_ws/src/mower_vfh', 'symlink_install': False, 'test_result_base': None}
[1.071s] Level 5:colcon.colcon_core.verb:set package 'mower_vfh_lidar' build argument 'cmake_args' from command line to 'None'
[1.071s] Level 5:colcon.colcon_core.verb:set package 'mower_vfh_lidar' build argument 'cmake_target' from command line to 'None'
[1.071s] Level 5:colcon.colcon_core.verb:set package 'mower_vfh_lidar' build argument 'cmake_target_skip_unavailable' from command line to 'False'
[1.071s] Level 5:colcon.colcon_core.verb:set package 'mower_vfh_lidar' build argument 'cmake_clean_cache' from command line to 'False'
[1.071s] Level 5:colcon.colcon_core.verb:set package 'mower_vfh_lidar' build argument 'cmake_clean_first' from command line to 'False'
[1.071s] Level 5:colcon.colcon_core.verb:set package 'mower_vfh_lidar' build argument 'cmake_force_configure' from command line to 'False'
[1.071s] Level 5:colcon.colcon_core.verb:set package 'mower_vfh_lidar' build argument 'ament_cmake_args' from command line to 'None'
[1.071s] Level 5:colcon.colcon_core.verb:set package 'mower_vfh_lidar' build argument 'catkin_cmake_args' from command line to 'None'
[1.071s] Level 5:colcon.colcon_core.verb:set package 'mower_vfh_lidar' build argument 'catkin_skip_building_tests' from command line to 'False'
[1.071s] DEBUG:colcon.colcon_core.verb:Building package 'mower_vfh_lidar' with the following arguments: {'ament_cmake_args': None, 'build_base': '/home/q/Algorithm_research/VFH_ws/build/mower_vfh_lidar', 'catkin_cmake_args': None, 'catkin_skip_building_tests': False, 'cmake_args': None, 'cmake_clean_cache': False, 'cmake_clean_first': False, 'cmake_force_configure': False, 'cmake_target': None, 'cmake_target_skip_unavailable': False, 'install_base': '/home/q/Algorithm_research/VFH_ws/install/mower_vfh_lidar', 'merge_install': False, 'path': '/home/q/Algorithm_research/VFH_ws/src/mower_vfh_lidar', 'symlink_install': False, 'test_result_base': None}
[1.071s] INFO:colcon.colcon_core.executor:Executing jobs using 'parallel' executor
[1.072s] DEBUG:colcon.colcon_parallel_executor.executor.parallel:run_until_complete
[1.072s] INFO:colcon.colcon_ros.task.ament_cmake.build:Building ROS package in '/home/q/Algorithm_research/VFH_ws/src/mower_description' with build type 'ament_cmake'
[1.072s] INFO:colcon.colcon_cmake.task.cmake.build:Building CMake package in '/home/q/Algorithm_research/VFH_ws/src/mower_description'
[1.091s] INFO:colcon.colcon_core.plugin_system:Skipping extension 'colcon_core.shell.bat': Not used on non-Windows systems
[1.091s] INFO:colcon.colcon_core.shell:Skip shell extension 'powershell' for command environment: Not usable outside of PowerShell
[1.091s] DEBUG:colcon.colcon_core.shell:Skip shell extension 'dsv' for command environment
[1.103s] DEBUG:colcon.colcon_core.event_handler.log_command:Invoking command in '/home/q/Algorithm_research/VFH_ws/build/mower_description': CMAKE_PREFIX_PATH=${CMAKE_PREFIX_PATH}:/home/q/Algorithm_research/VFH_ws/install/mower_vfh_lidar:/home/q/Algorithm_research/VFH_ws/install/mower_vfh:/home/q/dev_ws/install/originbot_viz:/home/q/dev_ws/install/originbot_demo:/home/q/dev_ws/install/originbot_gazebo_harmonic:/home/q/dev_ws/install/originbot_gazebo_fortress:/home/q/dev_ws/install/originbot_gazebo:/home/q/dev_ws/install/originbot_description:/home/q/dev_ws/install/line_follower_model:/opt/ros/humble /usr/bin/cmake --build /home/q/Algorithm_research/VFH_ws/build/mower_description -- -j24 -l24
[1.164s] DEBUG:colcon.colcon_core.event_handler.log_command:Invoked command in '/home/q/Algorithm_research/VFH_ws/build/mower_description' returned '0': CMAKE_PREFIX_PATH=${CMAKE_PREFIX_PATH}:/home/q/Algorithm_research/VFH_ws/install/mower_vfh_lidar:/home/q/Algorithm_research/VFH_ws/install/mower_vfh:/home/q/dev_ws/install/originbot_viz:/home/q/dev_ws/install/originbot_demo:/home/q/dev_ws/install/originbot_gazebo_harmonic:/home/q/dev_ws/install/originbot_gazebo_fortress:/home/q/dev_ws/install/originbot_gazebo:/home/q/dev_ws/install/originbot_description:/home/q/dev_ws/install/line_follower_model:/opt/ros/humble /usr/bin/cmake --build /home/q/Algorithm_research/VFH_ws/build/mower_description -- -j24 -l24
[1.175s] DEBUG:colcon.colcon_core.event_handler.log_command:Invoking command in '/home/q/Algorithm_research/VFH_ws/build/mower_description': CMAKE_PREFIX_PATH=${CMAKE_PREFIX_PATH}:/home/q/Algorithm_research/VFH_ws/install/mower_vfh_lidar:/home/q/Algorithm_research/VFH_ws/install/mower_vfh:/home/q/dev_ws/install/originbot_viz:/home/q/dev_ws/install/originbot_demo:/home/q/dev_ws/install/originbot_gazebo_harmonic:/home/q/dev_ws/install/originbot_gazebo_fortress:/home/q/dev_ws/install/originbot_gazebo:/home/q/dev_ws/install/originbot_description:/home/q/dev_ws/install/line_follower_model:/opt/ros/humble /usr/bin/cmake --install /home/q/Algorithm_research/VFH_ws/build/mower_description
[1.186s] Level 1:colcon.colcon_core.environment:create_environment_scripts_only(mower_description)
[1.186s] DEBUG:colcon.colcon_core.event_handler.log_command:Invoked command in '/home/q/Algorithm_research/VFH_ws/build/mower_description' returned '0': CMAKE_PREFIX_PATH=${CMAKE_PREFIX_PATH}:/home/q/Algorithm_research/VFH_ws/install/mower_vfh_lidar:/home/q/Algorithm_research/VFH_ws/install/mower_vfh:/home/q/dev_ws/install/originbot_viz:/home/q/dev_ws/install/originbot_demo:/home/q/dev_ws/install/originbot_gazebo_harmonic:/home/q/dev_ws/install/originbot_gazebo_fortress:/home/q/dev_ws/install/originbot_gazebo:/home/q/dev_ws/install/originbot_description:/home/q/dev_ws/install/line_follower_model:/opt/ros/humble /usr/bin/cmake --install /home/q/Algorithm_research/VFH_ws/build/mower_description
[1.204s] Level 1:colcon.colcon_core.environment:checking '/home/q/Algorithm_research/VFH_ws/install/mower_description' for CMake module files
[1.205s] Level 1:colcon.colcon_core.environment:checking '/home/q/Algorithm_research/VFH_ws/install/mower_description' for CMake config files
[1.205s] Level 1:colcon.colcon_core.shell:create_environment_hook('mower_description', 'cmake_prefix_path')
[1.205s] INFO:colcon.colcon_core.shell:Creating environment hook '/home/q/Algorithm_research/VFH_ws/install/mower_description/share/mower_description/hook/cmake_prefix_path.ps1'
[1.206s] INFO:colcon.colcon_core.shell:Creating environment descriptor '/home/q/Algorithm_research/VFH_ws/install/mower_description/share/mower_description/hook/cmake_prefix_path.dsv'
[1.207s] INFO:colcon.colcon_core.shell:Creating environment hook '/home/q/Algorithm_research/VFH_ws/install/mower_description/share/mower_description/hook/cmake_prefix_path.sh'
[1.208s] Level 1:colcon.colcon_core.environment:checking '/home/q/Algorithm_research/VFH_ws/install/mower_description/bin'
[1.208s] Level 1:colcon.colcon_core.environment:checking '/home/q/Algorithm_research/VFH_ws/install/mower_description/lib/pkgconfig/mower_description.pc'
[1.208s] Level 1:colcon.colcon_core.environment:checking '/home/q/Algorithm_research/VFH_ws/install/mower_description/lib/python3.10/site-packages'
[1.208s] Level 1:colcon.colcon_core.environment:checking '/home/q/Algorithm_research/VFH_ws/install/mower_description/bin'
[1.208s] INFO:colcon.colcon_core.shell:Creating package script '/home/q/Algorithm_research/VFH_ws/install/mower_description/share/mower_description/package.ps1'
[1.210s] INFO:colcon.colcon_core.shell:Creating package descriptor '/home/q/Algorithm_research/VFH_ws/install/mower_description/share/mower_description/package.dsv'
[1.210s] INFO:colcon.colcon_core.shell:Creating package script '/home/q/Algorithm_research/VFH_ws/install/mower_description/share/mower_description/package.sh'
[1.211s] INFO:colcon.colcon_core.shell:Creating package script '/home/q/Algorithm_research/VFH_ws/install/mower_description/share/mower_description/package.bash'
[1.212s] INFO:colcon.colcon_core.shell:Creating package script '/home/q/Algorithm_research/VFH_ws/install/mower_description/share/mower_description/package.zsh'
[1.213s] Level 1:colcon.colcon_core.environment:create_file_with_runtime_dependencies(/home/q/Algorithm_research/VFH_ws/install/mower_description/share/colcon-core/packages/mower_description)
[1.214s] Level 1:colcon.colcon_core.environment:create_environment_scripts_only(mower_description)
[1.214s] Level 1:colcon.colcon_core.environment:checking '/home/q/Algorithm_research/VFH_ws/install/mower_description' for CMake module files
[1.214s] Level 1:colcon.colcon_core.environment:checking '/home/q/Algorithm_research/VFH_ws/install/mower_description' for CMake config files
[1.214s] Level 1:colcon.colcon_core.shell:create_environment_hook('mower_description', 'cmake_prefix_path')
[1.214s] INFO:colcon.colcon_core.shell:Creating environment hook '/home/q/Algorithm_research/VFH_ws/install/mower_description/share/mower_description/hook/cmake_prefix_path.ps1'
[1.215s] INFO:colcon.colcon_core.shell:Creating environment descriptor '/home/q/Algorithm_research/VFH_ws/install/mower_description/share/mower_description/hook/cmake_prefix_path.dsv'
[1.215s] INFO:colcon.colcon_core.shell:Creating environment hook '/home/q/Algorithm_research/VFH_ws/install/mower_description/share/mower_description/hook/cmake_prefix_path.sh'
[1.215s] Level 1:colcon.colcon_core.environment:checking '/home/q/Algorithm_research/VFH_ws/install/mower_description/bin'
[1.215s] Level 1:colcon.colcon_core.environment:checking '/home/q/Algorithm_research/VFH_ws/install/mower_description/lib/pkgconfig/mower_description.pc'
[1.215s] Level 1:colcon.colcon_core.environment:checking '/home/q/Algorithm_research/VFH_ws/install/mower_description/lib/python3.10/site-packages'
[1.216s] Level 1:colcon.colcon_core.environment:checking '/home/q/Algorithm_research/VFH_ws/install/mower_description/bin'
[1.216s] INFO:colcon.colcon_core.shell:Creating package script '/home/q/Algorithm_research/VFH_ws/install/mower_description/share/mower_description/package.ps1'
[1.216s] INFO:colcon.colcon_core.shell:Creating package descriptor '/home/q/Algorithm_research/VFH_ws/install/mower_description/share/mower_description/package.dsv'
[1.217s] INFO:colcon.colcon_core.shell:Creating package script '/home/q/Algorithm_research/VFH_ws/install/mower_description/share/mower_description/package.sh'
[1.217s] INFO:colcon.colcon_core.shell:Creating package script '/home/q/Algorithm_research/VFH_ws/install/mower_description/share/mower_description/package.bash'
[1.217s] INFO:colcon.colcon_core.shell:Creating package script '/home/q/Algorithm_research/VFH_ws/install/mower_description/share/mower_description/package.zsh'
[1.217s] Level 1:colcon.colcon_core.environment:create_file_with_runtime_dependencies(/home/q/Algorithm_research/VFH_ws/install/mower_description/share/colcon-core/packages/mower_description)
[1.218s] INFO:colcon.colcon_ros.task.ament_python.build:Building ROS package in '/home/q/Algorithm_research/VFH_ws/src/mower_vfh' with build type 'ament_python'
[1.218s] Level 1:colcon.colcon_core.shell:create_environment_hook('mower_vfh', 'ament_prefix_path')
[1.218s] INFO:colcon.colcon_core.shell:Creating environment hook '/home/q/Algorithm_research/VFH_ws/install/mower_vfh/share/mower_vfh/hook/ament_prefix_path.ps1'
[1.219s] INFO:colcon.colcon_core.shell:Creating environment descriptor '/home/q/Algorithm_research/VFH_ws/install/mower_vfh/share/mower_vfh/hook/ament_prefix_path.dsv'
[1.219s] INFO:colcon.colcon_core.shell:Creating environment hook '/home/q/Algorithm_research/VFH_ws/install/mower_vfh/share/mower_vfh/hook/ament_prefix_path.sh'
[1.219s] INFO:colcon.colcon_core.shell:Skip shell extension 'powershell' for command environment: Not usable outside of PowerShell
[1.219s] DEBUG:colcon.colcon_core.shell:Skip shell extension 'dsv' for command environment
[1.223s] INFO:colcon.colcon_ros.task.ament_python.build:Building ROS package in '/home/q/Algorithm_research/VFH_ws/src/mower_vfh_lidar' with build type 'ament_python'
[1.223s] Level 1:colcon.colcon_core.shell:create_environment_hook('mower_vfh_lidar', 'ament_prefix_path')
[1.223s] INFO:colcon.colcon_core.shell:Creating environment hook '/home/q/Algorithm_research/VFH_ws/install/mower_vfh_lidar/share/mower_vfh_lidar/hook/ament_prefix_path.ps1'
[1.224s] INFO:colcon.colcon_core.shell:Creating environment descriptor '/home/q/Algorithm_research/VFH_ws/install/mower_vfh_lidar/share/mower_vfh_lidar/hook/ament_prefix_path.dsv'
[1.224s] INFO:colcon.colcon_core.shell:Creating environment hook '/home/q/Algorithm_research/VFH_ws/install/mower_vfh_lidar/share/mower_vfh_lidar/hook/ament_prefix_path.sh'
[1.224s] INFO:colcon.colcon_core.shell:Skip shell extension 'powershell' for command environment: Not usable outside of PowerShell
[1.224s] DEBUG:colcon.colcon_core.shell:Skip shell extension 'dsv' for command environment
[1.474s] INFO:colcon.colcon_core.task.python.build:Building Python package in '/home/q/Algorithm_research/VFH_ws/src/mower_vfh'
[1.474s] INFO:colcon.colcon_core.shell:Skip shell extension 'powershell' for command environment: Not usable outside of PowerShell
[1.474s] DEBUG:colcon.colcon_core.shell:Skip shell extension 'dsv' for command environment
[1.715s] INFO:colcon.colcon_core.task.python.build:Building Python package in '/home/q/Algorithm_research/VFH_ws/src/mower_vfh_lidar'
[1.715s] INFO:colcon.colcon_core.shell:Skip shell extension 'powershell' for command environment: Not usable outside of PowerShell
[1.715s] DEBUG:colcon.colcon_core.shell:Skip shell extension 'dsv' for command environment
[2.364s] DEBUG:colcon.colcon_core.event_handler.log_command:Invoking command in '/home/q/Algorithm_research/VFH_ws/src/mower_vfh_lidar': PYTHONPATH=/home/q/Algorithm_research/VFH_ws/build/mower_vfh_lidar/prefix_override:/usr/lib/python3/dist-packages/colcon_core/task/python/colcon_distutils_commands:/home/q/Algorithm_research/VFH_ws/install/mower_vfh_lidar/lib/python3.10/site-packages:${PYTHONPATH} /usr/bin/python3 -W ignore:setup.py install is deprecated -W ignore:easy_install command is deprecated setup.py egg_info --egg-base ../../build/mower_vfh_lidar build --build-base /home/q/Algorithm_research/VFH_ws/build/mower_vfh_lidar/build install --record /home/q/Algorithm_research/VFH_ws/build/mower_vfh_lidar/install.log --single-version-externally-managed install_data
[2.369s] DEBUG:colcon.colcon_core.event_handler.log_command:Invoking command in '/home/q/Algorithm_research/VFH_ws/src/mower_vfh': PYTHONPATH=/home/q/Algorithm_research/VFH_ws/build/mower_vfh/prefix_override:/usr/lib/python3/dist-packages/colcon_core/task/python/colcon_distutils_commands:/home/q/Algorithm_research/VFH_ws/install/mower_vfh/lib/python3.10/site-packages:${PYTHONPATH} /usr/bin/python3 -W ignore:setup.py install is deprecated -W ignore:easy_install command is deprecated setup.py egg_info --egg-base ../../build/mower_vfh build --build-base /home/q/Algorithm_research/VFH_ws/build/mower_vfh/build install --record /home/q/Algorithm_research/VFH_ws/build/mower_vfh/install.log --single-version-externally-managed install_data
[2.642s] Level 1:colcon.colcon_core.environment:checking '/home/q/Algorithm_research/VFH_ws/install/mower_vfh_lidar' for CMake module files
[2.643s] DEBUG:colcon.colcon_core.event_handler.log_command:Invoked command in '/home/q/Algorithm_research/VFH_ws/src/mower_vfh_lidar' returned '0': PYTHONPATH=/home/q/Algorithm_research/VFH_ws/build/mower_vfh_lidar/prefix_override:/usr/lib/python3/dist-packages/colcon_core/task/python/colcon_distutils_commands:/home/q/Algorithm_research/VFH_ws/install/mower_vfh_lidar/lib/python3.10/site-packages:${PYTHONPATH} /usr/bin/python3 -W ignore:setup.py install is deprecated -W ignore:easy_install command is deprecated setup.py egg_info --egg-base ../../build/mower_vfh_lidar build --build-base /home/q/Algorithm_research/VFH_ws/build/mower_vfh_lidar/build install --record /home/q/Algorithm_research/VFH_ws/build/mower_vfh_lidar/install.log --single-version-externally-managed install_data
[2.643s] Level 1:colcon.colcon_core.environment:checking '/home/q/Algorithm_research/VFH_ws/install/mower_vfh_lidar' for CMake config files
[2.644s] Level 1:colcon.colcon_core.environment:checking '/home/q/Algorithm_research/VFH_ws/install/mower_vfh_lidar/lib'
[2.644s] Level 1:colcon.colcon_core.environment:checking '/home/q/Algorithm_research/VFH_ws/install/mower_vfh_lidar/bin'
[2.644s] Level 1:colcon.colcon_core.environment:checking '/home/q/Algorithm_research/VFH_ws/install/mower_vfh_lidar/lib/pkgconfig/mower_vfh_lidar.pc'
[2.644s] Level 1:colcon.colcon_core.environment:checking '/home/q/Algorithm_research/VFH_ws/install/mower_vfh_lidar/lib/python3.10/site-packages'
[2.644s] Level 1:colcon.colcon_core.shell:create_environment_hook('mower_vfh_lidar', 'pythonpath')
[2.645s] INFO:colcon.colcon_core.shell:Creating environment hook '/home/q/Algorithm_research/VFH_ws/install/mower_vfh_lidar/share/mower_vfh_lidar/hook/pythonpath.ps1'
[2.645s] INFO:colcon.colcon_core.shell:Creating environment descriptor '/home/q/Algorithm_research/VFH_ws/install/mower_vfh_lidar/share/mower_vfh_lidar/hook/pythonpath.dsv'
[2.646s] INFO:colcon.colcon_core.shell:Creating environment hook '/home/q/Algorithm_research/VFH_ws/install/mower_vfh_lidar/share/mower_vfh_lidar/hook/pythonpath.sh'
[2.646s] Level 1:colcon.colcon_core.environment:checking '/home/q/Algorithm_research/VFH_ws/install/mower_vfh_lidar/bin'
[2.647s] Level 1:colcon.colcon_core.environment:create_environment_scripts_only(mower_vfh_lidar)
[2.647s] INFO:colcon.colcon_core.shell:Creating package script '/home/q/Algorithm_research/VFH_ws/install/mower_vfh_lidar/share/mower_vfh_lidar/package.ps1'
[2.648s] INFO:colcon.colcon_core.shell:Creating package descriptor '/home/q/Algorithm_research/VFH_ws/install/mower_vfh_lidar/share/mower_vfh_lidar/package.dsv'
[2.648s] INFO:colcon.colcon_core.shell:Creating package script '/home/q/Algorithm_research/VFH_ws/install/mower_vfh_lidar/share/mower_vfh_lidar/package.sh'
[2.649s] INFO:colcon.colcon_core.shell:Creating package script '/home/q/Algorithm_research/VFH_ws/install/mower_vfh_lidar/share/mower_vfh_lidar/package.bash'
[2.649s] INFO:colcon.colcon_core.shell:Creating package script '/home/q/Algorithm_research/VFH_ws/install/mower_vfh_lidar/share/mower_vfh_lidar/package.zsh'
[2.650s] Level 1:colcon.colcon_core.environment:create_file_with_runtime_dependencies(/home/q/Algorithm_research/VFH_ws/install/mower_vfh_lidar/share/colcon-core/packages/mower_vfh_lidar)
[2.653s] Level 1:colcon.colcon_core.environment:checking '/home/q/Algorithm_research/VFH_ws/install/mower_vfh' for CMake module files
[2.653s] DEBUG:colcon.colcon_core.event_handler.log_command:Invoked command in '/home/q/Algorithm_research/VFH_ws/src/mower_vfh' returned '0': PYTHONPATH=/home/q/Algorithm_research/VFH_ws/build/mower_vfh/prefix_override:/usr/lib/python3/dist-packages/colcon_core/task/python/colcon_distutils_commands:/home/q/Algorithm_research/VFH_ws/install/mower_vfh/lib/python3.10/site-packages:${PYTHONPATH} /usr/bin/python3 -W ignore:setup.py install is deprecated -W ignore:easy_install command is deprecated setup.py egg_info --egg-base ../../build/mower_vfh build --build-base /home/q/Algorithm_research/VFH_ws/build/mower_vfh/build install --record /home/q/Algorithm_research/VFH_ws/build/mower_vfh/install.log --single-version-externally-managed install_data
[2.653s] Level 1:colcon.colcon_core.environment:checking '/home/q/Algorithm_research/VFH_ws/install/mower_vfh' for CMake config files
[2.654s] Level 1:colcon.colcon_core.environment:checking '/home/q/Algorithm_research/VFH_ws/install/mower_vfh/lib'
[2.654s] Level 1:colcon.colcon_core.environment:checking '/home/q/Algorithm_research/VFH_ws/install/mower_vfh/bin'
[2.654s] Level 1:colcon.colcon_core.environment:checking '/home/q/Algorithm_research/VFH_ws/install/mower_vfh/lib/pkgconfig/mower_vfh.pc'
[2.654s] Level 1:colcon.colcon_core.environment:checking '/home/q/Algorithm_research/VFH_ws/install/mower_vfh/lib/python3.10/site-packages'
[2.654s] Level 1:colcon.colcon_core.shell:create_environment_hook('mower_vfh', 'pythonpath')
[2.655s] INFO:colcon.colcon_core.shell:Creating environment hook '/home/q/Algorithm_research/VFH_ws/install/mower_vfh/share/mower_vfh/hook/pythonpath.ps1'
[2.655s] INFO:colcon.colcon_core.shell:Creating environment descriptor '/home/q/Algorithm_research/VFH_ws/install/mower_vfh/share/mower_vfh/hook/pythonpath.dsv'
[2.656s] INFO:colcon.colcon_core.shell:Creating environment hook '/home/q/Algorithm_research/VFH_ws/install/mower_vfh/share/mower_vfh/hook/pythonpath.sh'
[2.656s] Level 1:colcon.colcon_core.environment:checking '/home/q/Algorithm_research/VFH_ws/install/mower_vfh/bin'
[2.656s] Level 1:colcon.colcon_core.environment:create_environment_scripts_only(mower_vfh)
[2.657s] INFO:colcon.colcon_core.shell:Creating package script '/home/q/Algorithm_research/VFH_ws/install/mower_vfh/share/mower_vfh/package.ps1'
[2.657s] INFO:colcon.colcon_core.shell:Creating package descriptor '/home/q/Algorithm_research/VFH_ws/install/mower_vfh/share/mower_vfh/package.dsv'
[2.658s] INFO:colcon.colcon_core.shell:Creating package script '/home/q/Algorithm_research/VFH_ws/install/mower_vfh/share/mower_vfh/package.sh'
[2.658s] INFO:colcon.colcon_core.shell:Creating package script '/home/q/Algorithm_research/VFH_ws/install/mower_vfh/share/mower_vfh/package.bash'
[2.659s] INFO:colcon.colcon_core.shell:Creating package script '/home/q/Algorithm_research/VFH_ws/install/mower_vfh/share/mower_vfh/package.zsh'
[2.659s] Level 1:colcon.colcon_core.environment:create_file_with_runtime_dependencies(/home/q/Algorithm_research/VFH_ws/install/mower_vfh/share/colcon-core/packages/mower_vfh)
[2.660s] DEBUG:colcon.colcon_parallel_executor.executor.parallel:closing loop
[2.660s] DEBUG:colcon.colcon_parallel_executor.executor.parallel:loop closed
[2.660s] DEBUG:colcon.colcon_parallel_executor.executor.parallel:run_until_complete finished with '0'
[2.660s] DEBUG:colcon.colcon_core.event_reactor:joining thread
[2.693s] INFO:colcon.colcon_core.plugin_system:Skipping extension 'colcon_notification.desktop_notification.terminal_notifier': Not used on non-Darwin systems
[2.693s] INFO:colcon.colcon_core.plugin_system:Skipping extension 'colcon_notification.desktop_notification.win32': Not used on non-Windows systems
[2.693s] INFO:colcon.colcon_notification.desktop_notification:Sending desktop notification using 'notify2'
[2.706s] DEBUG:colcon.colcon_core.event_reactor:joined thread
[2.707s] INFO:colcon.colcon_core.shell:Creating prefix script '/home/q/Algorithm_research/VFH_ws/install/local_setup.ps1'
[2.709s] INFO:colcon.colcon_core.shell:Creating prefix util module '/home/q/Algorithm_research/VFH_ws/install/_local_setup_util_ps1.py'
[2.711s] INFO:colcon.colcon_core.shell:Creating prefix chain script '/home/q/Algorithm_research/VFH_ws/install/setup.ps1'
[2.713s] INFO:colcon.colcon_core.shell:Creating prefix script '/home/q/Algorithm_research/VFH_ws/install/local_setup.sh'
[2.714s] INFO:colcon.colcon_core.shell:Creating prefix util module '/home/q/Algorithm_research/VFH_ws/install/_local_setup_util_sh.py'
[2.714s] INFO:colcon.colcon_core.shell:Creating prefix chain script '/home/q/Algorithm_research/VFH_ws/install/setup.sh'
[2.716s] INFO:colcon.colcon_core.shell:Creating prefix script '/home/q/Algorithm_research/VFH_ws/install/local_setup.bash'
[2.717s] INFO:colcon.colcon_core.shell:Creating prefix chain script '/home/q/Algorithm_research/VFH_ws/install/setup.bash'
[2.719s] INFO:colcon.colcon_core.shell:Creating prefix script '/home/q/Algorithm_research/VFH_ws/install/local_setup.zsh'
[2.720s] INFO:colcon.colcon_core.shell:Creating prefix chain script '/home/q/Algorithm_research/VFH_ws/install/setup.zsh'
