running egg_info
writing ../../build/mower_vfh/mower_vfh.egg-info/PKG-INFO
writing dependency_links to ../../build/mower_vfh/mower_vfh.egg-info/dependency_links.txt
writing entry points to ../../build/mower_vfh/mower_vfh.egg-info/entry_points.txt
writing requirements to ../../build/mower_vfh/mower_vfh.egg-info/requires.txt
writing top-level names to ../../build/mower_vfh/mower_vfh.egg-info/top_level.txt
reading manifest file '../../build/mower_vfh/mower_vfh.egg-info/SOURCES.txt'
writing manifest file '../../build/mower_vfh/mower_vfh.egg-info/SOURCES.txt'
running build
running build_py
copying mower_vfh/depth_vfh_controller.py -> /home/q/Algorithm_research/VFH_ws/build/mower_vfh/build/lib/mower_vfh
running install
running install_lib
copying /home/q/Algorithm_research/VFH_ws/build/mower_vfh/build/lib/mower_vfh/depth_vfh_controller.py -> /home/q/Algorithm_research/VFH_ws/install/mower_vfh/lib/python3.10/site-packages/mower_vfh
byte-compiling /home/q/Algorithm_research/VFH_ws/install/mower_vfh/lib/python3.10/site-packages/mower_vfh/depth_vfh_controller.py to depth_vfh_controller.cpython-310.pyc
running install_data
running install_egg_info
removing '/home/q/Algorithm_research/VFH_ws/install/mower_vfh/lib/python3.10/site-packages/mower_vfh-0.0.1-py3.10.egg-info' (and everything under it)
Copying ../../build/mower_vfh/mower_vfh.egg-info to /home/q/Algorithm_research/VFH_ws/install/mower_vfh/lib/python3.10/site-packages/mower_vfh-0.0.1-py3.10.egg-info
running install_scripts
Installing depth_vfh_controller script to /home/q/Algorithm_research/VFH_ws/install/mower_vfh/lib/mower_vfh
writing list of installed files to '/home/q/Algorithm_research/VFH_ws/build/mower_vfh/install.log'
