[0.010s] Invoking command in '/home/q/Algorithm_research/VFH_ws/build/mower_description': CMAKE_PREFIX_PATH=/opt/ros/humble /usr/bin/cmake /home/q/Algorithm_research/VFH_ws/src/mower_description -DCMAKE_INSTALL_PREFIX=/home/q/Algorithm_research/VFH_ws/install/mower_description
[0.174s] -- The C compiler identification is GNU 11.4.0
[0.339s] -- The CXX compiler identification is GNU 11.4.0
[0.348s] -- Detecting C compiler ABI info
[0.529s] -- Detecting C compiler ABI info - done
[0.542s] -- Check for working C compiler: /usr/bin/cc - skipped
[0.543s] -- Detecting C compile features
[0.543s] -- Detecting C compile features - done
[0.549s] -- Detecting CXX compiler ABI info
[0.754s] -- Detecting CXX compiler ABI info - done
[0.763s] -- Check for working CXX compiler: /usr/bin/c++ - skipped
[0.763s] -- Detecting CXX compile features
[0.764s] -- Detecting CXX compile features - done
[0.767s] -- Found ament_cmake: 1.3.14 (/opt/ros/humble/share/ament_cmake/cmake)
[0.929s] -- Found Python3: /usr/bin/python3 (found version "3.10.12") found components: Interpreter 
[1.024s] -- Found urdf: 2.6.1 (/opt/ros/humble/share/urdf/cmake)
[1.082s] -- Found xacro: 2.1.1 (/opt/ros/humble/share/xacro/cmake)
[1.084s] -- Found gazebo_ros: 3.9.0 (/opt/ros/humble/share/gazebo_ros/cmake)
[1.123s] -- Found rosidl_generator_c: 3.1.8 (/opt/ros/humble/share/rosidl_generator_c/cmake)
[1.129s] -- Found rosidl_adapter: 3.1.8 (/opt/ros/humble/share/rosidl_adapter/cmake)
[1.140s] -- Found rosidl_generator_cpp: 3.1.8 (/opt/ros/humble/share/rosidl_generator_cpp/cmake)
[1.156s] -- Using all available rosidl_typesupport_c: rosidl_typesupport_fastrtps_c;rosidl_typesupport_introspection_c
[1.169s] -- Using all available rosidl_typesupport_cpp: rosidl_typesupport_fastrtps_cpp;rosidl_typesupport_introspection_cpp
[1.222s] -- Found rmw_implementation_cmake: 6.1.2 (/opt/ros/humble/share/rmw_implementation_cmake/cmake)
[1.225s] -- Found rmw_fastrtps_cpp: 6.2.10 (/opt/ros/humble/share/rmw_fastrtps_cpp/cmake)
[1.256s] -- Found TinyXML2 via Config file: TinyXML2_DIR-NOTFOUND
[1.313s] -- Found OpenSSL: /usr/lib/x86_64-linux-gnu/libcrypto.so (found version "3.0.2")  
[1.318s] -- Found TinyXML2 via Config file: TinyXML2_DIR-NOTFOUND
[1.332s] -- Found FastRTPS: /opt/ros/humble/include  
[1.335s] -- Found TinyXML2 via Config file: TinyXML2_DIR-NOTFOUND
[1.345s] -- Found TinyXML2 via Config file: TinyXML2_DIR-NOTFOUND
[1.355s] -- Using RMW implementation 'rmw_fastrtps_cpp' as default
[1.365s] -- Looking for pthread.h
[1.551s] -- Looking for pthread.h - found
[1.551s] -- Performing Test CMAKE_HAVE_LIBC_PTHREAD
[1.737s] -- Performing Test CMAKE_HAVE_LIBC_PTHREAD - Success
[1.739s] -- Found Threads: TRUE  
[1.812s] -- Found PkgConfig: /usr/bin/pkg-config (found version "0.29.2") 
[1.814s] -- Checking for module 'bullet>=2.82'
[1.829s] --   Found bullet, version 3.05
[1.958s] -- Found fcl: /usr/include (found suitable version "0.7.0", minimum required is "0.5.0") 
[2.022s] -- Found assimp: /usr/include (found version "5.2.0") 
[2.040s] -- Found DART: /usr/include (Required is at least version "6.6") found components: dart 
[2.074s] -- Found Boost: /usr/lib/x86_64-linux-gnu/cmake/Boost-1.74.0/BoostConfig.cmake (found suitable version "1.74.0", minimum required is "1.40.0") found components: thread system filesystem program_options regex iostreams date_time 
[2.088s] -- Found Protobuf: /usr/lib/x86_64-linux-gnu/libprotobuf.so (found version "3.12.4") 
[2.095s] -- Looking for ignition-math6 -- found version 6.15.1
[2.103s] -- Searching for dependencies of ignition-math6
[2.105s] -- Looking for OGRE...
[2.106s] -- OGRE_PREFIX_WATCH changed.
[2.111s] -- Checking for module 'OGRE'
[2.128s] --   Found OGRE, version 1.9.0
[2.168s] -- Found Ogre Ghadamon (1.9.0)
[2.174s] -- Found OGRE: optimized;/usr/lib/x86_64-linux-gnu/libOgreMain.so;debug;/usr/lib/x86_64-linux-gnu/libOgreMain.so
[2.184s] -- Looking for OGRE_Paging...
[2.189s] -- Found OGRE_Paging: optimized;/usr/lib/x86_64-linux-gnu/libOgrePaging.so;debug;/usr/lib/x86_64-linux-gnu/libOgrePaging.so
[2.189s] -- Looking for OGRE_Terrain...
[2.193s] -- Found OGRE_Terrain: optimized;/usr/lib/x86_64-linux-gnu/libOgreTerrain.so;debug;/usr/lib/x86_64-linux-gnu/libOgreTerrain.so
[2.193s] -- Looking for OGRE_Property...
[2.196s] -- Found OGRE_Property: optimized;/usr/lib/x86_64-linux-gnu/libOgreProperty.so;debug;/usr/lib/x86_64-linux-gnu/libOgreProperty.so
[2.196s] -- Looking for OGRE_RTShaderSystem...
[2.200s] -- Found OGRE_RTShaderSystem: optimized;/usr/lib/x86_64-linux-gnu/libOgreRTShaderSystem.so;debug;/usr/lib/x86_64-linux-gnu/libOgreRTShaderSystem.so
[2.200s] -- Looking for OGRE_Volume...
[2.203s] -- Found OGRE_Volume: optimized;/usr/lib/x86_64-linux-gnu/libOgreVolume.so;debug;/usr/lib/x86_64-linux-gnu/libOgreVolume.so
[2.203s] -- Looking for OGRE_Overlay...
[2.207s] -- Found OGRE_Overlay: optimized;/usr/lib/x86_64-linux-gnu/libOgreOverlay.so;debug;/usr/lib/x86_64-linux-gnu/libOgreOverlay.so
[2.317s] -- Looking for ignition-math6 -- found version 6.15.1
[2.320s] -- Looking for ignition-transport8 -- found version 8.2.1
[2.320s] -- Searching for dependencies of ignition-transport8
[2.338s] -- Found Protobuf: /usr/lib/x86_64-linux-gnu/libprotobuf.so (found suitable version "3.12.4", minimum required is "3") 
[2.350s] -- Config-file not installed for ZeroMQ -- checking for pkg-config
[2.355s] -- Checking for module 'libzmq >= 4'
[2.373s] --   Found libzmq , version 4.3.4
[2.425s] -- Found ZeroMQ: TRUE (Required is at least version "4") 
[2.433s] -- Checking for module 'uuid'
[2.451s] --   Found uuid, version 2.37.2
[2.494s] -- Found UUID: TRUE  
[2.498s] -- Looking for ignition-msgs5 -- found version 5.8.1
[2.498s] -- Searching for dependencies of ignition-msgs5
[2.518s] -- Looking for ignition-math6 -- found version 6.15.1
[2.524s] -- Checking for module 'tinyxml2'
[2.541s] --   Found tinyxml2, version 9.0.0
[2.584s] -- Looking for ignition-msgs5 -- found version 5.8.1
[2.587s] -- Looking for ignition-common3 -- found version 3.14.0
[2.588s] -- Searching for dependencies of ignition-common3
[2.588s] -- Looking for dlfcn.h - found
[2.589s] -- Looking for libdl - found
[2.590s] -- Found DL: TRUE  
[2.604s] -- Found tinyobjloader: /usr/lib/x86_64-linux-gnu/cmake/tinyobjloader/tinyobjloader-config.cmake (found version "2.0.0") 
[2.604s] -- Searching for <ignition-common3> component [graphics]
[2.607s] -- Looking for ignition-common3-graphics -- found version 3.14.0
[2.607s] -- Searching for dependencies of ignition-common3-graphics
[2.608s] -- Looking for ignition-math6 -- found version 6.15.1
[2.612s] -- Looking for ignition-fuel_tools4 -- found version 4.4.0
[2.613s] -- Searching for dependencies of ignition-fuel_tools4
[2.705s] -- Found CURL: /usr/lib/x86_64-linux-gnu/libcurl.so (found version "7.81.0")  
[2.714s] -- Checking for module 'jsoncpp'
[2.729s] --   Found jsoncpp, version 1.9.5
[2.770s] -- Found JSONCPP: TRUE  
[2.776s] -- Checking for module 'libzip'
[2.791s] --   Found libzip, version 1.7.3
[2.830s] -- Found ZIP: TRUE  
[2.831s] -- Looking for ignition-common3 -- found version 3.14.0
[2.831s] -- Looking for ignition-math6 -- found version 6.15.1
[2.832s] -- Looking for ignition-msgs5 -- found version 5.8.1
[2.835s] -- Gazebo version: 11.10
[2.835s] -- Checking for module 'tbb'
[2.852s] --   Found tbb, version 2021.5.0
[2.896s] -- Found rosidl_default_generators: 1.2.1 (/opt/ros/humble/share/rosidl_default_generators/cmake)
[3.254s] -- Found ament_cmake_ros: 0.10.0 (/opt/ros/humble/share/ament_cmake_ros/cmake)
[3.796s] -- Using all available rosidl_typesupport_c: rosidl_typesupport_fastrtps_c;rosidl_typesupport_introspection_c
[4.012s] -- Using all available rosidl_typesupport_cpp: rosidl_typesupport_fastrtps_cpp;rosidl_typesupport_introspection_cpp
[4.038s] -- Found PythonInterp: /usr/bin/python3 (found suitable version "3.10.12", minimum required is "3.6") 
[4.040s] -- Found python_cmake_module: 0.10.0 (/opt/ros/humble/share/python_cmake_module/cmake)
[4.066s] -- Found PythonLibs: /usr/lib/x86_64-linux-gnu/libpython3.10.so (found suitable version "3.10.12", minimum required is "3.5") 
[4.066s] -- Using PYTHON_EXECUTABLE: /usr/bin/python3
[4.066s] -- Using PYTHON_INCLUDE_DIRS: /usr/include/python3.10
[4.066s] -- Using PYTHON_LIBRARIES: /usr/lib/x86_64-linux-gnu/libpython3.10.so
[4.086s] -- Found PythonExtra: .so  
[4.265s] -- Found ament_lint_auto: 0.12.15 (/opt/ros/humble/share/ament_lint_auto/cmake)
[4.296s] -- Added test 'flake8' to check Python code syntax and style conventions
[4.296s] -- Added test 'lint_cmake' to check CMake code style
[4.297s] -- Added test 'pep257' to check Python code against some of the docstring style conventions in PEP 257
[4.299s] -- Added test 'xmllint' to check XML markup files
[4.305s] -- Configuring done
[4.356s] -- Generating done
[4.385s] -- Build files have been written to: /home/q/Algorithm_research/VFH_ws/build/mower_description
[4.403s] Invoked command in '/home/q/Algorithm_research/VFH_ws/build/mower_description' returned '0': CMAKE_PREFIX_PATH=/opt/ros/humble /usr/bin/cmake /home/q/Algorithm_research/VFH_ws/src/mower_description -DCMAKE_INSTALL_PREFIX=/home/q/Algorithm_research/VFH_ws/install/mower_description
[4.405s] Invoking command in '/home/q/Algorithm_research/VFH_ws/build/mower_description': CMAKE_PREFIX_PATH=/opt/ros/humble /usr/bin/cmake --build /home/q/Algorithm_research/VFH_ws/build/mower_description -- -j24 -l24
[4.459s] [  3%] [34m[1mGenerating C code for ROS interfaces[0m
[4.472s] [  6%] [34m[1mGenerating C++ code for ROS interfaces[0m
[4.472s] [  9%] [34m[1mGenerating Rust code for ROS interfaces[0m
[4.485s] [  9%] Built target ament_cmake_python_copy_mower_description
[4.703s] [  9%] Built target mower_description__rs
[4.726s] [  9%] Built target mower_description__cpp
[4.738s] [ 15%] [34m[1mGenerating C++ type support dispatch for ROS interfaces[0m
[4.738s] [ 15%] [34m[1mGenerating C++ introspection for ROS interfaces[0m
[4.739s] [ 18%] [34m[1mGenerating C++ type support for eProsima Fast-RTPS[0m
[4.752s] [ 21%] [32mBuilding C object CMakeFiles/mower_description__rosidl_generator_c.dir/rosidl_generator_c/mower_description/srv/detail/cutting_motor_control__functions.c.o[0m
[4.827s] running egg_info
[4.828s] creating mower_description.egg-info
[4.828s] writing mower_description.egg-info/PKG-INFO
[4.828s] writing dependency_links to mower_description.egg-info/dependency_links.txt
[4.829s] writing top-level names to mower_description.egg-info/top_level.txt
[4.829s] writing manifest file 'mower_description.egg-info/SOURCES.txt'
[4.831s] reading manifest file 'mower_description.egg-info/SOURCES.txt'
[4.832s] writing manifest file 'mower_description.egg-info/SOURCES.txt'
[4.864s] [ 21%] Built target ament_cmake_python_build_mower_description_egg
[4.880s] [ 25%] [32m[1mLinking C shared library libmower_description__rosidl_generator_c.so[0m
[4.927s] [ 25%] Built target mower_description__rosidl_generator_c
[4.945s] [ 28%] [34m[1mGenerating C type support for eProsima Fast-RTPS[0m
[4.945s] [ 31%] [34m[1mGenerating C introspection for ROS interfaces[0m
[4.951s] [ 34%] [34m[1mGenerating C type support dispatch for ROS interfaces[0m
[5.010s] [ 37%] [32mBuilding CXX object CMakeFiles/mower_description__rosidl_typesupport_cpp.dir/rosidl_typesupport_cpp/mower_description/srv/cutting_motor_control__type_support.cpp.o[0m
[5.033s] [ 40%] [32mBuilding CXX object CMakeFiles/mower_description__rosidl_typesupport_fastrtps_cpp.dir/rosidl_typesupport_fastrtps_cpp/mower_description/srv/detail/dds_fastrtps/cutting_motor_control__type_support.cpp.o[0m
[5.061s] [ 43%] [32mBuilding CXX object CMakeFiles/mower_description__rosidl_typesupport_introspection_cpp.dir/rosidl_typesupport_introspection_cpp/mower_description/srv/detail/cutting_motor_control__type_support.cpp.o[0m
[5.235s] [ 46%] [32mBuilding CXX object CMakeFiles/mower_description__rosidl_typesupport_c.dir/rosidl_typesupport_c/mower_description/srv/cutting_motor_control__type_support.cpp.o[0m
[5.255s] [ 50%] [32mBuilding CXX object CMakeFiles/mower_description__rosidl_typesupport_fastrtps_c.dir/rosidl_typesupport_fastrtps_c/mower_description/srv/detail/cutting_motor_control__type_support_c.cpp.o[0m
[5.257s] [ 53%] [32mBuilding C object CMakeFiles/mower_description__rosidl_typesupport_introspection_c.dir/rosidl_typesupport_introspection_c/mower_description/srv/detail/cutting_motor_control__type_support.c.o[0m
[5.345s] [ 56%] [32m[1mLinking CXX shared library libmower_description__rosidl_typesupport_cpp.so[0m
[5.355s] [ 59%] [32m[1mLinking C shared library libmower_description__rosidl_typesupport_introspection_c.so[0m
[5.387s] [ 62%] [32m[1mLinking CXX shared library libmower_description__rosidl_typesupport_c.so[0m
[5.395s] [ 62%] Built target mower_description__rosidl_typesupport_cpp
[5.401s] [ 62%] Built target mower_description__rosidl_typesupport_introspection_c
[5.443s] [ 62%] Built target mower_description__rosidl_typesupport_c
[5.461s] [ 65%] [32m[1mLinking CXX shared library libmower_description__rosidl_typesupport_introspection_cpp.so[0m
[5.468s] [ 68%] [32m[1mLinking CXX shared library libmower_description__rosidl_typesupport_fastrtps_cpp.so[0m
[5.530s] [ 68%] Built target mower_description__rosidl_typesupport_introspection_cpp
[5.540s] [ 68%] Built target mower_description__rosidl_typesupport_fastrtps_cpp
[5.633s] [ 71%] [32m[1mLinking CXX shared library libmower_description__rosidl_typesupport_fastrtps_c.so[0m
[5.708s] [ 71%] Built target mower_description__rosidl_typesupport_fastrtps_c
[5.736s] [ 71%] Built target mower_description
[5.766s] [ 75%] [34m[1mGenerating Python code for ROS interfaces[0m
[6.101s] [ 75%] Built target mower_description__py
[6.126s] [ 78%] [32mBuilding C object CMakeFiles/mower_description__rosidl_generator_py.dir/rosidl_generator_py/mower_description/srv/_cutting_motor_control_s.c.o[0m
[6.290s] [ 81%] [32m[1mLinking C shared library rosidl_generator_py/mower_description/libmower_description__rosidl_generator_py.so[0m
[6.339s] [ 81%] Built target mower_description__rosidl_generator_py
[6.364s] [ 84%] [32mBuilding C object CMakeFiles/mower_description__rosidl_typesupport_fastrtps_c__pyext.dir/rosidl_generator_py/mower_description/_mower_description_s.ep.rosidl_typesupport_fastrtps_c.c.o[0m
[6.365s] [ 87%] [32mBuilding C object CMakeFiles/mower_description__rosidl_typesupport_c__pyext.dir/rosidl_generator_py/mower_description/_mower_description_s.ep.rosidl_typesupport_c.c.o[0m
[6.367s] [ 90%] [32mBuilding C object CMakeFiles/mower_description__rosidl_typesupport_introspection_c__pyext.dir/rosidl_generator_py/mower_description/_mower_description_s.ep.rosidl_typesupport_introspection_c.c.o[0m
[6.568s] [ 93%] [32m[1mLinking C shared library rosidl_generator_py/mower_description/mower_description_s__rosidl_typesupport_introspection_c.cpython-310-x86_64-linux-gnu.so[0m
[6.569s] [ 96%] [32m[1mLinking C shared library rosidl_generator_py/mower_description/mower_description_s__rosidl_typesupport_fastrtps_c.cpython-310-x86_64-linux-gnu.so[0m
[6.581s] [100%] [32m[1mLinking C shared library rosidl_generator_py/mower_description/mower_description_s__rosidl_typesupport_c.cpython-310-x86_64-linux-gnu.so[0m
[6.614s] [100%] Built target mower_description__rosidl_typesupport_fastrtps_c__pyext
[6.615s] [100%] Built target mower_description__rosidl_typesupport_introspection_c__pyext
[6.631s] [100%] Built target mower_description__rosidl_typesupport_c__pyext
[6.644s] Invoked command in '/home/q/Algorithm_research/VFH_ws/build/mower_description' returned '0': CMAKE_PREFIX_PATH=/opt/ros/humble /usr/bin/cmake --build /home/q/Algorithm_research/VFH_ws/build/mower_description -- -j24 -l24
[6.660s] Invoking command in '/home/q/Algorithm_research/VFH_ws/build/mower_description': CMAKE_PREFIX_PATH=/opt/ros/humble /usr/bin/cmake --install /home/q/Algorithm_research/VFH_ws/build/mower_description
[6.671s] -- Install configuration: ""
[6.671s] -- Installing: /home/q/Algorithm_research/VFH_ws/install/mower_description/share/ament_index/resource_index/rosidl_interfaces/mower_description
[6.671s] -- Installing: /home/q/Algorithm_research/VFH_ws/install/mower_description/include/mower_description/mower_description
[6.671s] -- Installing: /home/q/Algorithm_research/VFH_ws/install/mower_description/include/mower_description/mower_description/msg
[6.671s] -- Installing: /home/q/Algorithm_research/VFH_ws/install/mower_description/include/mower_description/mower_description/msg/rosidl_generator_c__visibility_control.h
[6.671s] -- Installing: /home/q/Algorithm_research/VFH_ws/install/mower_description/include/mower_description/mower_description/srv
[6.671s] -- Installing: /home/q/Algorithm_research/VFH_ws/install/mower_description/include/mower_description/mower_description/srv/cutting_motor_control.h
[6.672s] -- Installing: /home/q/Algorithm_research/VFH_ws/install/mower_description/include/mower_description/mower_description/srv/detail
[6.672s] -- Installing: /home/q/Algorithm_research/VFH_ws/install/mower_description/include/mower_description/mower_description/srv/detail/cutting_motor_control__functions.c
[6.672s] -- Installing: /home/q/Algorithm_research/VFH_ws/install/mower_description/include/mower_description/mower_description/srv/detail/cutting_motor_control__struct.h
[6.672s] -- Installing: /home/q/Algorithm_research/VFH_ws/install/mower_description/include/mower_description/mower_description/srv/detail/cutting_motor_control__type_support.h
[6.672s] -- Installing: /home/q/Algorithm_research/VFH_ws/install/mower_description/include/mower_description/mower_description/srv/detail/cutting_motor_control__functions.h
[6.673s] -- Installing: /home/q/Algorithm_research/VFH_ws/install/mower_description/share/mower_description/environment/library_path.sh
[6.673s] -- Installing: /home/q/Algorithm_research/VFH_ws/install/mower_description/share/mower_description/environment/library_path.dsv
[6.673s] -- Installing: /home/q/Algorithm_research/VFH_ws/install/mower_description/lib/libmower_description__rosidl_generator_c.so
[6.674s] -- Set runtime path of "/home/q/Algorithm_research/VFH_ws/install/mower_description/lib/libmower_description__rosidl_generator_c.so" to ""
[6.675s] -- Up-to-date: /home/q/Algorithm_research/VFH_ws/install/mower_description/include/mower_description/mower_description
[6.675s] -- Up-to-date: /home/q/Algorithm_research/VFH_ws/install/mower_description/include/mower_description/mower_description/msg
[6.675s] -- Installing: /home/q/Algorithm_research/VFH_ws/install/mower_description/include/mower_description/mower_description/msg/rosidl_typesupport_fastrtps_c__visibility_control.h
[6.675s] -- Up-to-date: /home/q/Algorithm_research/VFH_ws/install/mower_description/include/mower_description/mower_description/srv
[6.675s] -- Up-to-date: /home/q/Algorithm_research/VFH_ws/install/mower_description/include/mower_description/mower_description/srv/detail
[6.675s] -- Installing: /home/q/Algorithm_research/VFH_ws/install/mower_description/include/mower_description/mower_description/srv/detail/cutting_motor_control__rosidl_typesupport_fastrtps_c.h
[6.675s] -- Installing: /home/q/Algorithm_research/VFH_ws/install/mower_description/lib/libmower_description__rosidl_typesupport_fastrtps_c.so
[6.676s] -- Set runtime path of "/home/q/Algorithm_research/VFH_ws/install/mower_description/lib/libmower_description__rosidl_typesupport_fastrtps_c.so" to ""
[6.676s] -- Up-to-date: /home/q/Algorithm_research/VFH_ws/install/mower_description/include/mower_description/mower_description
[6.676s] -- Up-to-date: /home/q/Algorithm_research/VFH_ws/install/mower_description/include/mower_description/mower_description/msg
[6.676s] -- Installing: /home/q/Algorithm_research/VFH_ws/install/mower_description/include/mower_description/mower_description/msg/rosidl_generator_cpp__visibility_control.hpp
[6.676s] -- Up-to-date: /home/q/Algorithm_research/VFH_ws/install/mower_description/include/mower_description/mower_description/srv
[6.676s] -- Up-to-date: /home/q/Algorithm_research/VFH_ws/install/mower_description/include/mower_description/mower_description/srv/detail
[6.677s] -- Installing: /home/q/Algorithm_research/VFH_ws/install/mower_description/include/mower_description/mower_description/srv/detail/cutting_motor_control__struct.hpp
[6.677s] -- Installing: /home/q/Algorithm_research/VFH_ws/install/mower_description/include/mower_description/mower_description/srv/detail/cutting_motor_control__builder.hpp
[6.677s] -- Installing: /home/q/Algorithm_research/VFH_ws/install/mower_description/include/mower_description/mower_description/srv/detail/cutting_motor_control__traits.hpp
[6.677s] -- Installing: /home/q/Algorithm_research/VFH_ws/install/mower_description/include/mower_description/mower_description/srv/detail/cutting_motor_control__type_support.hpp
[6.677s] -- Installing: /home/q/Algorithm_research/VFH_ws/install/mower_description/include/mower_description/mower_description/srv/cutting_motor_control.hpp
[6.678s] -- Up-to-date: /home/q/Algorithm_research/VFH_ws/install/mower_description/include/mower_description/mower_description
[6.678s] -- Up-to-date: /home/q/Algorithm_research/VFH_ws/install/mower_description/include/mower_description/mower_description/msg
[6.678s] -- Installing: /home/q/Algorithm_research/VFH_ws/install/mower_description/include/mower_description/mower_description/msg/rosidl_typesupport_fastrtps_cpp__visibility_control.h
[6.678s] -- Up-to-date: /home/q/Algorithm_research/VFH_ws/install/mower_description/include/mower_description/mower_description/srv
[6.678s] -- Up-to-date: /home/q/Algorithm_research/VFH_ws/install/mower_description/include/mower_description/mower_description/srv/detail
[6.678s] -- Installing: /home/q/Algorithm_research/VFH_ws/install/mower_description/include/mower_description/mower_description/srv/detail/dds_fastrtps
[6.678s] -- Installing: /home/q/Algorithm_research/VFH_ws/install/mower_description/include/mower_description/mower_description/srv/detail/cutting_motor_control__rosidl_typesupport_fastrtps_cpp.hpp
[6.678s] -- Installing: /home/q/Algorithm_research/VFH_ws/install/mower_description/lib/libmower_description__rosidl_typesupport_fastrtps_cpp.so
[6.680s] -- Set runtime path of "/home/q/Algorithm_research/VFH_ws/install/mower_description/lib/libmower_description__rosidl_typesupport_fastrtps_cpp.so" to ""
[6.680s] -- Up-to-date: /home/q/Algorithm_research/VFH_ws/install/mower_description/include/mower_description/mower_description
[6.680s] -- Up-to-date: /home/q/Algorithm_research/VFH_ws/install/mower_description/include/mower_description/mower_description/msg
[6.680s] -- Installing: /home/q/Algorithm_research/VFH_ws/install/mower_description/include/mower_description/mower_description/msg/rosidl_typesupport_introspection_c__visibility_control.h
[6.680s] -- Up-to-date: /home/q/Algorithm_research/VFH_ws/install/mower_description/include/mower_description/mower_description/srv
[6.680s] -- Up-to-date: /home/q/Algorithm_research/VFH_ws/install/mower_description/include/mower_description/mower_description/srv/detail
[6.680s] -- Installing: /home/q/Algorithm_research/VFH_ws/install/mower_description/include/mower_description/mower_description/srv/detail/cutting_motor_control__type_support.c
[6.680s] -- Installing: /home/q/Algorithm_research/VFH_ws/install/mower_description/include/mower_description/mower_description/srv/detail/cutting_motor_control__rosidl_typesupport_introspection_c.h
[6.681s] -- Installing: /home/q/Algorithm_research/VFH_ws/install/mower_description/lib/libmower_description__rosidl_typesupport_introspection_c.so
[6.682s] -- Set runtime path of "/home/q/Algorithm_research/VFH_ws/install/mower_description/lib/libmower_description__rosidl_typesupport_introspection_c.so" to ""
[6.682s] -- Installing: /home/q/Algorithm_research/VFH_ws/install/mower_description/lib/libmower_description__rosidl_typesupport_c.so
[6.683s] -- Set runtime path of "/home/q/Algorithm_research/VFH_ws/install/mower_description/lib/libmower_description__rosidl_typesupport_c.so" to ""
[6.683s] -- Up-to-date: /home/q/Algorithm_research/VFH_ws/install/mower_description/include/mower_description/mower_description
[6.683s] -- Up-to-date: /home/q/Algorithm_research/VFH_ws/install/mower_description/include/mower_description/mower_description/srv
[6.684s] -- Up-to-date: /home/q/Algorithm_research/VFH_ws/install/mower_description/include/mower_description/mower_description/srv/detail
[6.684s] -- Installing: /home/q/Algorithm_research/VFH_ws/install/mower_description/include/mower_description/mower_description/srv/detail/cutting_motor_control__type_support.cpp
[6.684s] -- Installing: /home/q/Algorithm_research/VFH_ws/install/mower_description/include/mower_description/mower_description/srv/detail/cutting_motor_control__rosidl_typesupport_introspection_cpp.hpp
[6.684s] -- Installing: /home/q/Algorithm_research/VFH_ws/install/mower_description/lib/libmower_description__rosidl_typesupport_introspection_cpp.so
[6.686s] -- Set runtime path of "/home/q/Algorithm_research/VFH_ws/install/mower_description/lib/libmower_description__rosidl_typesupport_introspection_cpp.so" to ""
[6.686s] -- Installing: /home/q/Algorithm_research/VFH_ws/install/mower_description/lib/libmower_description__rosidl_typesupport_cpp.so
[6.687s] -- Set runtime path of "/home/q/Algorithm_research/VFH_ws/install/mower_description/lib/libmower_description__rosidl_typesupport_cpp.so" to ""
[6.687s] -- Installing: /home/q/Algorithm_research/VFH_ws/install/mower_description/share/mower_description/environment/pythonpath.sh
[6.687s] -- Installing: /home/q/Algorithm_research/VFH_ws/install/mower_description/share/mower_description/environment/pythonpath.dsv
[6.688s] -- Installing: /home/q/Algorithm_research/VFH_ws/install/mower_description/local/lib/python3.10/dist-packages/mower_description-0.0.0-py3.10.egg-info
[6.688s] -- Installing: /home/q/Algorithm_research/VFH_ws/install/mower_description/local/lib/python3.10/dist-packages/mower_description-0.0.0-py3.10.egg-info/dependency_links.txt
[6.688s] -- Installing: /home/q/Algorithm_research/VFH_ws/install/mower_description/local/lib/python3.10/dist-packages/mower_description-0.0.0-py3.10.egg-info/SOURCES.txt
[6.689s] -- Installing: /home/q/Algorithm_research/VFH_ws/install/mower_description/local/lib/python3.10/dist-packages/mower_description-0.0.0-py3.10.egg-info/top_level.txt
[6.689s] -- Installing: /home/q/Algorithm_research/VFH_ws/install/mower_description/local/lib/python3.10/dist-packages/mower_description-0.0.0-py3.10.egg-info/PKG-INFO
[6.689s] -- Installing: /home/q/Algorithm_research/VFH_ws/install/mower_description/local/lib/python3.10/dist-packages/mower_description
[6.689s] -- Installing: /home/q/Algorithm_research/VFH_ws/install/mower_description/local/lib/python3.10/dist-packages/mower_description/libmower_description__rosidl_generator_py.so
[6.690s] -- Installing: /home/q/Algorithm_research/VFH_ws/install/mower_description/local/lib/python3.10/dist-packages/mower_description/mower_description_s__rosidl_typesupport_c.cpython-310-x86_64-linux-gnu.so
[6.690s] -- Installing: /home/q/Algorithm_research/VFH_ws/install/mower_description/local/lib/python3.10/dist-packages/mower_description/mower_description_s__rosidl_typesupport_fastrtps_c.cpython-310-x86_64-linux-gnu.so
[6.691s] -- Installing: /home/q/Algorithm_research/VFH_ws/install/mower_description/local/lib/python3.10/dist-packages/mower_description/__init__.py
[6.691s] -- Installing: /home/q/Algorithm_research/VFH_ws/install/mower_description/local/lib/python3.10/dist-packages/mower_description/mower_description_s__rosidl_typesupport_introspection_c.cpython-310-x86_64-linux-gnu.so
[6.691s] -- Installing: /home/q/Algorithm_research/VFH_ws/install/mower_description/local/lib/python3.10/dist-packages/mower_description/_mower_description_s.ep.rosidl_typesupport_fastrtps_c.c
[6.691s] -- Installing: /home/q/Algorithm_research/VFH_ws/install/mower_description/local/lib/python3.10/dist-packages/mower_description/_mower_description_s.ep.rosidl_typesupport_introspection_c.c
[6.691s] -- Installing: /home/q/Algorithm_research/VFH_ws/install/mower_description/local/lib/python3.10/dist-packages/mower_description/srv
[6.692s] -- Installing: /home/q/Algorithm_research/VFH_ws/install/mower_description/local/lib/python3.10/dist-packages/mower_description/srv/_cutting_motor_control_s.c
[6.692s] -- Installing: /home/q/Algorithm_research/VFH_ws/install/mower_description/local/lib/python3.10/dist-packages/mower_description/srv/__init__.py
[6.692s] -- Installing: /home/q/Algorithm_research/VFH_ws/install/mower_description/local/lib/python3.10/dist-packages/mower_description/srv/_cutting_motor_control.py
[6.692s] -- Installing: /home/q/Algorithm_research/VFH_ws/install/mower_description/local/lib/python3.10/dist-packages/mower_description/_mower_description_s.ep.rosidl_typesupport_c.c
[6.724s] Listing '/home/q/Algorithm_research/VFH_ws/install/mower_description/local/lib/python3.10/dist-packages/mower_description'...
[6.724s] Compiling '/home/q/Algorithm_research/VFH_ws/install/mower_description/local/lib/python3.10/dist-packages/mower_description/__init__.py'...
[6.724s] Listing '/home/q/Algorithm_research/VFH_ws/install/mower_description/local/lib/python3.10/dist-packages/mower_description/srv'...
[6.724s] Compiling '/home/q/Algorithm_research/VFH_ws/install/mower_description/local/lib/python3.10/dist-packages/mower_description/srv/__init__.py'...
[6.724s] Compiling '/home/q/Algorithm_research/VFH_ws/install/mower_description/local/lib/python3.10/dist-packages/mower_description/srv/_cutting_motor_control.py'...
[6.728s] -- Installing: /home/q/Algorithm_research/VFH_ws/install/mower_description/local/lib/python3.10/dist-packages/mower_description/mower_description_s__rosidl_typesupport_fastrtps_c.cpython-310-x86_64-linux-gnu.so
[6.729s] -- Set runtime path of "/home/q/Algorithm_research/VFH_ws/install/mower_description/local/lib/python3.10/dist-packages/mower_description/mower_description_s__rosidl_typesupport_fastrtps_c.cpython-310-x86_64-linux-gnu.so" to ""
[6.730s] -- Installing: /home/q/Algorithm_research/VFH_ws/install/mower_description/local/lib/python3.10/dist-packages/mower_description/mower_description_s__rosidl_typesupport_introspection_c.cpython-310-x86_64-linux-gnu.so
[6.731s] -- Set runtime path of "/home/q/Algorithm_research/VFH_ws/install/mower_description/local/lib/python3.10/dist-packages/mower_description/mower_description_s__rosidl_typesupport_introspection_c.cpython-310-x86_64-linux-gnu.so" to ""
[6.732s] -- Installing: /home/q/Algorithm_research/VFH_ws/install/mower_description/local/lib/python3.10/dist-packages/mower_description/mower_description_s__rosidl_typesupport_c.cpython-310-x86_64-linux-gnu.so
[6.733s] -- Set runtime path of "/home/q/Algorithm_research/VFH_ws/install/mower_description/local/lib/python3.10/dist-packages/mower_description/mower_description_s__rosidl_typesupport_c.cpython-310-x86_64-linux-gnu.so" to ""
[6.733s] -- Installing: /home/q/Algorithm_research/VFH_ws/install/mower_description/lib/libmower_description__rosidl_generator_py.so
[6.734s] -- Set runtime path of "/home/q/Algorithm_research/VFH_ws/install/mower_description/lib/libmower_description__rosidl_generator_py.so" to ""
[6.734s] -- Installing: /home/q/Algorithm_research/VFH_ws/install/mower_description/share/ament_index/resource_index/rust_packages/mower_description
[6.734s] -- Installing: /home/q/Algorithm_research/VFH_ws/install/mower_description/share/mower_description/rust
[6.735s] -- Installing: /home/q/Algorithm_research/VFH_ws/install/mower_description/share/mower_description/rust/Cargo.toml
[6.735s] -- Installing: /home/q/Algorithm_research/VFH_ws/install/mower_description/share/mower_description/rust/src
[6.735s] -- Installing: /home/q/Algorithm_research/VFH_ws/install/mower_description/share/mower_description/rust/src/srv.rs
[6.735s] -- Installing: /home/q/Algorithm_research/VFH_ws/install/mower_description/share/mower_description/rust/src/lib.rs
[6.735s] -- Installing: /home/q/Algorithm_research/VFH_ws/install/mower_description/share/mower_description/rust/src/srv
[6.735s] -- Installing: /home/q/Algorithm_research/VFH_ws/install/mower_description/share/mower_description/rust/src/srv/rmw.rs
[6.736s] -- Installing: /home/q/Algorithm_research/VFH_ws/install/mower_description/share/mower_description/rust/build.rs
[6.736s] -- Installing: /home/q/Algorithm_research/VFH_ws/install/mower_description/share/mower_description/srv/CuttingMotorControl.idl
[6.736s] -- Installing: /home/q/Algorithm_research/VFH_ws/install/mower_description/share/mower_description/srv/CuttingMotorControl.srv
[6.737s] -- Installing: /home/q/Algorithm_research/VFH_ws/install/mower_description/share/mower_description/srv/CuttingMotorControl_Request.msg
[6.737s] -- Installing: /home/q/Algorithm_research/VFH_ws/install/mower_description/share/mower_description/srv/CuttingMotorControl_Response.msg
[6.737s] -- Installing: /home/q/Algorithm_research/VFH_ws/install/mower_description/lib/mower_description/cutting_motor_controller.py
[6.738s] -- Installing: /home/q/Algorithm_research/VFH_ws/install/mower_description/lib/mower_description/gear_marker_publisher.py
[6.738s] -- Installing: /home/q/Algorithm_research/VFH_ws/install/mower_description/share/mower_description/launch
[6.738s] -- Installing: /home/q/Algorithm_research/VFH_ws/install/mower_description/share/mower_description/launch/mower_gazebo.launch.py
[6.739s] -- Installing: /home/q/Algorithm_research/VFH_ws/install/mower_description/share/mower_description/urdf
[6.739s] -- Installing: /home/q/Algorithm_research/VFH_ws/install/mower_description/share/mower_description/urdf/mower.urdf
[6.739s] -- Installing: /home/q/Algorithm_research/VFH_ws/install/mower_description/share/mower_description/worlds
[6.739s] -- Installing: /home/q/Algorithm_research/VFH_ws/install/mower_description/share/mower_description/worlds/room_world.world
[6.740s] -- Installing: /home/q/Algorithm_research/VFH_ws/install/mower_description/share/mower_description/worlds/room_world_open.world
[6.740s] -- Installing: /home/q/Algorithm_research/VFH_ws/install/mower_description/share/mower_description/worlds/mower_world.world
[6.740s] -- Installing: /home/q/Algorithm_research/VFH_ws/install/mower_description/share/mower_description/config
[6.740s] -- Installing: /home/q/Algorithm_research/VFH_ws/install/mower_description/share/mower_description/config/rviz
[6.740s] -- Installing: /home/q/Algorithm_research/VFH_ws/install/mower_description/share/mower_description/config/rviz/mower_gazebo.rviz
[6.741s] -- Installing: /home/q/Algorithm_research/VFH_ws/install/mower_description/share/ament_index/resource_index/package_run_dependencies/mower_description
[6.741s] -- Installing: /home/q/Algorithm_research/VFH_ws/install/mower_description/share/ament_index/resource_index/parent_prefix_path/mower_description
[6.742s] -- Installing: /home/q/Algorithm_research/VFH_ws/install/mower_description/share/mower_description/environment/ament_prefix_path.sh
[6.742s] -- Installing: /home/q/Algorithm_research/VFH_ws/install/mower_description/share/mower_description/environment/ament_prefix_path.dsv
[6.743s] -- Installing: /home/q/Algorithm_research/VFH_ws/install/mower_description/share/mower_description/environment/path.sh
[6.743s] -- Installing: /home/q/Algorithm_research/VFH_ws/install/mower_description/share/mower_description/environment/path.dsv
[6.743s] -- Installing: /home/q/Algorithm_research/VFH_ws/install/mower_description/share/mower_description/local_setup.bash
[6.744s] -- Installing: /home/q/Algorithm_research/VFH_ws/install/mower_description/share/mower_description/local_setup.sh
[6.744s] -- Installing: /home/q/Algorithm_research/VFH_ws/install/mower_description/share/mower_description/local_setup.zsh
[6.745s] -- Installing: /home/q/Algorithm_research/VFH_ws/install/mower_description/share/mower_description/local_setup.dsv
[6.745s] -- Installing: /home/q/Algorithm_research/VFH_ws/install/mower_description/share/mower_description/package.dsv
[6.746s] -- Installing: /home/q/Algorithm_research/VFH_ws/install/mower_description/share/ament_index/resource_index/packages/mower_description
[6.746s] -- Installing: /home/q/Algorithm_research/VFH_ws/install/mower_description/share/mower_description/cmake/export_mower_description__rosidl_generator_cExport.cmake
[6.746s] -- Installing: /home/q/Algorithm_research/VFH_ws/install/mower_description/share/mower_description/cmake/export_mower_description__rosidl_generator_cExport-noconfig.cmake
[6.747s] -- Installing: /home/q/Algorithm_research/VFH_ws/install/mower_description/share/mower_description/cmake/export_mower_description__rosidl_typesupport_fastrtps_cExport.cmake
[6.747s] -- Installing: /home/q/Algorithm_research/VFH_ws/install/mower_description/share/mower_description/cmake/export_mower_description__rosidl_typesupport_fastrtps_cExport-noconfig.cmake
[6.748s] -- Installing: /home/q/Algorithm_research/VFH_ws/install/mower_description/share/mower_description/cmake/export_mower_description__rosidl_generator_cppExport.cmake
[6.748s] -- Installing: /home/q/Algorithm_research/VFH_ws/install/mower_description/share/mower_description/cmake/export_mower_description__rosidl_typesupport_fastrtps_cppExport.cmake
[6.748s] -- Installing: /home/q/Algorithm_research/VFH_ws/install/mower_description/share/mower_description/cmake/export_mower_description__rosidl_typesupport_fastrtps_cppExport-noconfig.cmake
[6.749s] -- Installing: /home/q/Algorithm_research/VFH_ws/install/mower_description/share/mower_description/cmake/mower_description__rosidl_typesupport_introspection_cExport.cmake
[6.749s] -- Installing: /home/q/Algorithm_research/VFH_ws/install/mower_description/share/mower_description/cmake/mower_description__rosidl_typesupport_introspection_cExport-noconfig.cmake
[6.750s] -- Installing: /home/q/Algorithm_research/VFH_ws/install/mower_description/share/mower_description/cmake/mower_description__rosidl_typesupport_cExport.cmake
[6.750s] -- Installing: /home/q/Algorithm_research/VFH_ws/install/mower_description/share/mower_description/cmake/mower_description__rosidl_typesupport_cExport-noconfig.cmake
[6.751s] -- Installing: /home/q/Algorithm_research/VFH_ws/install/mower_description/share/mower_description/cmake/mower_description__rosidl_typesupport_introspection_cppExport.cmake
[6.751s] -- Installing: /home/q/Algorithm_research/VFH_ws/install/mower_description/share/mower_description/cmake/mower_description__rosidl_typesupport_introspection_cppExport-noconfig.cmake
[6.752s] -- Installing: /home/q/Algorithm_research/VFH_ws/install/mower_description/share/mower_description/cmake/mower_description__rosidl_typesupport_cppExport.cmake
[6.752s] -- Installing: /home/q/Algorithm_research/VFH_ws/install/mower_description/share/mower_description/cmake/mower_description__rosidl_typesupport_cppExport-noconfig.cmake
[6.752s] -- Installing: /home/q/Algorithm_research/VFH_ws/install/mower_description/share/mower_description/cmake/export_mower_description__rosidl_generator_pyExport.cmake
[6.753s] -- Installing: /home/q/Algorithm_research/VFH_ws/install/mower_description/share/mower_description/cmake/export_mower_description__rosidl_generator_pyExport-noconfig.cmake
[6.753s] -- Installing: /home/q/Algorithm_research/VFH_ws/install/mower_description/share/mower_description/cmake/rosidl_cmake-extras.cmake
[6.753s] -- Installing: /home/q/Algorithm_research/VFH_ws/install/mower_description/share/mower_description/cmake/ament_cmake_export_dependencies-extras.cmake
[6.753s] -- Installing: /home/q/Algorithm_research/VFH_ws/install/mower_description/share/mower_description/cmake/ament_cmake_export_include_directories-extras.cmake
[6.754s] -- Installing: /home/q/Algorithm_research/VFH_ws/install/mower_description/share/mower_description/cmake/ament_cmake_export_libraries-extras.cmake
[6.754s] -- Installing: /home/q/Algorithm_research/VFH_ws/install/mower_description/share/mower_description/cmake/ament_cmake_export_targets-extras.cmake
[6.754s] -- Installing: /home/q/Algorithm_research/VFH_ws/install/mower_description/share/mower_description/cmake/rosidl_cmake_export_typesupport_targets-extras.cmake
[6.754s] -- Installing: /home/q/Algorithm_research/VFH_ws/install/mower_description/share/mower_description/cmake/rosidl_cmake_export_typesupport_libraries-extras.cmake
[6.754s] -- Installing: /home/q/Algorithm_research/VFH_ws/install/mower_description/share/mower_description/cmake/mower_descriptionConfig.cmake
[6.755s] -- Installing: /home/q/Algorithm_research/VFH_ws/install/mower_description/share/mower_description/cmake/mower_descriptionConfig-version.cmake
[6.755s] -- Installing: /home/q/Algorithm_research/VFH_ws/install/mower_description/share/mower_description/package.xml
[6.757s] Invoked command in '/home/q/Algorithm_research/VFH_ws/build/mower_description' returned '0': CMAKE_PREFIX_PATH=/opt/ros/humble /usr/bin/cmake --install /home/q/Algorithm_research/VFH_ws/build/mower_description
