[0.083s] DEBUG:colcon:Command line arguments: ['/usr/bin/colcon', 'build']
[0.083s] DEBUG:colcon:Parsed command line arguments: Namespace(log_base=None, log_level=None, verb_name='build', build_base='build', install_base='install', merge_install=False, symlink_install=False, test_result_base=None, continue_on_error=False, executor='parallel', parallel_workers=24, event_handlers=None, ignore_user_meta=False, metas=['./colcon.meta'], base_paths=['.'], packages_ignore=None, packages_ignore_regex=None, paths=None, packages_up_to=None, packages_up_to_regex=None, packages_above=None, packages_above_and_dependencies=None, packages_above_depth=None, packages_select_by_dep=None, packages_skip_by_dep=None, packages_skip_up_to=None, packages_select_build_failed=False, packages_skip_build_finished=False, packages_select_test_failures=False, packages_skip_test_passed=False, packages_select=None, packages_skip=None, packages_select_regex=None, packages_skip_regex=None, packages_start=None, packages_end=None, allow_overriding=[], cmake_args=None, cmake_target=None, cmake_target_skip_unavailable=False, cmake_clean_cache=False, cmake_clean_first=False, cmake_force_configure=False, ament_cmake_args=None, catkin_cmake_args=None, catkin_skip_building_tests=False, verb_parser=<colcon_defaults.argument_parser.defaults.DefaultArgumentsDecorator object at 0x7c30c88f2fe0>, verb_extension=<colcon_core.verb.build.BuildVerb object at 0x7c30c88ac0a0>, main=<bound method BuildVerb.main of <colcon_core.verb.build.BuildVerb object at 0x7c30c88ac0a0>>)
[0.216s] Level 1:colcon.colcon_core.package_discovery:discover_packages(colcon_meta) check parameters
[0.216s] Level 1:colcon.colcon_core.package_discovery:discover_packages(recursive) check parameters
[0.216s] Level 1:colcon.colcon_core.package_discovery:discover_packages(ignore) check parameters
[0.216s] Level 1:colcon.colcon_core.package_discovery:discover_packages(path) check parameters
[0.216s] Level 1:colcon.colcon_core.package_discovery:discover_packages(colcon_meta) discover
[0.216s] Level 1:colcon.colcon_core.package_discovery:discover_packages(recursive) discover
[0.216s] INFO:colcon.colcon_core.package_discovery:Crawling recursively for packages in '/home/q/Algorithm_research/VFH_ws'
[0.216s] Level 1:colcon.colcon_core.package_identification:_identify(.) by extensions ['ignore', 'ignore_ament_install']
[0.216s] Level 1:colcon.colcon_core.package_identification:_identify(.) by extension 'ignore'
[0.216s] Level 1:colcon.colcon_core.package_identification:_identify(.) by extension 'ignore_ament_install'
[0.216s] Level 1:colcon.colcon_core.package_identification:_identify(.) by extensions ['colcon_pkg']
[0.216s] Level 1:colcon.colcon_core.package_identification:_identify(.) by extension 'colcon_pkg'
[0.216s] Level 1:colcon.colcon_core.package_identification:_identify(.) by extensions ['colcon_meta']
[0.216s] Level 1:colcon.colcon_core.package_identification:_identify(.) by extension 'colcon_meta'
[0.216s] Level 1:colcon.colcon_core.package_identification:_identify(.) by extensions ['ros']
[0.217s] Level 1:colcon.colcon_core.package_identification:_identify(.) by extension 'ros'
[0.243s] Level 1:colcon.colcon_core.package_identification:_identify(.) by extensions ['cmake', 'python']
[0.243s] Level 1:colcon.colcon_core.package_identification:_identify(.) by extension 'cmake'
[0.243s] Level 1:colcon.colcon_core.package_identification:_identify(.) by extension 'python'
[0.243s] Level 1:colcon.colcon_core.package_identification:_identify(.) by extensions ['python_setup_py']
[0.243s] Level 1:colcon.colcon_core.package_identification:_identify(.) by extension 'python_setup_py'
[0.243s] Level 1:colcon.colcon_core.package_identification:_identify(build) by extensions ['ignore', 'ignore_ament_install']
[0.243s] Level 1:colcon.colcon_core.package_identification:_identify(build) by extension 'ignore'
[0.243s] Level 1:colcon.colcon_core.package_identification:_identify(build) ignored
[0.244s] Level 1:colcon.colcon_core.package_identification:_identify(install) by extensions ['ignore', 'ignore_ament_install']
[0.244s] Level 1:colcon.colcon_core.package_identification:_identify(install) by extension 'ignore'
[0.244s] Level 1:colcon.colcon_core.package_identification:_identify(install) ignored
[0.244s] Level 1:colcon.colcon_core.package_identification:_identify(log) by extensions ['ignore', 'ignore_ament_install']
[0.244s] Level 1:colcon.colcon_core.package_identification:_identify(log) by extension 'ignore'
[0.244s] Level 1:colcon.colcon_core.package_identification:_identify(log) ignored
[0.244s] Level 1:colcon.colcon_core.package_identification:_identify(src) by extensions ['ignore', 'ignore_ament_install']
[0.244s] Level 1:colcon.colcon_core.package_identification:_identify(src) by extension 'ignore'
[0.244s] Level 1:colcon.colcon_core.package_identification:_identify(src) by extension 'ignore_ament_install'
[0.244s] Level 1:colcon.colcon_core.package_identification:_identify(src) by extensions ['colcon_pkg']
[0.244s] Level 1:colcon.colcon_core.package_identification:_identify(src) by extension 'colcon_pkg'
[0.244s] Level 1:colcon.colcon_core.package_identification:_identify(src) by extensions ['colcon_meta']
[0.244s] Level 1:colcon.colcon_core.package_identification:_identify(src) by extension 'colcon_meta'
[0.244s] Level 1:colcon.colcon_core.package_identification:_identify(src) by extensions ['ros']
[0.244s] Level 1:colcon.colcon_core.package_identification:_identify(src) by extension 'ros'
[0.244s] Level 1:colcon.colcon_core.package_identification:_identify(src) by extensions ['cmake', 'python']
[0.244s] Level 1:colcon.colcon_core.package_identification:_identify(src) by extension 'cmake'
[0.244s] Level 1:colcon.colcon_core.package_identification:_identify(src) by extension 'python'
[0.244s] Level 1:colcon.colcon_core.package_identification:_identify(src) by extensions ['python_setup_py']
[0.244s] Level 1:colcon.colcon_core.package_identification:_identify(src) by extension 'python_setup_py'
[0.244s] Level 1:colcon.colcon_core.package_identification:_identify(src/mower_description) by extensions ['ignore', 'ignore_ament_install']
[0.244s] Level 1:colcon.colcon_core.package_identification:_identify(src/mower_description) by extension 'ignore'
[0.244s] Level 1:colcon.colcon_core.package_identification:_identify(src/mower_description) by extension 'ignore_ament_install'
[0.244s] Level 1:colcon.colcon_core.package_identification:_identify(src/mower_description) by extensions ['colcon_pkg']
[0.244s] Level 1:colcon.colcon_core.package_identification:_identify(src/mower_description) by extension 'colcon_pkg'
[0.244s] Level 1:colcon.colcon_core.package_identification:_identify(src/mower_description) by extensions ['colcon_meta']
[0.244s] Level 1:colcon.colcon_core.package_identification:_identify(src/mower_description) by extension 'colcon_meta'
[0.244s] Level 1:colcon.colcon_core.package_identification:_identify(src/mower_description) by extensions ['ros']
[0.244s] Level 1:colcon.colcon_core.package_identification:_identify(src/mower_description) by extension 'ros'
[0.246s] DEBUG:colcon.colcon_core.package_identification:Package 'src/mower_description' with type 'ros.ament_cmake' and name 'mower_description'
[0.246s] Level 1:colcon.colcon_core.package_identification:_identify(src/mower_vfh) by extensions ['ignore', 'ignore_ament_install']
[0.246s] Level 1:colcon.colcon_core.package_identification:_identify(src/mower_vfh) by extension 'ignore'
[0.246s] Level 1:colcon.colcon_core.package_identification:_identify(src/mower_vfh) by extension 'ignore_ament_install'
[0.246s] Level 1:colcon.colcon_core.package_identification:_identify(src/mower_vfh) by extensions ['colcon_pkg']
[0.246s] Level 1:colcon.colcon_core.package_identification:_identify(src/mower_vfh) by extension 'colcon_pkg'
[0.247s] Level 1:colcon.colcon_core.package_identification:_identify(src/mower_vfh) by extensions ['colcon_meta']
[0.247s] Level 1:colcon.colcon_core.package_identification:_identify(src/mower_vfh) by extension 'colcon_meta'
[0.247s] Level 1:colcon.colcon_core.package_identification:_identify(src/mower_vfh) by extensions ['ros']
[0.247s] Level 1:colcon.colcon_core.package_identification:_identify(src/mower_vfh) by extension 'ros'
[0.247s] DEBUG:colcon.colcon_core.package_identification:Package 'src/mower_vfh' with type 'ros.ament_python' and name 'mower_vfh'
[0.247s] Level 1:colcon.colcon_core.package_identification:_identify(src/mower_vfh_lidar) by extensions ['ignore', 'ignore_ament_install']
[0.247s] Level 1:colcon.colcon_core.package_identification:_identify(src/mower_vfh_lidar) by extension 'ignore'
[0.247s] Level 1:colcon.colcon_core.package_identification:_identify(src/mower_vfh_lidar) by extension 'ignore_ament_install'
[0.248s] Level 1:colcon.colcon_core.package_identification:_identify(src/mower_vfh_lidar) by extensions ['colcon_pkg']
[0.248s] Level 1:colcon.colcon_core.package_identification:_identify(src/mower_vfh_lidar) by extension 'colcon_pkg'
[0.248s] Level 1:colcon.colcon_core.package_identification:_identify(src/mower_vfh_lidar) by extensions ['colcon_meta']
[0.248s] Level 1:colcon.colcon_core.package_identification:_identify(src/mower_vfh_lidar) by extension 'colcon_meta'
[0.248s] Level 1:colcon.colcon_core.package_identification:_identify(src/mower_vfh_lidar) by extensions ['ros']
[0.248s] Level 1:colcon.colcon_core.package_identification:_identify(src/mower_vfh_lidar) by extension 'ros'
[0.248s] DEBUG:colcon.colcon_core.package_identification:Package 'src/mower_vfh_lidar' with type 'ros.ament_python' and name 'mower_vfh_lidar'
[0.248s] Level 1:colcon.colcon_core.package_discovery:discover_packages(recursive) using defaults
[0.248s] Level 1:colcon.colcon_core.package_discovery:discover_packages(ignore) discover
[0.248s] Level 1:colcon.colcon_core.package_discovery:discover_packages(ignore) using defaults
[0.248s] Level 1:colcon.colcon_core.package_discovery:discover_packages(path) discover
[0.248s] Level 1:colcon.colcon_core.package_discovery:discover_packages(path) using defaults
[0.268s] Level 1:colcon.colcon_core.package_discovery:discover_packages(prefix_path) check parameters
[0.268s] Level 1:colcon.colcon_core.package_discovery:discover_packages(prefix_path) discover
[0.272s] DEBUG:colcon.colcon_installed_package_information.package_discovery:Found 12 installed packages in /home/q/dev_ws/install
[0.274s] DEBUG:colcon.colcon_installed_package_information.package_discovery:Found 462 installed packages in /opt/ros/humble
[0.277s] Level 1:colcon.colcon_core.package_discovery:discover_packages(prefix_path) using defaults
[0.337s] Level 5:colcon.colcon_core.verb:set package 'mower_description' build argument 'cmake_args' from command line to 'None'
[0.337s] Level 5:colcon.colcon_core.verb:set package 'mower_description' build argument 'cmake_target' from command line to 'None'
[0.337s] Level 5:colcon.colcon_core.verb:set package 'mower_description' build argument 'cmake_target_skip_unavailable' from command line to 'False'
[0.337s] Level 5:colcon.colcon_core.verb:set package 'mower_description' build argument 'cmake_clean_cache' from command line to 'False'
[0.337s] Level 5:colcon.colcon_core.verb:set package 'mower_description' build argument 'cmake_clean_first' from command line to 'False'
[0.337s] Level 5:colcon.colcon_core.verb:set package 'mower_description' build argument 'cmake_force_configure' from command line to 'False'
[0.337s] Level 5:colcon.colcon_core.verb:set package 'mower_description' build argument 'ament_cmake_args' from command line to 'None'
[0.337s] Level 5:colcon.colcon_core.verb:set package 'mower_description' build argument 'catkin_cmake_args' from command line to 'None'
[0.337s] Level 5:colcon.colcon_core.verb:set package 'mower_description' build argument 'catkin_skip_building_tests' from command line to 'False'
[0.337s] DEBUG:colcon.colcon_core.verb:Building package 'mower_description' with the following arguments: {'ament_cmake_args': None, 'build_base': '/home/q/Algorithm_research/VFH_ws/build/mower_description', 'catkin_cmake_args': None, 'catkin_skip_building_tests': False, 'cmake_args': None, 'cmake_clean_cache': False, 'cmake_clean_first': False, 'cmake_force_configure': False, 'cmake_target': None, 'cmake_target_skip_unavailable': False, 'install_base': '/home/q/Algorithm_research/VFH_ws/install/mower_description', 'merge_install': False, 'path': '/home/q/Algorithm_research/VFH_ws/src/mower_description', 'symlink_install': False, 'test_result_base': None}
[0.338s] Level 5:colcon.colcon_core.verb:set package 'mower_vfh' build argument 'cmake_args' from command line to 'None'
[0.338s] Level 5:colcon.colcon_core.verb:set package 'mower_vfh' build argument 'cmake_target' from command line to 'None'
[0.338s] Level 5:colcon.colcon_core.verb:set package 'mower_vfh' build argument 'cmake_target_skip_unavailable' from command line to 'False'
[0.338s] Level 5:colcon.colcon_core.verb:set package 'mower_vfh' build argument 'cmake_clean_cache' from command line to 'False'
[0.338s] Level 5:colcon.colcon_core.verb:set package 'mower_vfh' build argument 'cmake_clean_first' from command line to 'False'
[0.338s] Level 5:colcon.colcon_core.verb:set package 'mower_vfh' build argument 'cmake_force_configure' from command line to 'False'
[0.338s] Level 5:colcon.colcon_core.verb:set package 'mower_vfh' build argument 'ament_cmake_args' from command line to 'None'
[0.338s] Level 5:colcon.colcon_core.verb:set package 'mower_vfh' build argument 'catkin_cmake_args' from command line to 'None'
[0.338s] Level 5:colcon.colcon_core.verb:set package 'mower_vfh' build argument 'catkin_skip_building_tests' from command line to 'False'
[0.338s] DEBUG:colcon.colcon_core.verb:Building package 'mower_vfh' with the following arguments: {'ament_cmake_args': None, 'build_base': '/home/q/Algorithm_research/VFH_ws/build/mower_vfh', 'catkin_cmake_args': None, 'catkin_skip_building_tests': False, 'cmake_args': None, 'cmake_clean_cache': False, 'cmake_clean_first': False, 'cmake_force_configure': False, 'cmake_target': None, 'cmake_target_skip_unavailable': False, 'install_base': '/home/q/Algorithm_research/VFH_ws/install/mower_vfh', 'merge_install': False, 'path': '/home/q/Algorithm_research/VFH_ws/src/mower_vfh', 'symlink_install': False, 'test_result_base': None}
[0.338s] Level 5:colcon.colcon_core.verb:set package 'mower_vfh_lidar' build argument 'cmake_args' from command line to 'None'
[0.338s] Level 5:colcon.colcon_core.verb:set package 'mower_vfh_lidar' build argument 'cmake_target' from command line to 'None'
[0.338s] Level 5:colcon.colcon_core.verb:set package 'mower_vfh_lidar' build argument 'cmake_target_skip_unavailable' from command line to 'False'
[0.338s] Level 5:colcon.colcon_core.verb:set package 'mower_vfh_lidar' build argument 'cmake_clean_cache' from command line to 'False'
[0.338s] Level 5:colcon.colcon_core.verb:set package 'mower_vfh_lidar' build argument 'cmake_clean_first' from command line to 'False'
[0.338s] Level 5:colcon.colcon_core.verb:set package 'mower_vfh_lidar' build argument 'cmake_force_configure' from command line to 'False'
[0.338s] Level 5:colcon.colcon_core.verb:set package 'mower_vfh_lidar' build argument 'ament_cmake_args' from command line to 'None'
[0.338s] Level 5:colcon.colcon_core.verb:set package 'mower_vfh_lidar' build argument 'catkin_cmake_args' from command line to 'None'
[0.338s] Level 5:colcon.colcon_core.verb:set package 'mower_vfh_lidar' build argument 'catkin_skip_building_tests' from command line to 'False'
[0.338s] DEBUG:colcon.colcon_core.verb:Building package 'mower_vfh_lidar' with the following arguments: {'ament_cmake_args': None, 'build_base': '/home/q/Algorithm_research/VFH_ws/build/mower_vfh_lidar', 'catkin_cmake_args': None, 'catkin_skip_building_tests': False, 'cmake_args': None, 'cmake_clean_cache': False, 'cmake_clean_first': False, 'cmake_force_configure': False, 'cmake_target': None, 'cmake_target_skip_unavailable': False, 'install_base': '/home/q/Algorithm_research/VFH_ws/install/mower_vfh_lidar', 'merge_install': False, 'path': '/home/q/Algorithm_research/VFH_ws/src/mower_vfh_lidar', 'symlink_install': False, 'test_result_base': None}
[0.338s] INFO:colcon.colcon_core.executor:Executing jobs using 'parallel' executor
[0.339s] DEBUG:colcon.colcon_parallel_executor.executor.parallel:run_until_complete
[0.339s] INFO:colcon.colcon_ros.task.ament_cmake.build:Building ROS package in '/home/q/Algorithm_research/VFH_ws/src/mower_description' with build type 'ament_cmake'
[0.339s] INFO:colcon.colcon_cmake.task.cmake.build:Building CMake package in '/home/q/Algorithm_research/VFH_ws/src/mower_description'
[0.341s] INFO:colcon.colcon_core.plugin_system:Skipping extension 'colcon_core.shell.bat': Not used on non-Windows systems
[0.341s] INFO:colcon.colcon_core.shell:Skip shell extension 'powershell' for command environment: Not usable outside of PowerShell
[0.341s] DEBUG:colcon.colcon_core.shell:Skip shell extension 'dsv' for command environment
[0.350s] DEBUG:colcon.colcon_core.event_handler.log_command:Invoking command in '/home/q/Algorithm_research/VFH_ws/build/mower_description': CMAKE_PREFIX_PATH=${CMAKE_PREFIX_PATH}:/home/q/dev_ws/install/originbot_viz:/home/q/dev_ws/install/originbot_demo:/home/q/dev_ws/install/originbot_gazebo_harmonic:/home/q/dev_ws/install/originbot_gazebo_fortress:/home/q/dev_ws/install/originbot_gazebo:/home/q/dev_ws/install/originbot_description:/home/q/dev_ws/install/line_follower_model:/opt/ros/humble /usr/bin/cmake /home/q/Algorithm_research/VFH_ws/src/mower_description -DCMAKE_INSTALL_PREFIX=/home/q/Algorithm_research/VFH_ws/install/mower_description
[3.179s] DEBUG:colcon.colcon_core.event_handler.log_command:Invoked command in '/home/q/Algorithm_research/VFH_ws/build/mower_description' returned '0': CMAKE_PREFIX_PATH=${CMAKE_PREFIX_PATH}:/home/q/dev_ws/install/originbot_viz:/home/q/dev_ws/install/originbot_demo:/home/q/dev_ws/install/originbot_gazebo_harmonic:/home/q/dev_ws/install/originbot_gazebo_fortress:/home/q/dev_ws/install/originbot_gazebo:/home/q/dev_ws/install/originbot_description:/home/q/dev_ws/install/line_follower_model:/opt/ros/humble /usr/bin/cmake /home/q/Algorithm_research/VFH_ws/src/mower_description -DCMAKE_INSTALL_PREFIX=/home/q/Algorithm_research/VFH_ws/install/mower_description
[3.180s] DEBUG:colcon.colcon_core.event_handler.log_command:Invoking command in '/home/q/Algorithm_research/VFH_ws/build/mower_description': CMAKE_PREFIX_PATH=${CMAKE_PREFIX_PATH}:/home/q/dev_ws/install/originbot_viz:/home/q/dev_ws/install/originbot_demo:/home/q/dev_ws/install/originbot_gazebo_harmonic:/home/q/dev_ws/install/originbot_gazebo_fortress:/home/q/dev_ws/install/originbot_gazebo:/home/q/dev_ws/install/originbot_description:/home/q/dev_ws/install/line_follower_model:/opt/ros/humble /usr/bin/cmake --build /home/q/Algorithm_research/VFH_ws/build/mower_description -- -j24 -l24
[3.238s] DEBUG:colcon.colcon_core.event_handler.log_command:Invoked command in '/home/q/Algorithm_research/VFH_ws/build/mower_description' returned '0': CMAKE_PREFIX_PATH=${CMAKE_PREFIX_PATH}:/home/q/dev_ws/install/originbot_viz:/home/q/dev_ws/install/originbot_demo:/home/q/dev_ws/install/originbot_gazebo_harmonic:/home/q/dev_ws/install/originbot_gazebo_fortress:/home/q/dev_ws/install/originbot_gazebo:/home/q/dev_ws/install/originbot_description:/home/q/dev_ws/install/line_follower_model:/opt/ros/humble /usr/bin/cmake --build /home/q/Algorithm_research/VFH_ws/build/mower_description -- -j24 -l24
[3.256s] DEBUG:colcon.colcon_core.event_handler.log_command:Invoking command in '/home/q/Algorithm_research/VFH_ws/build/mower_description': CMAKE_PREFIX_PATH=${CMAKE_PREFIX_PATH}:/home/q/dev_ws/install/originbot_viz:/home/q/dev_ws/install/originbot_demo:/home/q/dev_ws/install/originbot_gazebo_harmonic:/home/q/dev_ws/install/originbot_gazebo_fortress:/home/q/dev_ws/install/originbot_gazebo:/home/q/dev_ws/install/originbot_description:/home/q/dev_ws/install/line_follower_model:/opt/ros/humble /usr/bin/cmake --install /home/q/Algorithm_research/VFH_ws/build/mower_description
[3.269s] Level 1:colcon.colcon_core.environment:create_environment_scripts_only(mower_description)
[3.269s] DEBUG:colcon.colcon_core.event_handler.log_command:Invoked command in '/home/q/Algorithm_research/VFH_ws/build/mower_description' returned '0': CMAKE_PREFIX_PATH=${CMAKE_PREFIX_PATH}:/home/q/dev_ws/install/originbot_viz:/home/q/dev_ws/install/originbot_demo:/home/q/dev_ws/install/originbot_gazebo_harmonic:/home/q/dev_ws/install/originbot_gazebo_fortress:/home/q/dev_ws/install/originbot_gazebo:/home/q/dev_ws/install/originbot_description:/home/q/dev_ws/install/line_follower_model:/opt/ros/humble /usr/bin/cmake --install /home/q/Algorithm_research/VFH_ws/build/mower_description
[3.272s] Level 1:colcon.colcon_core.environment:checking '/home/q/Algorithm_research/VFH_ws/install/mower_description' for CMake module files
[3.273s] Level 1:colcon.colcon_core.environment:checking '/home/q/Algorithm_research/VFH_ws/install/mower_description' for CMake config files
[3.273s] Level 1:colcon.colcon_core.shell:create_environment_hook('mower_description', 'cmake_prefix_path')
[3.273s] INFO:colcon.colcon_core.shell:Creating environment hook '/home/q/Algorithm_research/VFH_ws/install/mower_description/share/mower_description/hook/cmake_prefix_path.ps1'
[3.274s] INFO:colcon.colcon_core.shell:Creating environment descriptor '/home/q/Algorithm_research/VFH_ws/install/mower_description/share/mower_description/hook/cmake_prefix_path.dsv'
[3.274s] INFO:colcon.colcon_core.shell:Creating environment hook '/home/q/Algorithm_research/VFH_ws/install/mower_description/share/mower_description/hook/cmake_prefix_path.sh'
[3.275s] Level 1:colcon.colcon_core.environment:checking '/home/q/Algorithm_research/VFH_ws/install/mower_description/bin'
[3.275s] Level 1:colcon.colcon_core.environment:checking '/home/q/Algorithm_research/VFH_ws/install/mower_description/lib/pkgconfig/mower_description.pc'
[3.275s] Level 1:colcon.colcon_core.environment:checking '/home/q/Algorithm_research/VFH_ws/install/mower_description/lib/python3.10/site-packages'
[3.275s] Level 1:colcon.colcon_core.environment:checking '/home/q/Algorithm_research/VFH_ws/install/mower_description/bin'
[3.275s] INFO:colcon.colcon_core.shell:Creating package script '/home/q/Algorithm_research/VFH_ws/install/mower_description/share/mower_description/package.ps1'
[3.276s] INFO:colcon.colcon_core.shell:Creating package descriptor '/home/q/Algorithm_research/VFH_ws/install/mower_description/share/mower_description/package.dsv'
[3.276s] INFO:colcon.colcon_core.shell:Creating package script '/home/q/Algorithm_research/VFH_ws/install/mower_description/share/mower_description/package.sh'
[3.277s] INFO:colcon.colcon_core.shell:Creating package script '/home/q/Algorithm_research/VFH_ws/install/mower_description/share/mower_description/package.bash'
[3.277s] INFO:colcon.colcon_core.shell:Creating package script '/home/q/Algorithm_research/VFH_ws/install/mower_description/share/mower_description/package.zsh'
[3.278s] Level 1:colcon.colcon_core.environment:create_file_with_runtime_dependencies(/home/q/Algorithm_research/VFH_ws/install/mower_description/share/colcon-core/packages/mower_description)
[3.278s] Level 1:colcon.colcon_core.environment:create_environment_scripts_only(mower_description)
[3.278s] Level 1:colcon.colcon_core.environment:checking '/home/q/Algorithm_research/VFH_ws/install/mower_description' for CMake module files
[3.279s] Level 1:colcon.colcon_core.environment:checking '/home/q/Algorithm_research/VFH_ws/install/mower_description' for CMake config files
[3.279s] Level 1:colcon.colcon_core.shell:create_environment_hook('mower_description', 'cmake_prefix_path')
[3.279s] INFO:colcon.colcon_core.shell:Creating environment hook '/home/q/Algorithm_research/VFH_ws/install/mower_description/share/mower_description/hook/cmake_prefix_path.ps1'
[3.279s] INFO:colcon.colcon_core.shell:Creating environment descriptor '/home/q/Algorithm_research/VFH_ws/install/mower_description/share/mower_description/hook/cmake_prefix_path.dsv'
[3.280s] INFO:colcon.colcon_core.shell:Creating environment hook '/home/q/Algorithm_research/VFH_ws/install/mower_description/share/mower_description/hook/cmake_prefix_path.sh'
[3.280s] Level 1:colcon.colcon_core.environment:checking '/home/q/Algorithm_research/VFH_ws/install/mower_description/bin'
[3.280s] Level 1:colcon.colcon_core.environment:checking '/home/q/Algorithm_research/VFH_ws/install/mower_description/lib/pkgconfig/mower_description.pc'
[3.280s] Level 1:colcon.colcon_core.environment:checking '/home/q/Algorithm_research/VFH_ws/install/mower_description/lib/python3.10/site-packages'
[3.281s] Level 1:colcon.colcon_core.environment:checking '/home/q/Algorithm_research/VFH_ws/install/mower_description/bin'
[3.281s] INFO:colcon.colcon_core.shell:Creating package script '/home/q/Algorithm_research/VFH_ws/install/mower_description/share/mower_description/package.ps1'
[3.281s] INFO:colcon.colcon_core.shell:Creating package descriptor '/home/q/Algorithm_research/VFH_ws/install/mower_description/share/mower_description/package.dsv'
[3.282s] INFO:colcon.colcon_core.shell:Creating package script '/home/q/Algorithm_research/VFH_ws/install/mower_description/share/mower_description/package.sh'
[3.282s] INFO:colcon.colcon_core.shell:Creating package script '/home/q/Algorithm_research/VFH_ws/install/mower_description/share/mower_description/package.bash'
[3.283s] INFO:colcon.colcon_core.shell:Creating package script '/home/q/Algorithm_research/VFH_ws/install/mower_description/share/mower_description/package.zsh'
[3.283s] Level 1:colcon.colcon_core.environment:create_file_with_runtime_dependencies(/home/q/Algorithm_research/VFH_ws/install/mower_description/share/colcon-core/packages/mower_description)
[3.284s] INFO:colcon.colcon_ros.task.ament_python.build:Building ROS package in '/home/q/Algorithm_research/VFH_ws/src/mower_vfh' with build type 'ament_python'
[3.284s] Level 1:colcon.colcon_core.shell:create_environment_hook('mower_vfh', 'ament_prefix_path')
[3.284s] INFO:colcon.colcon_core.shell:Creating environment hook '/home/q/Algorithm_research/VFH_ws/install/mower_vfh/share/mower_vfh/hook/ament_prefix_path.ps1'
[3.285s] INFO:colcon.colcon_core.shell:Creating environment descriptor '/home/q/Algorithm_research/VFH_ws/install/mower_vfh/share/mower_vfh/hook/ament_prefix_path.dsv'
[3.285s] INFO:colcon.colcon_core.shell:Creating environment hook '/home/q/Algorithm_research/VFH_ws/install/mower_vfh/share/mower_vfh/hook/ament_prefix_path.sh'
[3.286s] INFO:colcon.colcon_core.shell:Skip shell extension 'powershell' for command environment: Not usable outside of PowerShell
[3.286s] DEBUG:colcon.colcon_core.shell:Skip shell extension 'dsv' for command environment
[3.292s] INFO:colcon.colcon_ros.task.ament_python.build:Building ROS package in '/home/q/Algorithm_research/VFH_ws/src/mower_vfh_lidar' with build type 'ament_python'
[3.292s] Level 1:colcon.colcon_core.shell:create_environment_hook('mower_vfh_lidar', 'ament_prefix_path')
[3.292s] INFO:colcon.colcon_core.shell:Creating environment hook '/home/q/Algorithm_research/VFH_ws/install/mower_vfh_lidar/share/mower_vfh_lidar/hook/ament_prefix_path.ps1'
[3.293s] INFO:colcon.colcon_core.shell:Creating environment descriptor '/home/q/Algorithm_research/VFH_ws/install/mower_vfh_lidar/share/mower_vfh_lidar/hook/ament_prefix_path.dsv'
[3.294s] INFO:colcon.colcon_core.shell:Creating environment hook '/home/q/Algorithm_research/VFH_ws/install/mower_vfh_lidar/share/mower_vfh_lidar/hook/ament_prefix_path.sh'
[3.294s] INFO:colcon.colcon_core.shell:Skip shell extension 'powershell' for command environment: Not usable outside of PowerShell
[3.294s] DEBUG:colcon.colcon_core.shell:Skip shell extension 'dsv' for command environment
[3.520s] INFO:colcon.colcon_core.task.python.build:Building Python package in '/home/q/Algorithm_research/VFH_ws/src/mower_vfh'
[3.520s] INFO:colcon.colcon_core.shell:Skip shell extension 'powershell' for command environment: Not usable outside of PowerShell
[3.520s] DEBUG:colcon.colcon_core.shell:Skip shell extension 'dsv' for command environment
[3.735s] INFO:colcon.colcon_core.task.python.build:Building Python package in '/home/q/Algorithm_research/VFH_ws/src/mower_vfh_lidar'
[3.735s] INFO:colcon.colcon_core.shell:Skip shell extension 'powershell' for command environment: Not usable outside of PowerShell
[3.735s] DEBUG:colcon.colcon_core.shell:Skip shell extension 'dsv' for command environment
[4.042s] DEBUG:colcon.colcon_core.event_handler.log_command:Invoking command in '/home/q/Algorithm_research/VFH_ws/src/mower_vfh_lidar': AMENT_PREFIX_PATH=/home/q/Algorithm_research/VFH_ws/install/mower_description:${AMENT_PREFIX_PATH} CMAKE_PREFIX_PATH=/home/q/Algorithm_research/VFH_ws/install/mower_description:${CMAKE_PREFIX_PATH} PYTHONPATH=/home/q/Algorithm_research/VFH_ws/build/mower_vfh_lidar/prefix_override:/usr/lib/python3/dist-packages/colcon_core/task/python/colcon_distutils_commands:/home/q/Algorithm_research/VFH_ws/install/mower_vfh_lidar/lib/python3.10/site-packages:${PYTHONPATH} /usr/bin/python3 -W ignore:setup.py install is deprecated -W ignore:easy_install command is deprecated setup.py egg_info --egg-base ../../build/mower_vfh_lidar build --build-base /home/q/Algorithm_research/VFH_ws/build/mower_vfh_lidar/build install --record /home/q/Algorithm_research/VFH_ws/build/mower_vfh_lidar/install.log --single-version-externally-managed install_data
[4.043s] DEBUG:colcon.colcon_core.event_handler.log_command:Invoking command in '/home/q/Algorithm_research/VFH_ws/src/mower_vfh': AMENT_PREFIX_PATH=/home/q/Algorithm_research/VFH_ws/install/mower_description:${AMENT_PREFIX_PATH} CMAKE_PREFIX_PATH=/home/q/Algorithm_research/VFH_ws/install/mower_description:${CMAKE_PREFIX_PATH} PYTHONPATH=/home/q/Algorithm_research/VFH_ws/build/mower_vfh/prefix_override:/usr/lib/python3/dist-packages/colcon_core/task/python/colcon_distutils_commands:/home/q/Algorithm_research/VFH_ws/install/mower_vfh/lib/python3.10/site-packages:${PYTHONPATH} /usr/bin/python3 -W ignore:setup.py install is deprecated -W ignore:easy_install command is deprecated setup.py egg_info --egg-base ../../build/mower_vfh build --build-base /home/q/Algorithm_research/VFH_ws/build/mower_vfh/build install --record /home/q/Algorithm_research/VFH_ws/build/mower_vfh/install.log --single-version-externally-managed install_data
[4.310s] Level 1:colcon.colcon_core.environment:checking '/home/q/Algorithm_research/VFH_ws/install/mower_vfh' for CMake module files
[4.310s] DEBUG:colcon.colcon_core.event_handler.log_command:Invoked command in '/home/q/Algorithm_research/VFH_ws/src/mower_vfh' returned '0': AMENT_PREFIX_PATH=/home/q/Algorithm_research/VFH_ws/install/mower_description:${AMENT_PREFIX_PATH} CMAKE_PREFIX_PATH=/home/q/Algorithm_research/VFH_ws/install/mower_description:${CMAKE_PREFIX_PATH} PYTHONPATH=/home/q/Algorithm_research/VFH_ws/build/mower_vfh/prefix_override:/usr/lib/python3/dist-packages/colcon_core/task/python/colcon_distutils_commands:/home/q/Algorithm_research/VFH_ws/install/mower_vfh/lib/python3.10/site-packages:${PYTHONPATH} /usr/bin/python3 -W ignore:setup.py install is deprecated -W ignore:easy_install command is deprecated setup.py egg_info --egg-base ../../build/mower_vfh build --build-base /home/q/Algorithm_research/VFH_ws/build/mower_vfh/build install --record /home/q/Algorithm_research/VFH_ws/build/mower_vfh/install.log --single-version-externally-managed install_data
[4.311s] Level 1:colcon.colcon_core.environment:checking '/home/q/Algorithm_research/VFH_ws/install/mower_vfh' for CMake config files
[4.311s] Level 1:colcon.colcon_core.environment:checking '/home/q/Algorithm_research/VFH_ws/install/mower_vfh/lib'
[4.312s] Level 1:colcon.colcon_core.environment:checking '/home/q/Algorithm_research/VFH_ws/install/mower_vfh/bin'
[4.312s] Level 1:colcon.colcon_core.environment:checking '/home/q/Algorithm_research/VFH_ws/install/mower_vfh/lib/pkgconfig/mower_vfh.pc'
[4.312s] Level 1:colcon.colcon_core.environment:checking '/home/q/Algorithm_research/VFH_ws/install/mower_vfh/lib/python3.10/site-packages'
[4.312s] Level 1:colcon.colcon_core.shell:create_environment_hook('mower_vfh', 'pythonpath')
[4.312s] INFO:colcon.colcon_core.shell:Creating environment hook '/home/q/Algorithm_research/VFH_ws/install/mower_vfh/share/mower_vfh/hook/pythonpath.ps1'
[4.312s] INFO:colcon.colcon_core.shell:Creating environment descriptor '/home/q/Algorithm_research/VFH_ws/install/mower_vfh/share/mower_vfh/hook/pythonpath.dsv'
[4.313s] INFO:colcon.colcon_core.shell:Creating environment hook '/home/q/Algorithm_research/VFH_ws/install/mower_vfh/share/mower_vfh/hook/pythonpath.sh'
[4.313s] Level 1:colcon.colcon_core.environment:checking '/home/q/Algorithm_research/VFH_ws/install/mower_vfh/bin'
[4.313s] Level 1:colcon.colcon_core.environment:create_environment_scripts_only(mower_vfh)
[4.313s] INFO:colcon.colcon_core.shell:Creating package script '/home/q/Algorithm_research/VFH_ws/install/mower_vfh/share/mower_vfh/package.ps1'
[4.314s] INFO:colcon.colcon_core.shell:Creating package descriptor '/home/q/Algorithm_research/VFH_ws/install/mower_vfh/share/mower_vfh/package.dsv'
[4.314s] INFO:colcon.colcon_core.shell:Creating package script '/home/q/Algorithm_research/VFH_ws/install/mower_vfh/share/mower_vfh/package.sh'
[4.314s] INFO:colcon.colcon_core.shell:Creating package script '/home/q/Algorithm_research/VFH_ws/install/mower_vfh/share/mower_vfh/package.bash'
[4.315s] INFO:colcon.colcon_core.shell:Creating package script '/home/q/Algorithm_research/VFH_ws/install/mower_vfh/share/mower_vfh/package.zsh'
[4.315s] Level 1:colcon.colcon_core.environment:create_file_with_runtime_dependencies(/home/q/Algorithm_research/VFH_ws/install/mower_vfh/share/colcon-core/packages/mower_vfh)
[4.316s] Level 1:colcon.colcon_core.environment:checking '/home/q/Algorithm_research/VFH_ws/install/mower_vfh_lidar' for CMake module files
[4.316s] Level 1:colcon.colcon_core.environment:checking '/home/q/Algorithm_research/VFH_ws/install/mower_vfh_lidar' for CMake config files
[4.316s] DEBUG:colcon.colcon_core.event_handler.log_command:Invoked command in '/home/q/Algorithm_research/VFH_ws/src/mower_vfh_lidar' returned '0': AMENT_PREFIX_PATH=/home/q/Algorithm_research/VFH_ws/install/mower_description:${AMENT_PREFIX_PATH} CMAKE_PREFIX_PATH=/home/q/Algorithm_research/VFH_ws/install/mower_description:${CMAKE_PREFIX_PATH} PYTHONPATH=/home/q/Algorithm_research/VFH_ws/build/mower_vfh_lidar/prefix_override:/usr/lib/python3/dist-packages/colcon_core/task/python/colcon_distutils_commands:/home/q/Algorithm_research/VFH_ws/install/mower_vfh_lidar/lib/python3.10/site-packages:${PYTHONPATH} /usr/bin/python3 -W ignore:setup.py install is deprecated -W ignore:easy_install command is deprecated setup.py egg_info --egg-base ../../build/mower_vfh_lidar build --build-base /home/q/Algorithm_research/VFH_ws/build/mower_vfh_lidar/build install --record /home/q/Algorithm_research/VFH_ws/build/mower_vfh_lidar/install.log --single-version-externally-managed install_data
[4.317s] Level 1:colcon.colcon_core.environment:checking '/home/q/Algorithm_research/VFH_ws/install/mower_vfh_lidar/lib'
[4.317s] Level 1:colcon.colcon_core.environment:checking '/home/q/Algorithm_research/VFH_ws/install/mower_vfh_lidar/bin'
[4.317s] Level 1:colcon.colcon_core.environment:checking '/home/q/Algorithm_research/VFH_ws/install/mower_vfh_lidar/lib/pkgconfig/mower_vfh_lidar.pc'
[4.317s] Level 1:colcon.colcon_core.environment:checking '/home/q/Algorithm_research/VFH_ws/install/mower_vfh_lidar/lib/python3.10/site-packages'
[4.317s] Level 1:colcon.colcon_core.shell:create_environment_hook('mower_vfh_lidar', 'pythonpath')
[4.317s] INFO:colcon.colcon_core.shell:Creating environment hook '/home/q/Algorithm_research/VFH_ws/install/mower_vfh_lidar/share/mower_vfh_lidar/hook/pythonpath.ps1'
[4.317s] INFO:colcon.colcon_core.shell:Creating environment descriptor '/home/q/Algorithm_research/VFH_ws/install/mower_vfh_lidar/share/mower_vfh_lidar/hook/pythonpath.dsv'
[4.317s] INFO:colcon.colcon_core.shell:Creating environment hook '/home/q/Algorithm_research/VFH_ws/install/mower_vfh_lidar/share/mower_vfh_lidar/hook/pythonpath.sh'
[4.318s] Level 1:colcon.colcon_core.environment:checking '/home/q/Algorithm_research/VFH_ws/install/mower_vfh_lidar/bin'
[4.318s] Level 1:colcon.colcon_core.environment:create_environment_scripts_only(mower_vfh_lidar)
[4.318s] INFO:colcon.colcon_core.shell:Creating package script '/home/q/Algorithm_research/VFH_ws/install/mower_vfh_lidar/share/mower_vfh_lidar/package.ps1'
[4.319s] INFO:colcon.colcon_core.shell:Creating package descriptor '/home/q/Algorithm_research/VFH_ws/install/mower_vfh_lidar/share/mower_vfh_lidar/package.dsv'
[4.319s] INFO:colcon.colcon_core.shell:Creating package script '/home/q/Algorithm_research/VFH_ws/install/mower_vfh_lidar/share/mower_vfh_lidar/package.sh'
[4.319s] INFO:colcon.colcon_core.shell:Creating package script '/home/q/Algorithm_research/VFH_ws/install/mower_vfh_lidar/share/mower_vfh_lidar/package.bash'
[4.319s] INFO:colcon.colcon_core.shell:Creating package script '/home/q/Algorithm_research/VFH_ws/install/mower_vfh_lidar/share/mower_vfh_lidar/package.zsh'
[4.320s] Level 1:colcon.colcon_core.environment:create_file_with_runtime_dependencies(/home/q/Algorithm_research/VFH_ws/install/mower_vfh_lidar/share/colcon-core/packages/mower_vfh_lidar)
[4.320s] DEBUG:colcon.colcon_parallel_executor.executor.parallel:closing loop
[4.320s] DEBUG:colcon.colcon_parallel_executor.executor.parallel:loop closed
[4.320s] DEBUG:colcon.colcon_parallel_executor.executor.parallel:run_until_complete finished with '0'
[4.320s] DEBUG:colcon.colcon_core.event_reactor:joining thread
[4.326s] INFO:colcon.colcon_core.plugin_system:Skipping extension 'colcon_notification.desktop_notification.terminal_notifier': Not used on non-Darwin systems
[4.326s] INFO:colcon.colcon_core.plugin_system:Skipping extension 'colcon_notification.desktop_notification.win32': Not used on non-Windows systems
[4.326s] INFO:colcon.colcon_notification.desktop_notification:Sending desktop notification using 'notify2'
[4.334s] DEBUG:colcon.colcon_core.event_reactor:joined thread
[4.334s] INFO:colcon.colcon_core.shell:Creating prefix script '/home/q/Algorithm_research/VFH_ws/install/local_setup.ps1'
[4.335s] INFO:colcon.colcon_core.shell:Creating prefix util module '/home/q/Algorithm_research/VFH_ws/install/_local_setup_util_ps1.py'
[4.336s] INFO:colcon.colcon_core.shell:Creating prefix chain script '/home/q/Algorithm_research/VFH_ws/install/setup.ps1'
[4.338s] INFO:colcon.colcon_core.shell:Creating prefix script '/home/q/Algorithm_research/VFH_ws/install/local_setup.sh'
[4.338s] INFO:colcon.colcon_core.shell:Creating prefix util module '/home/q/Algorithm_research/VFH_ws/install/_local_setup_util_sh.py'
[4.339s] INFO:colcon.colcon_core.shell:Creating prefix chain script '/home/q/Algorithm_research/VFH_ws/install/setup.sh'
[4.340s] INFO:colcon.colcon_core.shell:Creating prefix script '/home/q/Algorithm_research/VFH_ws/install/local_setup.bash'
[4.341s] INFO:colcon.colcon_core.shell:Creating prefix chain script '/home/q/Algorithm_research/VFH_ws/install/setup.bash'
[4.342s] INFO:colcon.colcon_core.shell:Creating prefix script '/home/q/Algorithm_research/VFH_ws/install/local_setup.zsh'
[4.342s] INFO:colcon.colcon_core.shell:Creating prefix chain script '/home/q/Algorithm_research/VFH_ws/install/setup.zsh'
