[0.861s] Invoking command in '/home/q/Algorithm_research/VFH_ws/src/mower_vfh': PYTHONPATH=/home/q/Algorithm_research/VFH_ws/build/mower_vfh/prefix_override:/usr/lib/python3/dist-packages/colcon_core/task/python/colcon_distutils_commands:/home/q/Algorithm_research/VFH_ws/install/mower_vfh/lib/python3.10/site-packages:${PYTHONPATH} /usr/bin/python3 -W ignore:setup.py install is deprecated -W ignore:easy_install command is deprecated setup.py egg_info --egg-base ../../build/mower_vfh build --build-base /home/q/Algorithm_research/VFH_ws/build/mower_vfh/build install --record /home/q/Algorithm_research/VFH_ws/build/mower_vfh/install.log --single-version-externally-managed install_data
[1.102s] running egg_info
[1.103s] writing ../../build/mower_vfh/mower_vfh.egg-info/PKG-INFO
[1.103s] writing dependency_links to ../../build/mower_vfh/mower_vfh.egg-info/dependency_links.txt
[1.104s] writing entry points to ../../build/mower_vfh/mower_vfh.egg-info/entry_points.txt
[1.104s] writing requirements to ../../build/mower_vfh/mower_vfh.egg-info/requires.txt
[1.104s] writing top-level names to ../../build/mower_vfh/mower_vfh.egg-info/top_level.txt
[1.106s] reading manifest file '../../build/mower_vfh/mower_vfh.egg-info/SOURCES.txt'
[1.106s] writing manifest file '../../build/mower_vfh/mower_vfh.egg-info/SOURCES.txt'
[1.107s] running build
[1.107s] running build_py
[1.107s] running install
[1.107s] running install_lib
[1.108s] running install_data
[1.108s] running install_egg_info
[1.110s] removing '/home/q/Algorithm_research/VFH_ws/install/mower_vfh/lib/python3.10/site-packages/mower_vfh-0.0.1-py3.10.egg-info' (and everything under it)
[1.110s] Copying ../../build/mower_vfh/mower_vfh.egg-info to /home/q/Algorithm_research/VFH_ws/install/mower_vfh/lib/python3.10/site-packages/mower_vfh-0.0.1-py3.10.egg-info
[1.111s] running install_scripts
[1.129s] Installing depth_vfh_controller script to /home/q/Algorithm_research/VFH_ws/install/mower_vfh/lib/mower_vfh
[1.130s] writing list of installed files to '/home/q/Algorithm_research/VFH_ws/build/mower_vfh/install.log'
[1.156s] Invoked command in '/home/q/Algorithm_research/VFH_ws/src/mower_vfh' returned '0': PYTHONPATH=/home/q/Algorithm_research/VFH_ws/build/mower_vfh/prefix_override:/usr/lib/python3/dist-packages/colcon_core/task/python/colcon_distutils_commands:/home/q/Algorithm_research/VFH_ws/install/mower_vfh/lib/python3.10/site-packages:${PYTHONPATH} /usr/bin/python3 -W ignore:setup.py install is deprecated -W ignore:easy_install command is deprecated setup.py egg_info --egg-base ../../build/mower_vfh build --build-base /home/q/Algorithm_research/VFH_ws/build/mower_vfh/build install --record /home/q/Algorithm_research/VFH_ws/build/mower_vfh/install.log --single-version-externally-managed install_data
